<html>
<body>
<pre>
<h1>µVision Build Log</h1>
<h2>Tool Versions:</h2>
IDE-Version: µVision V5.20.0.0
Copyright (C) 2016 ARM Ltd and ARM Germany GmbH. All rights reserved.
License Information: Microsoft Microsoft, Microsoft, LIC=----
 
Tool Versions:
Toolchain:       MDK-Lite  Version: 5.20
Toolchain Path:  C:\Keil_v5\ARM\ARMCC\Bin
C Compiler:      Armcc.exe V5.06 update 2 (build 183)
Assembler:       Armasm.exe V5.06 update 2 (build 183)
Linker/Locator:  ArmLink.exe V5.06 update 2 (build 183)
Library Manager: ArmAr.exe V5.06 update 2 (build 183)
Hex Converter:   FromElf.exe V5.06 update 2 (build 183)
CPU DLL:         SARMCM3.DLL V5.20
Dialog DLL:      DCM.DLL V1.13.7.0
Target DLL:      UL2CM3.DLL V1.157.18.0
Dialog DLL:      TCM.DLL V1.14.9.0
 
<h2>Project:</h2>
C:\Users\Àäìèíèñòðàòîð\Documents\keil\lab4\lab4.uvprojx
Project File Date:  10/03/2016

<h2>Output:</h2>
*** Using Compiler 'V5.06 update 2 (build 183)', folder: 'C:\Keil_v5\ARM\ARMCC\Bin'
Rebuild target 'Target 1'
compiling LEDInit.c...
compiling SPI.c...
compiling main.c...
compiling misc.c...
compiling stm32f4xx_rcc.c...
compiling stm32f4xx_gpio.c...
compiling stm32f4xx_syscfg.c...
compiling stm32f4xx_exti.c...
compiling stm32f4xx_spi.c...
assembling startup_stm32f407xx.s...
compiling RTX_Conf_CM.c...
compiling system_stm32f4xx.c...
linking...
Program Size: Code=6680 RO-data=512 RW-data=84 ZI-data=4756  
".\Objects\lab4.axf" - 0 Error(s), 0 Warning(s).

<h2>Software Packages used:</h2>

Package Vendor: ARM
                http://www.keil.com/pack/ARM.CMSIS.4.5.0.pack
                ::CMSIS:RTOS:1.0 (API)
                CMSIS (Cortex Microcontroller Software Interface Standard)
   * Component: RTOS Version: 1.0
   * Component: CORE Version: 4.3.0
   * Component: Keil RTX Version: 4.80.0

Package Vendor: Keil
                http://www.keil.com/pack/Keil.STM32F4xx_DFP.2.8.0.pack
                Keil::Device:Startup:2.4.2
                STMicroelectronics STM32F4 Series Device Support, Drivers and Examples
   * Component: Startup Version: 2.4.2

<h2>Collection of Component include folders:</h2>
  C:\Users\Àäìèíèñòðàòîð\Documents\keil\lab4\RTE
  C:\Keil_v5\ARM\PACK\ARM\CMSIS\4.5.0\CMSIS\Include
  C:\Keil_v5\ARM\PACK\ARM\CMSIS\4.5.0\CMSIS\RTOS\RTX\INC
  C:\Keil_v5\ARM\PACK\Keil\STM32F4xx_DFP\2.8.0\Drivers\CMSIS\Device\ST\STM32F4xx\Include

<h2>Collection of Component Files used:</h2>

   * Component: ::CMSIS:RTOS:1.0 (API)

   * Component: ARM::CMSIS:CORE:4.3.0

   * Component: ARM::CMSIS:RTOS:Keil RTX:4.80.0
      Include file:  CMSIS\RTOS\RTX\INC\cmsis_os.h
      Source file:   CMSIS\RTOS\RTX\Templates\RTX_Conf_CM.c
      Include file:  CMSIS\RTOS\RTX\UserCodeTemplates\osObjects.h
      Source file:   CMSIS\RTOS\RTX\UserCodeTemplates\main.c
      Source file:   CMSIS\RTOS\RTX\UserCodeTemplates\MailQueue.c
      Source file:   CMSIS\RTOS\RTX\UserCodeTemplates\MemPool.c
      Source file:   CMSIS\RTOS\RTX\UserCodeTemplates\MsgQueue.c
      Source file:   CMSIS\RTOS\RTX\UserCodeTemplates\Mutex.c
      Source file:   CMSIS\RTOS\RTX\UserCodeTemplates\Semaphore.c
      Source file:   CMSIS\RTOS\RTX\UserCodeTemplates\Thread.c
      Source file:   CMSIS\RTOS\RTX\UserCodeTemplates\Timer.c
      Source file:   CMSIS\RTOS\RTX\SRC\ARM\SVC_Table.s
      Library file:  CMSIS\RTOS\RTX\LIB\ARM\RTX_CM4.lib

   * Component: Keil::Device:Startup:2.4.2
      Source file:   MDK\Device\Source\ARM\STM32F40xxx_41xxx_OPT.s
      Source file:   MDK\Device\Source\ARM\STM32F4xx_OTP.s
      Include file:  Drivers\CMSIS\Device\ST\STM32F4xx\Include\stm32f4xx.h
      Source file:   Drivers\CMSIS\Device\ST\STM32F4xx\Source\Templates\arm\startup_stm32f407xx.s
      Source file:   Drivers\CMSIS\Device\ST\STM32F4xx\Source\Templates\system_stm32f4xx.c
Build Time Elapsed:  00:00:05
</pre>
</body>
</html>
