Component: ARM Compiler 5.06 update 3 (build 300) Tool: armlink [4d35c9]

==============================================================================

Section Cross References

    startup_stm32f40_41xxx.o(STACK) refers (Special) to heapauxi.o(.text) for __use_two_region_memory
    startup_stm32f40_41xxx.o(HEAP) refers (Special) to heapauxi.o(.text) for __use_two_region_memory
    startup_stm32f40_41xxx.o(RESET) refers (Special) to heapauxi.o(.text) for __use_two_region_memory
    startup_stm32f40_41xxx.o(RESET) refers to startup_stm32f40_41xxx.o(STACK) for __initial_sp
    startup_stm32f40_41xxx.o(RESET) refers to startup_stm32f40_41xxx.o(.text) for Reset_Handler
    startup_stm32f40_41xxx.o(RESET) refers to hal_cm4.o(.emb_text) for SVC_Handler
    startup_stm32f40_41xxx.o(RESET) refers to main.o(.text) for EXTI0_IRQHandler
    startup_stm32f40_41xxx.o(.text) refers (Special) to heapauxi.o(.text) for __use_two_region_memory
    startup_stm32f40_41xxx.o(.text) refers to system_stm32f4xx_1.o(.text) for SystemInit
    startup_stm32f40_41xxx.o(.text) refers to __main.o(!!!main) for __main
    startup_stm32f40_41xxx.o(.text) refers to startup_stm32f40_41xxx.o(HEAP) for Heap_Mem
    startup_stm32f40_41xxx.o(.text) refers to startup_stm32f40_41xxx.o(STACK) for Stack_Mem
    system_stm32f4xx_1.o(.text) refers to system_stm32f4xx_1.o(.data) for SystemCoreClock
    main.o(.text) refers to stm32f4xx_rcc.o(.text) for RCC_AHB1PeriphClockCmd
    main.o(.text) refers to stm32f4xx_gpio.o(.text) for GPIO_Init
    main.o(.text) refers to stm32f4xx_syscfg.o(.text) for SYSCFG_EXTILineConfig
    main.o(.text) refers to stm32f4xx_exti.o(.text) for EXTI_Init
    main.o(.text) refers to misc.o(.text) for NVIC_PriorityGroupConfig
    main.o(.text) refers to rt_cmsis.o(i.osDelay) for osDelay
    main.o(.text) refers to main.o(.data) for GPIO_InitStructure
    stm32f4xx_gpio.o(.text) refers to stm32f4xx_rcc.o(.text) for RCC_AHB1PeriphResetCmd
    stm32f4xx_pwr.o(.text) refers to stm32f4xx_rcc.o(.text) for RCC_APB1PeriphResetCmd
    stm32f4xx_rcc.o(.text) refers to stm32f4xx_rcc.o(.data) for APBAHBPrescTable
    stm32f4xx_syscfg.o(.text) refers to stm32f4xx_rcc.o(.text) for RCC_APB2PeriphResetCmd
    stm32f4xx_tim.o(.text) refers to stm32f4xx_rcc.o(.text) for RCC_APB2PeriphResetCmd
    stm32f4xx_spi.o(.text) refers to stm32f4xx_rcc.o(.text) for RCC_APB2PeriphResetCmd
    rtx_conf_cm.o(.emb_text) refers to rt_cmsis.o(i.osKernelInitialize) for osKernelInitialize
    rtx_conf_cm.o(.emb_text) refers to rt_cmsis.o(i.osThreadCreate) for osThreadCreate
    rtx_conf_cm.o(.emb_text) refers to rt_cmsis.o(i.osKernelStart) for osKernelStart
    rtx_conf_cm.o(.emb_text) refers to exit.o(.text) for exit
    rtx_conf_cm.o(.emb_text) refers to rtx_conf_cm.o(.constdata) for os_thread_def_main
    rtx_conf_cm.o(.text) refers to rt_task.o(i.rt_tsk_self) for rt_tsk_self
    rtx_conf_cm.o(.text) refers to rt_mutex.o(i.rt_mut_init) for rt_mut_init
    rtx_conf_cm.o(.text) refers to rt_cmsis.o(.data) for os_running
    rtx_conf_cm.o(.text) refers to rtx_conf_cm.o(.bss) for .bss
    rtx_conf_cm.o(.text) refers to libspace.o(.bss) for __libspace_start
    rtx_conf_cm.o(.text) refers to rtx_conf_cm.o(.data) for .data
    rtx_conf_cm.o(.text) refers to rt_mutex.o(i.rt_mut_wait) for rt_mut_wait
    rtx_conf_cm.o(.text) refers to rt_mutex.o(i.rt_mut_release) for rt_mut_release
    rtx_conf_cm.o(.constdata) refers to rt_cmsis.o(i.osTimerThread) for osTimerThread
    rtx_conf_cm.o(.constdata) refers to rtx_conf_cm.o(.bss) for os_messageQ_q_osTimerMessageQ
    rtx_conf_cm.o(.constdata) refers to main.o(.text) for main
    rt_cmsis.o(i.isrMessageGet) refers to rt_mailbox.o(i.isr_mbx_receive) for isr_mbx_receive
    rt_cmsis.o(i.isrMessagePut) refers to rt_mailbox.o(i.rt_mbx_check) for rt_mbx_check
    rt_cmsis.o(i.isrMessagePut) refers to rt_mailbox.o(i.isr_mbx_send) for isr_mbx_send
    rt_cmsis.o(i.isrSemaphoreRelease) refers to rt_cmsis.o(i.rt_id2obj) for rt_id2obj
    rt_cmsis.o(i.isrSemaphoreRelease) refers to rt_semaphore.o(i.isr_sem_send) for isr_sem_send
    rt_cmsis.o(i.isrSignalSet) refers to rt_cmsis.o(i.rt_tid2ptcb) for rt_tid2ptcb
    rt_cmsis.o(i.isrSignalSet) refers to rt_event.o(i.isr_evt_set) for isr_evt_set
    rt_cmsis.o(i.osDelay) refers to rt_cmsis.o(i.svcDelay) for svcDelay
    rt_cmsis.o(i.osKernelInitialize) refers to rt_cmsis.o(i.svcKernelInitialize) for svcKernelInitialize
    rt_cmsis.o(i.osKernelRunning) refers to rt_cmsis.o(i.svcKernelRunning) for svcKernelRunning
    rt_cmsis.o(i.osKernelRunning) refers to rt_cmsis.o(.data) for .data
    rt_cmsis.o(i.osKernelStart) refers to rtx_conf_cm.o(.constdata) for os_flags
    rt_cmsis.o(i.osKernelStart) refers to rt_cmsis.o(i.svcKernelStart) for svcKernelStart
    rt_cmsis.o(i.osKernelSysTick) refers to rt_cmsis.o(i.svcKernelSysTick) for svcKernelSysTick
    rt_cmsis.o(i.osMailAlloc) refers to rt_cmsis.o(i.sysMailAlloc) for sysMailAlloc
[...]
    ../clib/angel/boardlib.s                 0x00000000   Number         0  boardinit1.o ABSOLUTE
    ../clib/angel/handlers.s                 0x00000000   Number         0  __scatter_copy.o ABSOLUTE
    ../clib/angel/handlers.s                 0x00000000   Number         0  __scatter_zi.o ABSOLUTE
    ../clib/angel/kernel.s                   0x00000000   Number         0  __rtentry4.o ABSOLUTE
    ../clib/angel/kernel.s                   0x00000000   Number         0  rtexit2.o ABSOLUTE
    ../clib/angel/kernel.s                   0x00000000   Number         0  __rtentry2.o ABSOLUTE
    ../clib/angel/kernel.s                   0x00000000   Number         0  rtexit.o ABSOLUTE
    ../clib/angel/kernel.s                   0x00000000   Number         0  __rtentry.o ABSOLUTE
    ../clib/angel/rt.s                       0x00000000   Number         0  rt_div0.o ABSOLUTE
    ../clib/angel/rt.s                       0x00000000   Number         0  rt_raise.o ABSOLUTE
    ../clib/angel/rt.s                       0x00000000   Number         0  aeabi_ldiv0_sigfpe.o ABSOLUTE
    ../clib/angel/rt.s                       0x00000000   Number         0  aeabi_ldiv0.o ABSOLUTE
    ../clib/angel/scatter.s                  0x00000000   Number         0  __scatter.o ABSOLUTE
    ../clib/angel/startup.s                  0x00000000   Number         0  __main.o ABSOLUTE
    ../clib/angel/sys.s                      0x00000000   Number         0  indicate_semi.o ABSOLUTE
    ../clib/angel/sys.s                      0x00000000   Number         0  use_no_semi.o ABSOLUTE
    ../clib/angel/sys.s                      0x00000000   Number         0  sys_stackheap_outer.o ABSOLUTE
    ../clib/angel/sys.s                      0x00000000   Number         0  libspace.o ABSOLUTE
    ../clib/angel/sysapp.c                   0x00000000   Number         0  sys_exit.o ABSOLUTE
    ../clib/angel/sysapp.c                   0x00000000   Number         0  sys_command.o ABSOLUTE
    ../clib/angel/sysapp.c                   0x00000000   Number         0  sys_wrch.o ABSOLUTE
    ../clib/armsys.c                         0x00000000   Number         0  _get_argv_nomalloc.o ABSOLUTE
    ../clib/armsys.c                         0x00000000   Number         0  argv_veneer.o ABSOLUTE
    ../clib/armsys.c                         0x00000000   Number         0  argv_veneer.o ABSOLUTE
    ../clib/armsys.c                         0x00000000   Number         0  no_argv.o ABSOLUTE
    ../clib/heapalloc.c                      0x00000000   Number         0  hrguard.o ABSOLUTE
    ../clib/heapaux.c                        0x00000000   Number         0  heapauxi.o ABSOLUTE
    ../clib/libinit.s                        0x00000000   Number         0  libshutdown2.o ABSOLUTE
    ../clib/libinit.s                        0x00000000   Number         0  libshutdown.o ABSOLUTE
    ../clib/libinit.s                        0x00000000   Number         0  libinit.o ABSOLUTE
    ../clib/libinit.s                        0x00000000   Number         0  libinit2.o ABSOLUTE
    ../clib/longlong.s                       0x00000000   Number         0  lludivv7m.o ABSOLUTE
    ../clib/signal.c                         0x00000000   Number         0  defsig_segv_inner.o ABSOLUTE
    ../clib/signal.c                         0x00000000   Number         0  defsig_fpe_outer.o ABSOLUTE
    ../clib/signal.c                         0x00000000   Number         0  defsig_abrt_inner.o ABSOLUTE
    ../clib/signal.c                         0x00000000   Number         0  defsig_other.o ABSOLUTE
    ../clib/signal.c                         0x00000000   Number         0  defsig_rtred_inner.o ABSOLUTE
    ../clib/signal.c                         0x00000000   Number         0  defsig_rtmem_inner.o ABSOLUTE
    ../clib/signal.c                         0x00000000   Number         0  defsig_general.o ABSOLUTE
    ../clib/signal.c                         0x00000000   Number         0  defsig_rtmem_outer.o ABSOLUTE
    ../clib/signal.c                         0x00000000   Number         0  defsig_rtmem_formal.o ABSOLUTE
    ../clib/signal.c                         0x00000000   Number         0  defsig_stak_inner.o ABSOLUTE
    ../clib/signal.c                         0x00000000   Number         0  defsig_pvfn_inner.o ABSOLUTE
    ../clib/signal.c                         0x00000000   Number         0  __raise.o ABSOLUTE
    ../clib/signal.c                         0x00000000   Number         0  defsig_cppl_inner.o ABSOLUTE
    ../clib/signal.c                         0x00000000   Number         0  defsig_fpe_formal.o ABSOLUTE
    ../clib/signal.c                         0x00000000   Number         0  defsig_fpe_inner.o ABSOLUTE
    ../clib/signal.c                         0x00000000   Number         0  defsig_exit.o ABSOLUTE
    ../clib/signal.s                         0x00000000   Number         0  defsig.o ABSOLUTE
    ../clib/stdlib.c                         0x00000000   Number         0  exit.o ABSOLUTE
    ../fplib/fpinit.s                        0x00000000   Number         0  fpinit.o ABSOLUTE
    ..\HAL_CM.c                              0x00000000   Number         0  hal_cm.o ABSOLUTE
    ..\\rt_CMSIS.c                           0x00000000   Number         0  rt_cmsis.o ABSOLUTE
    ..\\rt_System.c                          0x00000000   Number         0  rt_system.o ABSOLUTE
    ..\rt_CMSIS.c                            0x00000000   Number         0  rt_cmsis.o ABSOLUTE
    ..\rt_Event.c                            0x00000000   Number         0  rt_event.o ABSOLUTE
    ..\rt_List.c                             0x00000000   Number         0  rt_list.o ABSOLUTE
    ..\rt_Mailbox.c                          0x00000000   Number         0  rt_mailbox.o ABSOLUTE
    ..\rt_MemBox.c                           0x00000000   Number         0  rt_membox.o ABSOLUTE
    ..\rt_Memory.c                           0x00000000   Number         0  rt_memory.o ABSOLUTE
    ..\rt_Mutex.c                            0x00000000   Number         0  rt_mutex.o ABSOLUTE
    ..\rt_Robin.c                            0x00000000   Number         0  rt_robin.o ABSOLUTE
    ..\rt_Semaphore.c                        0x00000000   Number         0  rt_semaphore.o ABSOLUTE
    ..\rt_System.c                           0x00000000   Number         0  rt_system.o ABSOLUTE
    ..\rt_Task.c                             0x00000000   Number         0  rt_task.o ABSOLUTE
    ..\rt_Time.c                             0x00000000   Number         0  rt_time.o ABSOLUTE
    CMSIS\Device\ST\STM32F4xx\Source\Templates\system_stm32f4xx.c 0x00000000   Number         0  system_stm32f4xx_1.o ABSOLUTE
    CMSIS\\Device\\ST\\STM32F4xx\\Source\\Templates\\system_stm32f4xx.c 0x00000000   Number         0  system_stm32f4xx_1.o ABSOLUTE
    HAL_CM4.c                                0x00000000   Number         0  hal_cm4.o ABSOLUTE
    HAL_CM4.c                                0x00000000   Number         0  hal_cm4.o ABSOLUTE
    RTE\CMSIS\RTX_Conf_CM.c                  0x00000000   Number         0  rtx_conf_cm.o ABSOLUTE
    RTE\\CMSIS\\RTX_Conf_CM.c                0x00000000   Number         0  rtx_conf_cm.o ABSOLUTE
    STM32F4xx_StdPeriph_Driver\\src\\misc.c  0x00000000   Number         0  misc.o ABSOLUTE
    STM32F4xx_StdPeriph_Driver\\src\\stm32f4xx_exti.c 0x00000000   Number         0  stm32f4xx_exti.o ABSOLUTE
    STM32F4xx_StdPeriph_Driver\\src\\stm32f4xx_gpio.c 0x00000000   Number         0  stm32f4xx_gpio.o ABSOLUTE
    STM32F4xx_StdPeriph_Driver\\src\\stm32f4xx_pwr.c 0x00000000   Number         0  stm32f4xx_pwr.o ABSOLUTE
    STM32F4xx_StdPeriph_Driver\\src\\stm32f4xx_rcc.c 0x00000000   Number         0  stm32f4xx_rcc.o ABSOLUTE
    STM32F4xx_StdPeriph_Driver\\src\\stm32f4xx_spi.c 0x00000000   Number         0  stm32f4xx_spi.o ABSOLUTE
    STM32F4xx_StdPeriph_Driver\\src\\stm32f4xx_syscfg.c 0x00000000   Number         0  stm32f4xx_syscfg.o ABSOLUTE
    STM32F4xx_StdPeriph_Driver\\src\\stm32f4xx_tim.c 0x00000000   Number         0  stm32f4xx_tim.o ABSOLUTE
    STM32F4xx_StdPeriph_Driver\src\misc.c    0x00000000   Number         0  misc.o ABSOLUTE
    STM32F4xx_StdPeriph_Driver\src\stm32f4xx_exti.c 0x00000000   Number         0  stm32f4xx_exti.o ABSOLUTE
    STM32F4xx_StdPeriph_Driver\src\stm32f4xx_gpio.c 0x00000000   Number         0  stm32f4xx_gpio.o ABSOLUTE
    STM32F4xx_StdPeriph_Driver\src\stm32f4xx_pwr.c 0x00000000   Number         0  stm32f4xx_pwr.o ABSOLUTE
    STM32F4xx_StdPeriph_Driver\src\stm32f4xx_rcc.c 0x00000000   Number         0  stm32f4xx_rcc.o ABSOLUTE
    STM32F4xx_StdPeriph_Driver\src\stm32f4xx_spi.c 0x00000000   Number         0  stm32f4xx_spi.o ABSOLUTE
    STM32F4xx_StdPeriph_Driver\src\stm32f4xx_syscfg.c 0x00000000   Number         0  stm32f4xx_syscfg.o ABSOLUTE
    STM32F4xx_StdPeriph_Driver\src\stm32f4xx_tim.c 0x00000000   Number         0  stm32f4xx_tim.o ABSOLUTE
    SVC_Table.s                              0x00000000   Number         0  svc_table.o ABSOLUTE
    User\\main.c                             0x00000000   Number         0  main.o ABSOLUTE
    User\main.c                              0x00000000   Number         0  main.o ABSOLUTE
    dc.s                                     0x00000000   Number         0  dc.o ABSOLUTE
    startup_stm32f40_41xxx.s                 0x00000000   Number         0  startup_stm32f40_41xxx.o ABSOLUTE
    RESET                                    0x08000000   Section      392  startup_stm32f40_41xxx.o(RESET)
    !!!main                                  0x08000188   Section        8  __main.o(!!!main)
    !!!scatter                               0x08000190   Section       52  __scatter.o(!!!scatter)
    !!handler_copy                           0x080001c4   Section       26  __scatter_copy.o(!!handler_copy)
    !!handler_zi                             0x080001e0   Section       28  __scatter_zi.o(!!handler_zi)
    .ARM.Collect$$libinit$$00000000          0x080001fc   Section        2  libinit.o(.ARM.Collect$$libinit$$00000000)
    .ARM.Collect$$libinit$$00000001          0x080001fe   Section        4  libinit2.o(.ARM.Collect$$libinit$$00000001)
    .ARM.Collect$$libinit$$00000004          0x08000202   Section        0  libinit2.o(.ARM.Collect$$libinit$$00000004)
    .ARM.Collect$$libinit$$0000000A          0x08000202   Section        0  libinit2.o(.ARM.Collect$$libinit$$0000000A)
    .ARM.Collect$$libinit$$0000000C          0x08000202   Section        0  libinit2.o(.ARM.Collect$$libinit$$0000000C)
    .ARM.Collect$$libinit$$0000000E          0x08000202   Section        0  libinit2.o(.ARM.Collect$$libinit$$0000000E)
    .ARM.Collect$$libinit$$00000011          0x08000202   Section        0  libinit2.o(.ARM.Collect$$libinit$$00000011)
    .ARM.Collect$$libinit$$00000013          0x08000202   Section        0  libinit2.o(.ARM.Collect$$libinit$$00000013)
    .ARM.Collect$$libinit$$00000015          0x08000202   Section        0  libinit2.o(.ARM.Collect$$libinit$$00000015)
    .ARM.Collect$$libinit$$00000017          0x08000202   Section        0  libinit2.o(.ARM.Collect$$libinit$$00000017)
    .ARM.Collect$$libinit$$00000019          0x08000202   Section        0  libinit2.o(.ARM.Collect$$libinit$$00000019)
    .ARM.Collect$$libinit$$0000001B          0x08000202   Section        0  libinit2.o(.ARM.Collect$$libinit$$0000001B)
    .ARM.Collect$$libinit$$0000001D          0x08000202   Section        0  libinit2.o(.ARM.Collect$$libinit$$0000001D)
    .ARM.Collect$$libinit$$0000001F          0x08000202   Section        0  libinit2.o(.ARM.Collect$$libinit$$0000001F)
    .ARM.Collect$$libinit$$00000021          0x08000202   Section        0  libinit2.o(.ARM.Collect$$libinit$$00000021)
    .ARM.Collect$$libinit$$00000023          0x08000202   Section        0  libinit2.o(.ARM.Collect$$libinit$$00000023)
    .ARM.Collect$$libinit$$00000025          0x08000202   Section        0  libinit2.o(.ARM.Collect$$libinit$$00000025)
    .ARM.Collect$$libinit$$0000002C          0x08000202   Section        0  libinit2.o(.ARM.Collect$$libinit$$0000002C)
    .ARM.Collect$$libinit$$0000002E          0x08000202   Section        0  libinit2.o(.ARM.Collect$$libinit$$0000002E)
    .ARM.Collect$$libinit$$00000030          0x08000202   Section        0  libinit2.o(.ARM.Collect$$libinit$$00000030)
    .ARM.Collect$$libinit$$00000032          0x08000202   Section        0  libinit2.o(.ARM.Collect$$libinit$$00000032)
    .ARM.Collect$$libinit$$00000033          0x08000202   Section        2  libinit2.o(.ARM.Collect$$libinit$$00000033)
    .ARM.Collect$$libshutdown$$00000000      0x08000204   Section        2  libshutdown.o(.ARM.Collect$$libshutdown$$00000000)
    .ARM.Collect$$libshutdown$$00000002      0x08000206   Section        0  libshutdown2.o(.ARM.Collect$$libshutdown$$00000002)
    .ARM.Collect$$libshutdown$$00000004      0x08000206   Section        0  libshutdown2.o(.ARM.Collect$$libshutdown$$00000004)
    .ARM.Collect$$libshutdown$$00000007      0x08000206   Section        0  libshutdown2.o(.ARM.Collect$$libshutdown$$00000007)
    .ARM.Collect$$libshutdown$$0000000A      0x08000206   Section        0  libshutdown2.o(.ARM.Collect$$libshutdown$$0000000A)
    .ARM.Collect$$libshutdown$$0000000C      0x08000206   Section        0  libshutdown2.o(.ARM.Collect$$libshutdown$$0000000C)
    .ARM.Collect$$libshutdown$$0000000F      0x08000206   Section        0  libshutdown2.o(.ARM.Collect$$libshutdown$$0000000F)
    .ARM.Collect$$libshutdown$$00000010      0x08000206   Section        2  libshutdown2.o(.ARM.Collect$$libshutdown$$00000010)
    .ARM.Collect$$rtentry$$00000000          0x08000208   Section        0  __rtentry.o(.ARM.Collect$$rtentry$$00000000)
    .ARM.Collect$$rtentry$$00000002          0x08000208   Section        0  __rtentry2.o(.ARM.Collect$$rtentry$$00000002)
    .ARM.Collect$$rtentry$$00000004          0x08000208   Section        6  __rtentry4.o(.ARM.Collect$$rtentry$$00000004)
    .ARM.Collect$$rtentry$$00000009          0x0800020e   Section        0  __rtentry2.o(.ARM.Collect$$rtentry$$00000009)
    .ARM.Collect$$rtentry$$0000000A          0x0800020e   Section        4  __rtentry2.o(.ARM.Collect$$rtentry$$0000000A)
    .ARM.Collect$$rtentry$$0000000B          0x08000212   Section        8  __rtentry2.o(.ARM.Collect$$rtentry$$0000000B)
    .ARM.Collect$$rtentry$$0000000D          0x0800021a   Section        8  __rtentry2.o(.ARM.Collect$$rtentry$$0000000D)
    .ARM.Collect$$rtexit$$00000000           0x08000222   Section        2  rtexit.o(.ARM.Collect$$rtexit$$00000000)
    .ARM.Collect$$rtexit$$00000002           0x08000224   Section        0  rtexit2.o(.ARM.Collect$$rtexit$$00000002)
    .ARM.Collect$$rtexit$$00000003           0x08000224   Section        4  rtexit2.o(.ARM.Collect$$rtexit$$00000003)
    .ARM.Collect$$rtexit$$00000004           0x08000228   Section        6  rtexit2.o(.ARM.Collect$$rtexit$$00000004)
    .emb_text                                0x08000230   Section       28  rtx_conf_cm.o(.emb_text)
    $v0                                      0x08000230   Number         0  rtx_conf_cm.o(.emb_text)
    .emb_text                                0x0800024c   Section      408  hal_cm4.o(.emb_text)
    $v0                                      0x0800024c   Number         0  hal_cm4.o(.emb_text)
    .text                                    0x080003e4   Section       64  startup_stm32f40_41xxx.o(.text)
    $v0                                      0x080003e4   Number         0  startup_stm32f40_41xxx.o(.text)
    .text                                    0x08000424   Section        0  system_stm32f4xx_1.o(.text)
    SetSysClock                              0x08000425   Thumb Code   220  system_stm32f4xx_1.o(.text)
    .text                                    0x08000634   Section        0  main.o(.text)
    .text                                    0x08000768   Section        0  misc.o(.text)
    .text                                    0x08000848   Section        0  stm32f4xx_exti.o(.text)
    .text                                    0x08000958   Section        0  stm32f4xx_gpio.o(.text)
    .text                                    0x08000bec   Section        0  stm32f4xx_rcc.o(.text)
    .text                                    0x08001220   Section        0  stm32f4xx_syscfg.o(.text)
    .text                                    0x080012b4   Section        0  rtx_conf_cm.o(.text)
    __tagsym$$used                           0x0800131d   Number         0  rtx_conf_cm.o(.text)
    __tagsym$$used                           0x08001333   Number         0  rtx_conf_cm.o(.text)
    .text                                    0x08001360   Section        8  libspace.o(.text)
    .text                                    0x08001368   Section        0  exit.o(.text)
    .text                                    0x0800137a   Section        0  heapauxi.o(.text)
    .text                                    0x08001380   Section        0  sys_exit.o(.text)
    .text                                    0x0800138c   Section       74  sys_stackheap_outer.o(.text)
    .text                                    0x080013d6   Section        2  use_no_semi.o(.text)
    .text                                    0x080013d8   Section        0  indicate_semi.o(.text)
    SVC_TABLE                                0x080013d8   Section        4  svc_table.o(SVC_TABLE)
    i._init_box                              0x080013dc   Section        0  rt_membox.o(i._init_box)
    i.dbg_init                               0x08001424   Section        0  hal_cm.o(i.dbg_init)
    i.dbg_task_notify                        0x08001454   Section        0  hal_cm.o(i.dbg_task_notify)
    i.dbg_task_switch                        0x08001474   Section        0  hal_cm.o(i.dbg_task_switch)
    i.isrMessageGet                          0x08001484   Section        0  rt_cmsis.o(i.isrMessageGet)
    i.isrMessagePut                          0x080014ae   Section        0  rt_cmsis.o(i.isrMessagePut)
    i.isr_mbx_receive                        0x080014dc   Section        0  rt_mailbox.o(i.isr_mbx_receive)
    i.isr_mbx_send                           0x08001532   Section        0  rt_mailbox.o(i.isr_mbx_send)
    i.osDelay                                0x08001540   Section        0  rt_cmsis.o(i.osDelay)
    i.osKernelInitialize                     0x08001558   Section        0  rt_cmsis.o(i.osKernelInitialize)
    i.osKernelStart                          0x0800157c   Section        0  rt_cmsis.o(i.osKernelStart)
    i.osMessageGet                           0x080015e8   Section        0  rt_cmsis.o(i.osMessageGet)
    i.osThreadCreate                         0x08001600   Section        0  rt_cmsis.o(i.osThreadCreate)
    i.osThreadExit                           0x08001630   Section        0  rt_cmsis.o(i.osThreadExit)
    i.osTimerCall                            0x08001648   Section        0  rt_cmsis.o(i.osTimerCall)
    i.osTimerThread                          0x08001654   Section        0  rt_cmsis.o(i.osTimerThread)
    i.os_tick_init                           0x08001680   Section        0  rt_system.o(i.os_tick_init)
    i.os_tick_irqack                         0x080016a8   Section        0  rt_system.o(i.os_tick_irqack)
    i.rt_alloc_box                           0x080016aa   Section        0  rt_membox.o(i.rt_alloc_box)
    i.rt_alloc_mem                           0x080016c4   Section        0  rt_memory.o(i.rt_alloc_mem)
    i.rt_block                               0x08001704   Section        0  rt_task.o(i.rt_block)
    i.rt_chk_robin                           0x0800173c   Section        0  rt_robin.o(i.rt_chk_robin)
    i.rt_dec_dly                             0x08001784   Section        0  rt_list.o(i.rt_dec_dly)
    i.rt_dispatch                            0x080017f4   Section        0  rt_task.o(i.rt_dispatch)
    i.rt_dly_wait                            0x08001838   Section        0  rt_time.o(i.rt_dly_wait)
    i.rt_evt_psh                             0x08001840   Section        0  rt_event.o(i.rt_evt_psh)
    i.rt_free_box                            0x08001890   Section        0  rt_membox.o(i.rt_free_box)
    i.rt_free_mem                            0x080018bc   Section        0  rt_memory.o(i.rt_free_mem)
    i.rt_get_first                           0x080018e4   Section        0  rt_list.o(i.rt_get_first)
    i.rt_id2obj                              0x0800190c   Section        0  rt_cmsis.o(i.rt_id2obj)
    rt_id2obj                                0x0800190d   Thumb Code     8  rt_cmsis.o(i.rt_id2obj)
    i.rt_init_context                        0x08001914   Section        0  rt_task.o(i.rt_init_context)
    rt_init_context                          0x08001915   Thumb Code    66  rt_task.o(i.rt_init_context)
    i.rt_init_mem                            0x0800195c   Section        0  rt_memory.o(i.rt_init_mem)
    i.rt_init_robin                          0x08001978   Section        0  rt_robin.o(i.rt_init_robin)
    i.rt_init_stack                          0x08001990   Section        0  hal_cm.o(i.rt_init_stack)
    i.rt_mbx_check                           0x08001a10   Section        0  rt_mailbox.o(i.rt_mbx_check)
    i.rt_mbx_init                            0x08001a18   Section        0  rt_mailbox.o(i.rt_mbx_init)
    i.rt_mbx_psh                             0x08001a34   Section        0  rt_mailbox.o(i.rt_mbx_psh)
    i.rt_mbx_wait                            0x08001b24   Section        0  rt_mailbox.o(i.rt_mbx_wait)
    i.rt_ms2tick                             0x08001bd8   Section        0  rt_cmsis.o(i.rt_ms2tick)
    rt_ms2tick                               0x08001bd9   Thumb Code    58  rt_cmsis.o(i.rt_ms2tick)
    i.rt_mut_init                            0x08001c1c   Section        0  rt_mutex.o(i.rt_mut_init)
    i.rt_mut_release                         0x08001c2c   Section        0  rt_mutex.o(i.rt_mut_release)
    i.rt_mut_wait                            0x08001d04   Section        0  rt_mutex.o(i.rt_mut_wait)
    i.rt_pop_req                             0x08001d6c   Section        0  rt_system.o(i.rt_pop_req)
    i.rt_psh_req                             0x08001de8   Section        0  rt_system.o(i.rt_psh_req)
    i.rt_psq_enq                             0x08001e08   Section        0  rt_list.o(i.rt_psq_enq)
    i.rt_put_dly                             0x08001e64   Section        0  rt_list.o(i.rt_put_dly)
    i.rt_put_prio                            0x08001eac   Section        0  rt_list.o(i.rt_put_prio)
    i.rt_put_rdy_first                       0x08001ee4   Section        0  rt_list.o(i.rt_put_rdy_first)
    i.rt_resort_prio                         0x08001ef8   Section        0  rt_list.o(i.rt_resort_prio)
    i.rt_ret_regs                            0x08001f2c   Section        0  hal_cm.o(i.rt_ret_regs)
    rt_ret_regs                              0x08001f2d   Thumb Code    16  hal_cm.o(i.rt_ret_regs)
    i.rt_ret_val                             0x08001f3c   Section        0  hal_cm.o(i.rt_ret_val)
    i.rt_ret_val2                            0x08001f48   Section        0  hal_cm.o(i.rt_ret_val2)
    i.rt_rmv_dly                             0x08001f58   Section        0  rt_list.o(i.rt_rmv_dly)
    i.rt_rmv_list                            0x08001f80   Section        0  rt_list.o(i.rt_rmv_list)
    i.rt_sem_psh                             0x08001fb0   Section        0  rt_semaphore.o(i.rt_sem_psh)
    i.rt_stk_check                           0x08001fe4   Section        0  rt_system.o(i.rt_stk_check)
    i.rt_switch_req                          0x08002008   Section        0  rt_task.o(i.rt_switch_req)
    i.rt_sys_init                            0x08002030   Section        0  rt_task.o(i.rt_sys_init)
    i.rt_sys_start                           0x080020fc   Section        0  rt_task.o(i.rt_sys_start)
    i.rt_systick                             0x08002174   Section        0  rt_system.o(i.rt_systick)
    i.rt_tid2ptcb                            0x080021b4   Section        0  rt_cmsis.o(i.rt_tid2ptcb)
    rt_tid2ptcb                              0x080021b5   Thumb Code    18  rt_cmsis.o(i.rt_tid2ptcb)
    i.rt_timer_insert                        0x080021c8   Section        0  rt_cmsis.o(i.rt_timer_insert)
    rt_timer_insert                          0x080021c9   Thumb Code    48  rt_cmsis.o(i.rt_timer_insert)
    i.rt_tsk_create                          0x080021fc   Section        0  rt_task.o(i.rt_tsk_create)
    i.rt_tsk_delete                          0x08002284   Section        0  rt_task.o(i.rt_tsk_delete)
    i.rt_tsk_prio                            0x08002400   Section        0  rt_task.o(i.rt_tsk_prio)
    i.rt_tsk_self                            0x0800247c   Section        0  rt_task.o(i.rt_tsk_self)
    i.svcDelay                               0x0800248c   Section        0  rt_cmsis.o(i.svcDelay)
    i.svcKernelInitialize                    0x080024a0   Section        0  rt_cmsis.o(i.svcKernelInitialize)
    i.svcKernelStart                         0x08002510   Section        0  rt_cmsis.o(i.svcKernelStart)
    i.svcMessageCreate                       0x08002558   Section        0  rt_cmsis.o(i.svcMessageCreate)
    i.svcMessageGet                          0x0800257c   Section        0  rt_cmsis.o(i.svcMessageGet)
    i.svcThreadCreate                        0x080025b8   Section        0  rt_cmsis.o(i.svcThreadCreate)
    i.svcThreadGetId                         0x08002628   Section        0  rt_cmsis.o(i.svcThreadGetId)
    i.svcThreadTerminate                     0x08002644   Section        0  rt_cmsis.o(i.svcThreadTerminate)
    i.svcTimerCall                           0x0800267c   Section        0  rt_cmsis.o(i.svcTimerCall)
    i.sysTimerTick                           0x08002694   Section        0  rt_cmsis.o(i.sysTimerTick)
    x$fpl$fpinit                             0x080026f0   Section       10  fpinit.o(x$fpl$fpinit)
    $v0                                      0x080026f0   Number         0  fpinit.o(x$fpl$fpinit)
    .constdata                               0x080026fc   Section      104  rtx_conf_cm.o(.constdata)
    __tagsym$$used                           0x08002718   Number         0  rtx_conf_cm.o(.constdata)
    __tagsym$$used                           0x0800271c   Number         0  rtx_conf_cm.o(.constdata)
    __tagsym$$used                           0x08002720   Number         0  rtx_conf_cm.o(.constdata)
    __tagsym$$used                           0x08002724   Number         0  rtx_conf_cm.o(.constdata)
    .data                                    0x20000000   Section       20  system_stm32f4xx_1.o(.data)
    .data                                    0x20000014   Section       24  main.o(.data)
    .data                                    0x2000002c   Section       16  stm32f4xx_rcc.o(.data)
    APBAHBPrescTable                         0x2000002c   Data          16  stm32f4xx_rcc.o(.data)
    .data                                    0x2000003c   Section       20  rtx_conf_cm.o(.data)
    nr_mutex                                 0x2000004c   Data           4  rtx_conf_cm.o(.data)
    .data                                    0x20000050   Section        8  rt_cmsis.o(.data)
    .data                                    0x20000058   Section        8  rt_task.o(.data)
    .data                                    0x20000060   Section        8  rt_system.o(.data)
    os_lock                                  0x20000060   Data           1  rt_system.o(.data)
    os_psh_flag                              0x20000061   Data           1  rt_system.o(.data)
    pend_flags                               0x20000062   Data           1  rt_system.o(.data)
    .data                                    0x20000068   Section        4  rt_time.o(.data)
    .data                                    0x2000006c   Section        8  rt_robin.o(.data)
    .data                                    0x20000074   Section        1  hal_cm.o(.data)
    .bss                                     0x20000078   Section     3016  rtx_conf_cm.o(.bss)
    std_libspace                             0x20000920   Data         672  rtx_conf_cm.o(.bss)
    std_libmutex                             0x20000bc0   Data         128  rtx_conf_cm.o(.bss)
    .bss                                     0x20000c40   Section       52  rt_task.o(.bss)
    .bss                                     0x20000c74   Section       48  rt_list.o(.bss)
    .bss                                     0x20000ca4   Section       96  libspace.o(.bss)
    HEAP                                     0x20000d08   Section      512  startup_stm32f40_41xxx.o(HEAP)
    Heap_Mem                                 0x20000d08   Data         512  startup_stm32f40_41xxx.o(HEAP)
    STACK                                    0x20000f08   Section     1024  startup_stm32f40_41xxx.o(STACK)
    Stack_Mem                                0x20000f08   Data        1024  startup_stm32f40_41xxx.o(STACK)
    __initial_sp                             0x20001308   Data           0  startup_stm32f40_41xxx.o(STACK)

    Global Symbols

    Symbol Name                              Value     Ov Type        Size  Object(Section)

    BuildAttributes$$THM_ISAv4$E$P$D$K$B$S$7EM$VFPi3$EXTD16$VFPS$VFMA$PE$A:L22UL41UL21$X:L11$S22US41US21$IEEE1$IW$USESV6$~STKCKD$USESV7$~SHL$OSPACE$ROPI$EBA8$UX$STANDARDLIB$REQ8$PRES8$EABIv2 0x00000000   Number         0  anon$$obj.o ABSOLUTE
    __ARM_use_no_argv                        0x00000000   Number         0  main.o ABSOLUTE
    __ARM_exceptions_init                     - Undefined Weak Reference
    __alloca_initialize                       - Undefined Weak Reference
    __arm_preinit_                            - Undefined Weak Reference
    __cpp_initialize__aeabi_                  - Undefined Weak Reference
    __cxa_finalize                            - Undefined Weak Reference
    __rt_locale                               - Undefined Weak Reference
    __sigvec_lookup                           - Undefined Weak Reference
    _atexit_init                              - Undefined Weak Reference
    _call_atexit_fns                          - Undefined Weak Reference
    _clock_init                               - Undefined Weak Reference
    _fp_trap_init                             - Undefined Weak Reference
    _fp_trap_shutdown                         - Undefined Weak Reference
    _get_lc_collate                           - Undefined Weak Reference
    _get_lc_ctype                             - Undefined Weak Reference
    _get_lc_monetary                          - Undefined Weak Reference
    _get_lc_numeric                           - Undefined Weak Reference
    _get_lc_time                              - Undefined Weak Reference
    _getenv_init                              - Undefined Weak Reference
    _handle_redirection                       - Undefined Weak Reference
    _init_alloc                               - Undefined Weak Reference
    _init_user_alloc                          - Undefined Weak Reference
    _initio                                   - Undefined Weak Reference
    _rand_init                                - Undefined Weak Reference
    _signal_finish                            - Undefined Weak Reference
    _signal_init                              - Undefined Weak Reference
    _terminate_alloc                          - Undefined Weak Reference
    _terminate_user_alloc                     - Undefined Weak Reference
    _terminateio                              - Undefined Weak Reference
    __Vectors_Size                           0x00000188   Number         0  startup_stm32f40_41xxx.o ABSOLUTE
    __RL_RTX_VER                             0x00000481   Number         0  rt_system.o ABSOLUTE
    __Vectors                                0x08000000   Data           4  startup_stm32f40_41xxx.o(RESET)
    __Vectors_End                            0x08000188   Data           0  startup_stm32f40_41xxx.o(RESET)
    __main                                   0x08000189   Thumb Code     8  __main.o(!!!main)
    __scatterload                            0x08000191   Thumb Code     0  __scatter.o(!!!scatter)
    __scatterload_rt2                        0x08000191   Thumb Code    44  __scatter.o(!!!scatter)
    __scatterload_rt2_thumb_only             0x08000191   Thumb Code     0  __scatter.o(!!!scatter)
    __scatterload_null                       0x0800019f   Thumb Code     0  __scatter.o(!!!scatter)
    __scatterload_copy                       0x080001c5   Thumb Code    26  __scatter_copy.o(!!handler_copy)
    __scatterload_zeroinit                   0x080001e1   Thumb Code    28  __scatter_zi.o(!!handler_zi)
    __rt_lib_init                            0x080001fd   Thumb Code     0  libinit.o(.ARM.Collect$$libinit$$00000000)
    __rt_lib_init_fp_1                       0x080001ff   Thumb Code     0  libinit2.o(.ARM.Collect$$libinit$$00000001)
    __rt_lib_init_alloca_1                   0x08000203   Thumb Code     0  libinit2.o(.ARM.Collect$$libinit$$0000002E)
    __rt_lib_init_argv_1                     0x08000203   Thumb Code     0  libinit2.o(.ARM.Collect$$libinit$$0000002C)
    __rt_lib_init_atexit_1                   0x08000203   Thumb Code     0  libinit2.o(.ARM.Collect$$libinit$$0000001B)
    __rt_lib_init_clock_1                    0x08000203   Thumb Code     0  libinit2.o(.ARM.Collect$$libinit$$00000021)
    __rt_lib_init_cpp_1                      0x08000203   Thumb Code     0  libinit2.o(.ARM.Collect$$libinit$$00000032)
    __rt_lib_init_exceptions_1               0x08000203   Thumb Code     0  libinit2.o(.ARM.Collect$$libinit$$00000030)
    __rt_lib_init_fp_trap_1                  0x08000203   Thumb Code     0  libinit2.o(.ARM.Collect$$libinit$$0000001F)
    __rt_lib_init_getenv_1                   0x08000203   Thumb Code     0  libinit2.o(.ARM.Collect$$libinit$$00000023)
    __rt_lib_init_heap_1                     0x08000203   Thumb Code     0  libinit2.o(.ARM.Collect$$libinit$$0000000A)
    __rt_lib_init_lc_collate_1               0x08000203   Thumb Code     0  libinit2.o(.ARM.Collect$$libinit$$00000011)
    __rt_lib_init_lc_ctype_1                 0x08000203   Thumb Code     0  libinit2.o(.ARM.Collect$$libinit$$00000013)
    __rt_lib_init_lc_monetary_1              0x08000203   Thumb Code     0  libinit2.o(.ARM.Collect$$libinit$$00000015)
    __rt_lib_init_lc_numeric_1               0x08000203   Thumb Code     0  libinit2.o(.ARM.Collect$$libinit$$00000017)
    __rt_lib_init_lc_time_1                  0x08000203   Thumb Code     0  libinit2.o(.ARM.Collect$$libinit$$00000019)
    __rt_lib_init_preinit_1                  0x08000203   Thumb Code     0  libinit2.o(.ARM.Collect$$libinit$$00000004)
    __rt_lib_init_rand_1                     0x08000203   Thumb Code     0  libinit2.o(.ARM.Collect$$libinit$$0000000E)
    __rt_lib_init_return                     0x08000203   Thumb Code     0  libinit2.o(.ARM.Collect$$libinit$$00000033)
    __rt_lib_init_signal_1                   0x08000203   Thumb Code     0  libinit2.o(.ARM.Collect$$libinit$$0000001D)
    __rt_lib_init_stdio_1                    0x08000203   Thumb Code     0  libinit2.o(.ARM.Collect$$libinit$$00000025)
    __rt_lib_init_user_alloc_1               0x08000203   Thumb Code     0  libinit2.o(.ARM.Collect$$libinit$$0000000C)
    __rt_lib_shutdown                        0x08000205   Thumb Code     0  libshutdown.o(.ARM.Collect$$libshutdown$$00000000)
    __rt_lib_shutdown_cpp_1                  0x08000207   Thumb Code     0  libshutdown2.o(.ARM.Collect$$libshutdown$$00000002)
    __rt_lib_shutdown_fp_trap_1              0x08000207   Thumb Code     0  libshutdown2.o(.ARM.Collect$$libshutdown$$00000007)
    __rt_lib_shutdown_heap_1                 0x08000207   Thumb Code     0  libshutdown2.o(.ARM.Collect$$libshutdown$$0000000F)
    __rt_lib_shutdown_return                 0x08000207   Thumb Code     0  libshutdown2.o(.ARM.Collect$$libshutdown$$00000010)
    __rt_lib_shutdown_signal_1               0x08000207   Thumb Code     0  libshutdown2.o(.ARM.Collect$$libshutdown$$0000000A)
    __rt_lib_shutdown_stdio_1                0x08000207   Thumb Code     0  libshutdown2.o(.ARM.Collect$$libshutdown$$00000004)
    __rt_lib_shutdown_user_alloc_1           0x08000207   Thumb Code     0  libshutdown2.o(.ARM.Collect$$libshutdown$$0000000C)
    __rt_entry                               0x08000209   Thumb Code     0  __rtentry.o(.ARM.Collect$$rtentry$$00000000)
    __rt_entry_presh_1                       0x08000209   Thumb Code     0  __rtentry2.o(.ARM.Collect$$rtentry$$00000002)
    __rt_entry_sh                            0x08000209   Thumb Code     0  __rtentry4.o(.ARM.Collect$$rtentry$$00000004)
    __rt_entry_li                            0x0800020f   Thumb Code     0  __rtentry2.o(.ARM.Collect$$rtentry$$0000000A)
    __rt_entry_postsh_1                      0x0800020f   Thumb Code     0  __rtentry2.o(.ARM.Collect$$rtentry$$00000009)
    __rt_entry_postli_1                      0x08000213   Thumb Code     0  __rtentry2.o(.ARM.Collect$$rtentry$$0000000B)
    __rt_entry_main                          0x0800021b   Thumb Code     0  __rtentry2.o(.ARM.Collect$$rtentry$$0000000D)
    __rt_exit                                0x08000223   Thumb Code     0  rtexit.o(.ARM.Collect$$rtexit$$00000000)
    __rt_exit_ls                             0x08000225   Thumb Code     0  rtexit2.o(.ARM.Collect$$rtexit$$00000003)
    __rt_exit_prels_1                        0x08000225   Thumb Code     0  rtexit2.o(.ARM.Collect$$rtexit$$00000002)
    __rt_exit_exit                           0x08000229   Thumb Code     0  rtexit2.o(.ARM.Collect$$rtexit$$00000004)
    _platform_post_lib_init                  0x08000231   Thumb Code    24  rtx_conf_cm.o(.emb_text)
    rt_set_PSP                               0x0800024d   Thumb Code     6  hal_cm4.o(.emb_text)
    rt_get_PSP                               0x08000253   Thumb Code     6  hal_cm4.o(.emb_text)
    os_set_env                               0x08000259   Thumb Code    24  hal_cm4.o(.emb_text)
    _alloc_box                               0x08000275   Thumb Code    28  hal_cm4.o(.emb_text)
    _free_box                                0x08000295   Thumb Code    28  hal_cm4.o(.emb_text)
    SVC_Handler                              0x080002b5   Thumb Code   168  hal_cm4.o(.emb_text)
    PendSV_Handler                           0x0800036d   Thumb Code    96  hal_cm4.o(.emb_text)
    SysTick_Handler                          0x080003d1   Thumb Code     8  hal_cm4.o(.emb_text)
    OS_Tick_Handler                          0x080003d9   Thumb Code    12  hal_cm4.o(.emb_text)
    Reset_Handler                            0x080003e5   Thumb Code     8  startup_stm32f40_41xxx.o(.text)
    NMI_Handler                              0x080003ed   Thumb Code     2  startup_stm32f40_41xxx.o(.text)
    HardFault_Handler                        0x080003ef   Thumb Code     2  startup_stm32f40_41xxx.o(.text)
    MemManage_Handler                        0x080003f1   Thumb Code     2  startup_stm32f40_41xxx.o(.text)
    BusFault_Handler                         0x080003f3   Thumb Code     2  startup_stm32f40_41xxx.o(.text)
    UsageFault_Handler                       0x080003f5   Thumb Code     2  startup_stm32f40_41xxx.o(.text)
    DebugMon_Handler                         0x080003f9   Thumb Code     2  startup_stm32f40_41xxx.o(.text)
    ADC_IRQHandler                           0x080003ff   Thumb Code     0  startup_stm32f40_41xxx.o(.text)
    CAN1_RX0_IRQHandler                      0x080003ff   Thumb Code     0  startup_stm32f40_41xxx.o(.text)
    CAN1_RX1_IRQHandler                      0x080003ff   Thumb Code     0  startup_stm32f40_41xxx.o(.text)
    CAN1_SCE_IRQHandler                      0x080003ff   Thumb Code     0  startup_stm32f40_41xxx.o(.text)
    CAN1_TX_IRQHandler                       0x080003ff   Thumb Code     0  startup_stm32f40_41xxx.o(.text)
    CAN2_RX0_IRQHandler                      0x080003ff   Thumb Code     0  startup_stm32f40_41xxx.o(.text)
    CAN2_RX1_IRQHandler                      0x080003ff   Thumb Code     0  startup_stm32f40_41xxx.o(.text)
    CAN2_SCE_IRQHandler                      0x080003ff   Thumb Code     0  startup_stm32f40_41xxx.o(.text)
    CAN2_TX_IRQHandler                       0x080003ff   Thumb Code     0  startup_stm32f40_41xxx.o(.text)
    CRYP_IRQHandler                          0x080003ff   Thumb Code     0  startup_stm32f40_41xxx.o(.text)
    DCMI_IRQHandler                          0x080003ff   Thumb Code     0  startup_stm32f40_41xxx.o(.text)
    DMA1_Stream0_IRQHandler                  0x080003ff   Thumb Code     0  startup_stm32f40_41xxx.o(.text)
    DMA1_Stream1_IRQHandler                  0x080003ff   Thumb Code     0  startup_stm32f40_41xxx.o(.text)
    DMA1_Stream2_IRQHandler                  0x080003ff   Thumb Code     0  startup_stm32f40_41xxx.o(.text)
    DMA1_Stream3_IRQHandler                  0x080003ff   Thumb Code     0  startup_stm32f40_41xxx.o(.text)
    DMA1_Stream4_IRQHandler                  0x080003ff   Thumb Code     0  startup_stm32f40_41xxx.o(.text)
    DMA1_Stream5_IRQHandler                  0x080003ff   Thumb Code     0  startup_stm32f40_41xxx.o(.text)
    DMA1_Stream6_IRQHandler                  0x080003ff   Thumb Code     0  startup_stm32f40_41xxx.o(.text)
    DMA1_Stream7_IRQHandler                  0x080003ff   Thumb Code     0  startup_stm32f40_41xxx.o(.text)
    DMA2_Stream0_IRQHandler                  0x080003ff   Thumb Code     0  startup_stm32f40_41xxx.o(.text)
    DMA2_Stream1_IRQHandler                  0x080003ff   Thumb Code     0  startup_stm32f40_41xxx.o(.text)
    DMA2_Stream2_IRQHandler                  0x080003ff   Thumb Code     0  startup_stm32f40_41xxx.o(.text)
    DMA2_Stream3_IRQHandler                  0x080003ff   Thumb Code     0  startup_stm32f40_41xxx.o(.text)
    DMA2_Stream4_IRQHandler                  0x080003ff   Thumb Code     0  startup_stm32f40_41xxx.o(.text)
    DMA2_Stream5_IRQHandler                  0x080003ff   Thumb Code     0  startup_stm32f40_41xxx.o(.text)
    DMA2_Stream6_IRQHandler                  0x080003ff   Thumb Code     0  startup_stm32f40_41xxx.o(.text)
    DMA2_Stream7_IRQHandler                  0x080003ff   Thumb Code     0  startup_stm32f40_41xxx.o(.text)
    ETH_IRQHandler                           0x080003ff   Thumb Code     0  startup_stm32f40_41xxx.o(.text)
    ETH_WKUP_IRQHandler                      0x080003ff   Thumb Code     0  startup_stm32f40_41xxx.o(.text)
    EXTI15_10_IRQHandler                     0x080003ff   Thumb Code     0  startup_stm32f40_41xxx.o(.text)
    EXTI1_IRQHandler                         0x080003ff   Thumb Code     0  startup_stm32f40_41xxx.o(.text)
    EXTI2_IRQHandler                         0x080003ff   Thumb Code     0  startup_stm32f40_41xxx.o(.text)
    EXTI3_IRQHandler                         0x080003ff   Thumb Code     0  startup_stm32f40_41xxx.o(.text)
    EXTI4_IRQHandler                         0x080003ff   Thumb Code     0  startup_stm32f40_41xxx.o(.text)
    EXTI9_5_IRQHandler                       0x080003ff   Thumb Code     0  startup_stm32f40_41xxx.o(.text)
    FLASH_IRQHandler                         0x080003ff   Thumb Code     0  startup_stm32f40_41xxx.o(.text)
    FPU_IRQHandler                           0x080003ff   Thumb Code     0  startup_stm32f40_41xxx.o(.text)
    FSMC_IRQHandler                          0x080003ff   Thumb Code     0  startup_stm32f40_41xxx.o(.text)
    HASH_RNG_IRQHandler                      0x080003ff   Thumb Code     0  startup_stm32f40_41xxx.o(.text)
    I2C1_ER_IRQHandler                       0x080003ff   Thumb Code     0  startup_stm32f40_41xxx.o(.text)
    I2C1_EV_IRQHandler                       0x080003ff   Thumb Code     0  startup_stm32f40_41xxx.o(.text)
    I2C2_ER_IRQHandler                       0x080003ff   Thumb Code     0  startup_stm32f40_41xxx.o(.text)
    I2C2_EV_IRQHandler                       0x080003ff   Thumb Code     0  startup_stm32f40_41xxx.o(.text)
    I2C3_ER_IRQHandler                       0x080003ff   Thumb Code     0  startup_stm32f40_41xxx.o(.text)
    I2C3_EV_IRQHandler                       0x080003ff   Thumb Code     0  startup_stm32f40_41xxx.o(.text)
    OTG_FS_IRQHandler                        0x080003ff   Thumb Code     0  startup_stm32f40_41xxx.o(.text)
    OTG_FS_WKUP_IRQHandler                   0x080003ff   Thumb Code     0  startup_stm32f40_41xxx.o(.text)
    OTG_HS_EP1_IN_IRQHandler                 0x080003ff   Thumb Code     0  startup_stm32f40_41xxx.o(.text)
    OTG_HS_EP1_OUT_IRQHandler                0x080003ff   Thumb Code     0  startup_stm32f40_41xxx.o(.text)
    OTG_HS_IRQHandler                        0x080003ff   Thumb Code     0  startup_stm32f40_41xxx.o(.text)
    OTG_HS_WKUP_IRQHandler                   0x080003ff   Thumb Code     0  startup_stm32f40_41xxx.o(.text)
    PVD_IRQHandler                           0x080003ff   Thumb Code     0  startup_stm32f40_41xxx.o(.text)
    RCC_IRQHandler                           0x080003ff   Thumb Code     0  startup_stm32f40_41xxx.o(.text)
    RTC_Alarm_IRQHandler                     0x080003ff   Thumb Code     0  startup_stm32f40_41xxx.o(.text)
    RTC_WKUP_IRQHandler                      0x080003ff   Thumb Code     0  startup_stm32f40_41xxx.o(.text)
    SDIO_IRQHandler                          0x080003ff   Thumb Code     0  startup_stm32f40_41xxx.o(.text)
    SPI1_IRQHandler                          0x080003ff   Thumb Code     0  startup_stm32f40_41xxx.o(.text)
    SPI2_IRQHandler                          0x080003ff   Thumb Code     0  startup_stm32f40_41xxx.o(.text)
    SPI3_IRQHandler                          0x080003ff   Thumb Code     0  startup_stm32f40_41xxx.o(.text)
    TAMP_STAMP_IRQHandler                    0x080003ff   Thumb Code     0  startup_stm32f40_41xxx.o(.text)
    TIM1_BRK_TIM9_IRQHandler                 0x080003ff   Thumb Code     0  startup_stm32f40_41xxx.o(.text)
    TIM1_CC_IRQHandler                       0x080003ff   Thumb Code     0  startup_stm32f40_41xxx.o(.text)
    TIM1_TRG_COM_TIM11_IRQHandler            0x080003ff   Thumb Code     0  startup_stm32f40_41xxx.o(.text)
    TIM1_UP_TIM10_IRQHandler                 0x080003ff   Thumb Code     0  startup_stm32f40_41xxx.o(.text)
    TIM2_IRQHandler                          0x080003ff   Thumb Code     0  startup_stm32f40_41xxx.o(.text)
    TIM3_IRQHandler                          0x080003ff   Thumb Code     0  startup_stm32f40_41xxx.o(.text)
    TIM4_IRQHandler                          0x080003ff   Thumb Code     0  startup_stm32f40_41xxx.o(.text)
    TIM5_IRQHandler                          0x080003ff   Thumb Code     0  startup_stm32f40_41xxx.o(.text)
    TIM6_DAC_IRQHandler                      0x080003ff   Thumb Code     0  startup_stm32f40_41xxx.o(.text)
    TIM7_IRQHandler                          0x080003ff   Thumb Code     0  startup_stm32f40_41xxx.o(.text)
    TIM8_BRK_TIM12_IRQHandler                0x080003ff   Thumb Code     0  startup_stm32f40_41xxx.o(.text)
    TIM8_CC_IRQHandler                       0x080003ff   Thumb Code     0  startup_stm32f40_41xxx.o(.text)
    TIM8_TRG_COM_TIM14_IRQHandler            0x080003ff   Thumb Code     0  startup_stm32f40_41xxx.o(.text)
    TIM8_UP_TIM13_IRQHandler                 0x080003ff   Thumb Code     0  startup_stm32f40_41xxx.o(.text)
    UART4_IRQHandler                         0x080003ff   Thumb Code     0  startup_stm32f40_41xxx.o(.text)
    UART5_IRQHandler                         0x080003ff   Thumb Code     0  startup_stm32f40_41xxx.o(.text)
    USART1_IRQHandler                        0x080003ff   Thumb Code     0  startup_stm32f40_41xxx.o(.text)
    USART2_IRQHandler                        0x080003ff   Thumb Code     0  startup_stm32f40_41xxx.o(.text)
    USART3_IRQHandler                        0x080003ff   Thumb Code     0  startup_stm32f40_41xxx.o(.text)
    USART6_IRQHandler                        0x080003ff   Thumb Code     0  startup_stm32f40_41xxx.o(.text)
    WWDG_IRQHandler                          0x080003ff   Thumb Code     0  startup_stm32f40_41xxx.o(.text)
    __user_initial_stackheap                 0x08000401   Thumb Code     0  startup_stm32f40_41xxx.o(.text)
    SystemInit                               0x08000501   Thumb Code    88  system_stm32f4xx_1.o(.text)
    SystemCoreClockUpdate                    0x08000559   Thumb Code   174  system_stm32f4xx_1.o(.text)
    init_led_port                            0x08000635   Thumb Code    40  main.o(.text)
    init_EXTI                                0x0800065d   Thumb Code   108  main.o(.text)
    turnOnDiods                              0x080006c9   Thumb Code    42  main.o(.text)
    EXTI0_IRQHandler                         0x080006f3   Thumb Code    78  main.o(.text)
    main                                     0x08000741   Thumb Code    14  main.o(.text)
    NVIC_PriorityGroupConfig                 0x08000769   Thumb Code    10  misc.o(.text)
    NVIC_Init                                0x08000773   Thumb Code   106  misc.o(.text)
    NVIC_SetVectorTable                      0x080007dd   Thumb Code    14  misc.o(.text)
    NVIC_SystemLPConfig                      0x080007eb   Thumb Code    34  misc.o(.text)
    SysTick_CLKSourceConfig                  0x0800080d   Thumb Code    40  misc.o(.text)
    EXTI_DeInit                              0x08000849   Thumb Code    28  stm32f4xx_exti.o(.text)
    EXTI_Init                                0x08000865   Thumb Code   142  stm32f4xx_exti.o(.text)
    EXTI_StructInit                          0x080008f3   Thumb Code    16  stm32f4xx_exti.o(.text)
    EXTI_GenerateSWInterrupt                 0x08000903   Thumb Code    16  stm32f4xx_exti.o(.text)
    EXTI_GetFlagStatus                       0x08000913   Thumb Code    22  stm32f4xx_exti.o(.text)
    EXTI_ClearFlag                           0x08000929   Thumb Code     8  stm32f4xx_exti.o(.text)
    EXTI_GetITStatus                         0x08000931   Thumb Code    22  stm32f4xx_exti.o(.text)
    EXTI_ClearITPendingBit                   0x08000947   Thumb Code     8  stm32f4xx_exti.o(.text)
    GPIO_DeInit                              0x08000959   Thumb Code   268  stm32f4xx_gpio.o(.text)
    GPIO_Init                                0x08000a65   Thumb Code   144  stm32f4xx_gpio.o(.text)
    GPIO_StructInit                          0x08000af5   Thumb Code    18  stm32f4xx_gpio.o(.text)
    GPIO_PinLockConfig                       0x08000b07   Thumb Code    34  stm32f4xx_gpio.o(.text)
    GPIO_ReadInputDataBit                    0x08000b29   Thumb Code    18  stm32f4xx_gpio.o(.text)
    GPIO_ReadInputData                       0x08000b3b   Thumb Code     8  stm32f4xx_gpio.o(.text)
    GPIO_ReadOutputDataBit                   0x08000b43   Thumb Code    18  stm32f4xx_gpio.o(.text)
    GPIO_ReadOutputData                      0x08000b55   Thumb Code     8  stm32f4xx_gpio.o(.text)
    GPIO_SetBits                             0x08000b5d   Thumb Code     4  stm32f4xx_gpio.o(.text)
    GPIO_ResetBits                           0x08000b61   Thumb Code     4  stm32f4xx_gpio.o(.text)
    GPIO_WriteBit                            0x08000b65   Thumb Code    10  stm32f4xx_gpio.o(.text)
    GPIO_Write                               0x08000b6f   Thumb Code     4  stm32f4xx_gpio.o(.text)
    GPIO_ToggleBits                          0x08000b73   Thumb Code     8  stm32f4xx_gpio.o(.text)
    GPIO_PinAFConfig                         0x08000b7b   Thumb Code    70  stm32f4xx_gpio.o(.text)
    RCC_DeInit                               0x08000bed   Thumb Code    82  stm32f4xx_rcc.o(.text)
    RCC_HSEConfig                            0x08000c3f   Thumb Code    14  stm32f4xx_rcc.o(.text)
    RCC_GetFlagStatus                        0x08000c4d   Thumb Code    60  stm32f4xx_rcc.o(.text)
    RCC_WaitForHSEStartUp                    0x08000c89   Thumb Code    56  stm32f4xx_rcc.o(.text)
    RCC_AdjustHSICalibrationValue            0x08000cc1   Thumb Code    20  stm32f4xx_rcc.o(.text)
    RCC_HSICmd                               0x08000cd5   Thumb Code     6  stm32f4xx_rcc.o(.text)
    RCC_LSEConfig                            0x08000cdb   Thumb Code    46  stm32f4xx_rcc.o(.text)
    RCC_LSICmd                               0x08000d09   Thumb Code     6  stm32f4xx_rcc.o(.text)
    RCC_PLLConfig                            0x08000d0f   Thumb Code    32  stm32f4xx_rcc.o(.text)
    RCC_PLLCmd                               0x08000d2f   Thumb Code     6  stm32f4xx_rcc.o(.text)
    RCC_PLLI2SConfig                         0x08000d35   Thumb Code    14  stm32f4xx_rcc.o(.text)
    RCC_PLLI2SCmd                            0x08000d43   Thumb Code     6  stm32f4xx_rcc.o(.text)
    RCC_PLLSAIConfig                         0x08000d49   Thumb Code    20  stm32f4xx_rcc.o(.text)
    RCC_PLLSAICmd                            0x08000d5d   Thumb Code     6  stm32f4xx_rcc.o(.text)
    RCC_ClockSecuritySystemCmd               0x08000d63   Thumb Code     6  stm32f4xx_rcc.o(.text)
    RCC_MCO1Config                           0x08000d69   Thumb Code    28  stm32f4xx_rcc.o(.text)
    RCC_MCO2Config                           0x08000d85   Thumb Code    28  stm32f4xx_rcc.o(.text)
    RCC_SYSCLKConfig                         0x08000da1   Thumb Code    20  stm32f4xx_rcc.o(.text)
    RCC_GetSYSCLKSource                      0x08000db5   Thumb Code    12  stm32f4xx_rcc.o(.text)
    RCC_HCLKConfig                           0x08000dc1   Thumb Code    20  stm32f4xx_rcc.o(.text)
    RCC_PCLK1Config                          0x08000dd5   Thumb Code    20  stm32f4xx_rcc.o(.text)
    RCC_PCLK2Config                          0x08000de9   Thumb Code    22  stm32f4xx_rcc.o(.text)
    RCC_GetClocksFreq                        0x08000dff   Thumb Code   222  stm32f4xx_rcc.o(.text)
    RCC_RTCCLKConfig                         0x08000edd   Thumb Code    54  stm32f4xx_rcc.o(.text)
    RCC_RTCCLKCmd                            0x08000f13   Thumb Code     8  stm32f4xx_rcc.o(.text)
    RCC_BackupResetCmd                       0x08000f1b   Thumb Code     8  stm32f4xx_rcc.o(.text)
    RCC_I2SCLKConfig                         0x08000f23   Thumb Code     6  stm32f4xx_rcc.o(.text)
    RCC_SAIPLLI2SClkDivConfig                0x08000f29   Thumb Code    26  stm32f4xx_rcc.o(.text)
    RCC_SAIPLLSAIClkDivConfig                0x08000f43   Thumb Code    28  stm32f4xx_rcc.o(.text)
    RCC_SAIBlockACLKConfig                   0x08000f5f   Thumb Code    20  stm32f4xx_rcc.o(.text)
    RCC_SAIBlockBCLKConfig                   0x08000f73   Thumb Code    20  stm32f4xx_rcc.o(.text)
    RCC_LTDCCLKDivConfig                     0x08000f87   Thumb Code    20  stm32f4xx_rcc.o(.text)
    RCC_TIMCLKPresConfig                     0x08000f9b   Thumb Code     6  stm32f4xx_rcc.o(.text)
    RCC_AHB1PeriphClockCmd                   0x08000fa1   Thumb Code    34  stm32f4xx_rcc.o(.text)
    RCC_AHB2PeriphClockCmd                   0x08000fc3   Thumb Code    78  stm32f4xx_rcc.o(.text)
    RCC_AHB3PeriphClockCmd                   0x08001011   Thumb Code    34  stm32f4xx_rcc.o(.text)
    RCC_APB1PeriphClockCmd                   0x08001033   Thumb Code    34  stm32f4xx_rcc.o(.text)
    RCC_APB2PeriphClockCmd                   0x08001055   Thumb Code    34  stm32f4xx_rcc.o(.text)
    RCC_AHB1PeriphResetCmd                   0x08001077   Thumb Code    34  stm32f4xx_rcc.o(.text)
    RCC_AHB2PeriphResetCmd                   0x08001099   Thumb Code    34  stm32f4xx_rcc.o(.text)
    RCC_AHB3PeriphResetCmd                   0x080010bb   Thumb Code    34  stm32f4xx_rcc.o(.text)
    RCC_APB1PeriphResetCmd                   0x080010dd   Thumb Code    34  stm32f4xx_rcc.o(.text)
    RCC_APB2PeriphResetCmd                   0x080010ff   Thumb Code    34  stm32f4xx_rcc.o(.text)
    RCC_AHB1PeriphClockLPModeCmd             0x08001121   Thumb Code    34  stm32f4xx_rcc.o(.text)
    RCC_AHB2PeriphClockLPModeCmd             0x08001143   Thumb Code    34  stm32f4xx_rcc.o(.text)
    RCC_AHB3PeriphClockLPModeCmd             0x08001165   Thumb Code    34  stm32f4xx_rcc.o(.text)
    RCC_APB1PeriphClockLPModeCmd             0x08001187   Thumb Code    34  stm32f4xx_rcc.o(.text)
    RCC_APB2PeriphClockLPModeCmd             0x080011a9   Thumb Code    34  stm32f4xx_rcc.o(.text)
    RCC_ITConfig                             0x080011cb   Thumb Code    34  stm32f4xx_rcc.o(.text)
    RCC_ClearFlag                            0x080011ed   Thumb Code    18  stm32f4xx_rcc.o(.text)
    RCC_GetITStatus                          0x080011ff   Thumb Code    22  stm32f4xx_rcc.o(.text)
    RCC_ClearITPendingBit                    0x08001215   Thumb Code     8  stm32f4xx_rcc.o(.text)
    SYSCFG_DeInit                            0x08001221   Thumb Code    22  stm32f4xx_syscfg.o(.text)
    SYSCFG_MemoryRemapConfig                 0x08001237   Thumb Code     6  stm32f4xx_syscfg.o(.text)
    SYSCFG_MemorySwappingBank                0x0800123d   Thumb Code     6  stm32f4xx_syscfg.o(.text)
    SYSCFG_EXTILineConfig                    0x08001243   Thumb Code    66  stm32f4xx_syscfg.o(.text)
    SYSCFG_ETH_MediaInterfaceConfig          0x08001285   Thumb Code     8  stm32f4xx_syscfg.o(.text)
    SYSCFG_CompensationCellCmd               0x0800128d   Thumb Code     6  stm32f4xx_syscfg.o(.text)
    SYSCFG_GetCompensationCellStatus         0x08001293   Thumb Code    22  stm32f4xx_syscfg.o(.text)
    os_idle_demon                            0x080012b5   Thumb Code     4  rtx_conf_cm.o(.text)
    os_error                                 0x080012b9   Thumb Code    34  rtx_conf_cm.o(.text)
    __user_perthread_libspace                0x080012db   Thumb Code    32  rtx_conf_cm.o(.text)
    _mutex_initialize                        0x080012fb   Thumb Code    34  rtx_conf_cm.o(.text)
    _mutex_acquire                           0x0800131d   Thumb Code    22  rtx_conf_cm.o(.text)
    _mutex_release                           0x08001333   Thumb Code    18  rtx_conf_cm.o(.text)
    __user_libspace                          0x08001361   Thumb Code     8  libspace.o(.text)
    __user_perproc_libspace                  0x08001361   Thumb Code     0  libspace.o(.text)
    exit                                     0x08001369   Thumb Code    18  exit.o(.text)
    __use_two_region_memory                  0x0800137b   Thumb Code     2  heapauxi.o(.text)
    __rt_heap_escrow$2region                 0x0800137d   Thumb Code     2  heapauxi.o(.text)
    __rt_heap_expand$2region                 0x0800137f   Thumb Code     2  heapauxi.o(.text)
    _sys_exit                                0x08001381   Thumb Code     8  sys_exit.o(.text)
    __user_setup_stackheap                   0x0800138d   Thumb Code    74  sys_stackheap_outer.o(.text)
    __I$use$semihosting                      0x080013d7   Thumb Code     0  use_no_semi.o(.text)
    __use_no_semihosting_swi                 0x080013d7   Thumb Code     2  use_no_semi.o(.text)
    SVC_Count                                0x080013d8   Data           4  svc_table.o(SVC_TABLE)
    __semihosting_library_function           0x080013d9   Thumb Code     0  indicate_semi.o(.text)
    SVC_Table                                0x080013dc   Data           0  svc_table.o(SVC_TABLE)
    _init_box                                0x080013dd   Thumb Code    70  rt_membox.o(i._init_box)
    dbg_init                                 0x08001425   Thumb Code    34  hal_cm.o(i.dbg_init)
    dbg_task_notify                          0x08001455   Thumb Code    32  hal_cm.o(i.dbg_task_notify)
    dbg_task_switch                          0x08001475   Thumb Code    16  hal_cm.o(i.dbg_task_switch)
    isrMessageGet                            0x08001485   Thumb Code    42  rt_cmsis.o(i.isrMessageGet)
    isrMessagePut                            0x080014af   Thumb Code    44  rt_cmsis.o(i.isrMessagePut)
    isr_mbx_receive                          0x080014dd   Thumb Code    86  rt_mailbox.o(i.isr_mbx_receive)
    isr_mbx_send                             0x08001533   Thumb Code    14  rt_mailbox.o(i.isr_mbx_send)
    osDelay                                  0x08001541   Thumb Code    18  rt_cmsis.o(i.osDelay)
    osKernelInitialize                       0x08001559   Thumb Code    30  rt_cmsis.o(i.osKernelInitialize)
    osKernelStart                            0x0800157d   Thumb Code    98  rt_cmsis.o(i.osKernelStart)
    osMessageGet                             0x080015e9   Thumb Code    18  rt_cmsis.o(i.osMessageGet)
    osThreadCreate                           0x08001601   Thumb Code    38  rt_cmsis.o(i.osThreadCreate)
    osThreadExit                             0x08001631   Thumb Code    14  rt_cmsis.o(i.osThreadExit)
    osTimerCall                              0x08001649   Thumb Code     8  rt_cmsis.o(i.osTimerCall)
    osTimerThread                            0x08001655   Thumb Code    38  rt_cmsis.o(i.osTimerThread)
    os_tick_init                             0x08001681   Thumb Code    32  rt_system.o(i.os_tick_init)
    os_tick_irqack                           0x080016a9   Thumb Code     2  rt_system.o(i.os_tick_irqack)
    rt_alloc_box                             0x080016ab   Thumb Code    26  rt_membox.o(i.rt_alloc_box)
    rt_alloc_mem                             0x080016c5   Thumb Code    62  rt_memory.o(i.rt_alloc_mem)
    rt_block                                 0x08001705   Thumb Code    48  rt_task.o(i.rt_block)
    rt_chk_robin                             0x0800173d   Thumb Code    60  rt_robin.o(i.rt_chk_robin)
    rt_dec_dly                               0x08001785   Thumb Code   102  rt_list.o(i.rt_dec_dly)
    rt_dispatch                              0x080017f5   Thumb Code    60  rt_task.o(i.rt_dispatch)
    rt_dly_wait                              0x08001839   Thumb Code     6  rt_time.o(i.rt_dly_wait)
    rt_evt_psh                               0x08001841   Thumb Code    76  rt_event.o(i.rt_evt_psh)
    rt_free_box                              0x08001891   Thumb Code    44  rt_membox.o(i.rt_free_box)
    rt_free_mem                              0x080018bd   Thumb Code    40  rt_memory.o(i.rt_free_mem)
    rt_get_first                             0x080018e5   Thumb Code    40  rt_list.o(i.rt_get_first)
    rt_init_mem                              0x0800195d   Thumb Code    26  rt_memory.o(i.rt_init_mem)
    rt_init_robin                            0x08001979   Thumb Code    14  rt_robin.o(i.rt_init_robin)
    rt_init_stack                            0x08001991   Thumb Code   118  hal_cm.o(i.rt_init_stack)
    rt_mbx_check                             0x08001a11   Thumb Code     8  rt_mailbox.o(i.rt_mbx_check)
    rt_mbx_init                              0x08001a19   Thumb Code    26  rt_mailbox.o(i.rt_mbx_init)
    rt_mbx_psh                               0x08001a35   Thumb Code   236  rt_mailbox.o(i.rt_mbx_psh)
    rt_mbx_wait                              0x08001b25   Thumb Code   174  rt_mailbox.o(i.rt_mbx_wait)
    rt_mut_init                              0x08001c1d   Thumb Code    16  rt_mutex.o(i.rt_mut_init)
    rt_mut_release                           0x08001c2d   Thumb Code   208  rt_mutex.o(i.rt_mut_release)
    rt_mut_wait                              0x08001d05   Thumb Code   100  rt_mutex.o(i.rt_mut_wait)
    rt_pop_req                               0x08001d6d   Thumb Code   112  rt_system.o(i.rt_pop_req)
    rt_psh_req                               0x08001de9   Thumb Code    22  rt_system.o(i.rt_psh_req)
    rt_psq_enq                               0x08001e09   Thumb Code    88  rt_list.o(i.rt_psq_enq)
    rt_put_dly                               0x08001e65   Thumb Code    68  rt_list.o(i.rt_put_dly)
    rt_put_prio                              0x08001ead   Thumb Code    54  rt_list.o(i.rt_put_prio)
    rt_put_rdy_first                         0x08001ee5   Thumb Code    14  rt_list.o(i.rt_put_rdy_first)
    rt_resort_prio                           0x08001ef9   Thumb Code    46  rt_list.o(i.rt_resort_prio)
    rt_ret_val                               0x08001f3d   Thumb Code    12  hal_cm.o(i.rt_ret_val)
    rt_ret_val2                              0x08001f49   Thumb Code    16  hal_cm.o(i.rt_ret_val2)
    rt_rmv_dly                               0x08001f59   Thumb Code    40  rt_list.o(i.rt_rmv_dly)
    rt_rmv_list                              0x08001f81   Thumb Code    44  rt_list.o(i.rt_rmv_list)
    rt_sem_psh                               0x08001fb1   Thumb Code    48  rt_semaphore.o(i.rt_sem_psh)
    rt_stk_check                             0x08001fe5   Thumb Code    28  rt_system.o(i.rt_stk_check)
    rt_switch_req                            0x08002009   Thumb Code    30  rt_task.o(i.rt_switch_req)
    rt_sys_init                              0x08002031   Thumb Code   138  rt_task.o(i.rt_sys_init)
    rt_sys_start                             0x080020fd   Thumb Code   110  rt_task.o(i.rt_sys_start)
    rt_systick                               0x08002175   Thumb Code    50  rt_system.o(i.rt_systick)
    rt_tsk_create                            0x080021fd   Thumb Code   118  rt_task.o(i.rt_tsk_create)
    rt_tsk_delete                            0x08002285   Thumb Code   352  rt_task.o(i.rt_tsk_delete)
    rt_tsk_prio                              0x08002401   Thumb Code   108  rt_task.o(i.rt_tsk_prio)
    rt_tsk_self                              0x0800247d   Thumb Code    12  rt_task.o(i.rt_tsk_self)
    svcDelay                                 0x0800248d   Thumb Code    18  rt_cmsis.o(i.svcDelay)
    svcKernelInitialize                      0x080024a1   Thumb Code    80  rt_cmsis.o(i.svcKernelInitialize)
    svcKernelStart                           0x08002511   Thumb Code    62  rt_cmsis.o(i.svcKernelStart)
    svcMessageCreate                         0x08002559   Thumb Code    36  rt_cmsis.o(i.svcMessageCreate)
    svcMessageGet                            0x0800257d   Thumb Code    58  rt_cmsis.o(i.svcMessageGet)
    svcThreadCreate                          0x080025b9   Thumb Code   100  rt_cmsis.o(i.svcThreadCreate)
    svcThreadGetId                           0x08002629   Thumb Code    22  rt_cmsis.o(i.svcThreadGetId)
    svcThreadTerminate                       0x08002645   Thumb Code    50  rt_cmsis.o(i.svcThreadTerminate)
    svcTimerCall                             0x0800267d   Thumb Code    24  rt_cmsis.o(i.svcTimerCall)
    sysTimerTick                             0x08002695   Thumb Code    84  rt_cmsis.o(i.sysTimerTick)
    _fp_init                                 0x080026f1   Thumb Code    10  fpinit.o(x$fpl$fpinit)
    __fplib_config_fpu_vfp                   0x080026f9   Thumb Code     0  fpinit.o(x$fpl$fpinit)
    __fplib_config_pureend_doubles           0x080026f9   Thumb Code     0  fpinit.o(x$fpl$fpinit)
    os_maxtaskrun                            0x080026fc   Data           2  rtx_conf_cm.o(.constdata)
    os_stackinfo                             0x08002700   Data           4  rtx_conf_cm.o(.constdata)
    os_rrobin                                0x08002704   Data           4  rtx_conf_cm.o(.constdata)
    os_tickfreq                              0x08002708   Data           4  rtx_conf_cm.o(.constdata)
    os_tickus_i                              0x0800270c   Data           2  rtx_conf_cm.o(.constdata)
    os_tickus_f                              0x0800270e   Data           2  rtx_conf_cm.o(.constdata)
    os_trv                                   0x08002710   Data           4  rtx_conf_cm.o(.constdata)
    os_flags                                 0x08002714   Data           1  rtx_conf_cm.o(.constdata)
    CMSIS_RTOS_API_Version                   0x08002718   Data           4  rtx_conf_cm.o(.constdata)
    CMSIS_RTOS_RTX_Version                   0x0800271c   Data           4  rtx_conf_cm.o(.constdata)
    os_clockrate                             0x08002720   Data           4  rtx_conf_cm.o(.constdata)
    os_timernum                              0x08002724   Data           4  rtx_conf_cm.o(.constdata)
    mp_tcb_size                              0x08002728   Data           2  rtx_conf_cm.o(.constdata)
    mp_stk_size                              0x0800272c   Data           4  rtx_conf_cm.o(.constdata)
    os_stack_sz                              0x08002730   Data           4  rtx_conf_cm.o(.constdata)
    os_fifo_size                             0x08002734   Data           1  rtx_conf_cm.o(.constdata)
    os_thread_def_osTimerThread              0x08002738   Data          16  rtx_conf_cm.o(.constdata)
    os_messageQ_def_osTimerMessageQ          0x08002748   Data           8  rtx_conf_cm.o(.constdata)
    mp_tmr_size                              0x08002750   Data           2  rtx_conf_cm.o(.constdata)
    os_thread_def_main                       0x08002754   Data          16  rtx_conf_cm.o(.constdata)
    Region$$Table$$Base                      0x08002764   Number         0  anon$$obj.o(Region$$Table)
    Region$$Table$$Limit                     0x08002784   Number         0  anon$$obj.o(Region$$Table)
    SystemCoreClock                          0x20000000   Data           4  system_stm32f4xx_1.o(.data)
    AHBPrescTable                            0x20000004   Data          16  system_stm32f4xx_1.o(.data)
    exti                                     0x20000014   Data           8  main.o(.data)
    nvic                                     0x2000001c   Data           4  main.o(.data)
    GPIO_InitStructure                       0x20000020   Data           8  main.o(.data)
    diodsGroupNumber                         0x20000028   Data           4  main.o(.data)
    osThreadId_osTimerThread                 0x2000003c   Data           4  rtx_conf_cm.o(.data)
    osMessageQId_osTimerMessageQ             0x20000040   Data           4  rtx_conf_cm.o(.data)
    os_tmr                                   0x20000044   Data           4  rtx_conf_cm.o(.data)
    m_tmr                                    0x20000048   Data           4  rtx_conf_cm.o(.data)
    os_initialized                           0x20000050   Data           1  rt_cmsis.o(.data)
    os_running                               0x20000051   Data           1  rt_cmsis.o(.data)
    os_timer_head                            0x20000054   Data           4  rt_cmsis.o(.data)
    os_tsk                                   0x20000058   Data           8  rt_task.o(.data)
    os_tick_irqn                             0x20000064   Data           4  rt_system.o(.data)
    os_time                                  0x20000068   Data           4  rt_time.o(.data)
    os_robin                                 0x2000006c   Data           8  rt_robin.o(.data)
    dbg_msg                                  0x20000074   Data           1  hal_cm.o(.data)
    mp_tcb                                   0x20000078   Data         376  rtx_conf_cm.o(.bss)
    mp_stk                                   0x200001f0   Data        1216  rtx_conf_cm.o(.bss)
    os_stack_mem                             0x200006b0   Data         432  rtx_conf_cm.o(.bss)
    os_fifo                                  0x20000860   Data         132  rtx_conf_cm.o(.bss)
    os_active_TCB                            0x200008e4   Data          28  rtx_conf_cm.o(.bss)
    os_messageQ_q_osTimerMessageQ            0x20000900   Data          32  rtx_conf_cm.o(.bss)
    os_idle_TCB                              0x20000c40   Data          52  rt_task.o(.bss)
    os_rdy                                   0x20000c74   Data          24  rt_list.o(.bss)
    os_dly                                   0x20000c8c   Data          24  rt_list.o(.bss)
    __libspace_start                         0x20000ca4   Data          96  libspace.o(.bss)
    __temporary_stack_top$libspace           0x20000d04   Data           0  libspace.o(.bss)



==============================================================================

Memory Map of the image

  Image Entry point : 0x08000189

  Load Region LR_IROM1 (Base: 0x08000000, Size: 0x000027fc, Max: 0x00100000, ABSOLUTE)

    Execution Region ER_IROM1 (Base: 0x08000000, Size: 0x00002784, Max: 0x00100000, ABSOLUTE)

    Base Addr    Size         Type   Attr      Idx    E Section Name        Object

    0x08000000   0x00000188   Data   RO            3    RESET               startup_stm32f40_41xxx.o
    0x08000188   0x00000008   Code   RO         1731  * !!!main             c_w.l(__main.o)
    0x08000190   0x00000034   Code   RO         1892    !!!scatter          c_w.l(__scatter.o)
    0x080001c4   0x0000001a   Code   RO         1894    !!handler_copy      c_w.l(__scatter_copy.o)
    0x080001de   0x00000002   PAD
    0x080001e0   0x0000001c   Code   RO         1896    !!handler_zi        c_w.l(__scatter_zi.o)
    0x080001fc   0x00000002   Code   RO         1778    .ARM.Collect$$libinit$$00000000  c_w.l(libinit.o)
    0x080001fe   0x00000004   Code   RO         1789    .ARM.Collect$$libinit$$00000001  c_w.l(libinit2.o)
    0x08000202   0x00000000   Code   RO         1792    .ARM.Collect$$libinit$$00000004  c_w.l(libinit2.o)
    0x08000202   0x00000000   Code   RO         1795    .ARM.Collect$$libinit$$0000000A  c_w.l(libinit2.o)
    0x08000202   0x00000000   Code   RO         1797    .ARM.Collect$$libinit$$0000000C  c_w.l(libinit2.o)
    0x08000202   0x00000000   Code   RO         1799    .ARM.Collect$$libinit$$0000000E  c_w.l(libinit2.o)
    0x08000202   0x00000000   Code   RO         1802    .ARM.Collect$$libinit$$00000011  c_w.l(libinit2.o)
    0x08000202   0x00000000   Code   RO         1804    .ARM.Collect$$libinit$$00000013  c_w.l(libinit2.o)
    0x08000202   0x00000000   Code   RO         1806    .ARM.Collect$$libinit$$00000015  c_w.l(libinit2.o)
    0x08000202   0x00000000   Code   RO         1808    .ARM.Collect$$libinit$$00000017  c_w.l(libinit2.o)
    0x08000202   0x00000000   Code   RO         1810    .ARM.Collect$$libinit$$00000019  c_w.l(libinit2.o)
    0x08000202   0x00000000   Code   RO         1812    .ARM.Collect$$libinit$$0000001B  c_w.l(libinit2.o)
    0x08000202   0x00000000   Code   RO         1814    .ARM.Collect$$libinit$$0000001D  c_w.l(libinit2.o)
    0x08000202   0x00000000   Code   RO         1816    .ARM.Collect$$libinit$$0000001F  c_w.l(libinit2.o)
    0x08000202   0x00000000   Code   RO         1818    .ARM.Collect$$libinit$$00000021  c_w.l(libinit2.o)
    0x08000202   0x00000000   Code   RO         1820    .ARM.Collect$$libinit$$00000023  c_w.l(libinit2.o)
    0x08000202   0x00000000   Code   RO         1822    .ARM.Collect$$libinit$$00000025  c_w.l(libinit2.o)
    0x08000202   0x00000000   Code   RO         1826    .ARM.Collect$$libinit$$0000002C  c_w.l(libinit2.o)
    0x08000202   0x00000000   Code   RO         1828    .ARM.Collect$$libinit$$0000002E  c_w.l(libinit2.o)
    0x08000202   0x00000000   Code   RO         1830    .ARM.Collect$$libinit$$00000030  c_w.l(libinit2.o)
    0x08000202   0x00000000   Code   RO         1832    .ARM.Collect$$libinit$$00000032  c_w.l(libinit2.o)
    0x08000202   0x00000002   Code   RO         1833    .ARM.Collect$$libinit$$00000033  c_w.l(libinit2.o)
    0x08000204   0x00000002   Code   RO         1779    .ARM.Collect$$libshutdown$$00000000  c_w.l(libshutdown.o)
    0x08000206   0x00000000   Code   RO         1835    .ARM.Collect$$libshutdown$$00000002  c_w.l(libshutdown2.o)
    0x08000206   0x00000000   Code   RO         1837    .ARM.Collect$$libshutdown$$00000004  c_w.l(libshutdown2.o)
    0x08000206   0x00000000   Code   RO         1840    .ARM.Collect$$libshutdown$$00000007  c_w.l(libshutdown2.o)
    0x08000206   0x00000000   Code   RO         1843    .ARM.Collect$$libshutdown$$0000000A  c_w.l(libshutdown2.o)
    0x08000206   0x00000000   Code   RO         1845    .ARM.Collect$$libshutdown$$0000000C  c_w.l(libshutdown2.o)
    0x08000206   0x00000000   Code   RO         1848    .ARM.Collect$$libshutdown$$0000000F  c_w.l(libshutdown2.o)
    0x08000206   0x00000002   Code   RO         1849    .ARM.Collect$$libshutdown$$00000010  c_w.l(libshutdown2.o)
    0x08000208   0x00000000   Code   RO         1733    .ARM.Collect$$rtentry$$00000000  c_w.l(__rtentry.o)
    0x08000208   0x00000000   Code   RO         1741    .ARM.Collect$$rtentry$$00000002  c_w.l(__rtentry2.o)
    0x08000208   0x00000006   Code   RO         1753    .ARM.Collect$$rtentry$$00000004  c_w.l(__rtentry4.o)
    0x0800020e   0x00000000   Code   RO         1743    .ARM.Collect$$rtentry$$00000009  c_w.l(__rtentry2.o)
    0x0800020e   0x00000004   Code   RO         1744    .ARM.Collect$$rtentry$$0000000A  c_w.l(__rtentry2.o)
    0x08000212   0x00000008   Code   RO         1745    .ARM.Collect$$rtentry$$0000000B  c_w.l(__rtentry2.o)
    0x0800021a   0x00000008   Code   RO         1747    .ARM.Collect$$rtentry$$0000000D  c_w.l(__rtentry2.o)
    0x08000222   0x00000002   Code   RO         1734    .ARM.Collect$$rtexit$$00000000  c_w.l(rtexit.o)
    0x08000224   0x00000000   Code   RO         1756    .ARM.Collect$$rtexit$$00000002  c_w.l(rtexit2.o)
    0x08000224   0x00000004   Code   RO         1757    .ARM.Collect$$rtexit$$00000003  c_w.l(rtexit2.o)
    0x08000228   0x00000006   Code   RO         1758    .ARM.Collect$$rtexit$$00000004  c_w.l(rtexit2.o)
    0x0800022e   0x00000002   PAD
    0x08000230   0x0000001c   Code   RO          473    .emb_text           rtx_conf_cm.o
    0x0800024c   0x00000198   Code   RO         1707    .emb_text           RTX_CM4.lib(hal_cm4.o)
    0x080003e4   0x00000040   Code   RO            4    .text               startup_stm32f40_41xxx.o
    0x08000424   0x00000210   Code   RO           13    .text               system_stm32f4xx_1.o
    0x08000634   0x00000134   Code   RO          147    .text               main.o
    0x08000768   0x000000e0   Code   RO          186    .text               misc.o
    0x08000848   0x00000110   Code   RO          288    .text               stm32f4xx_exti.o
    0x08000958   0x00000294   Code   RO          318    .text               stm32f4xx_gpio.o
    0x08000bec   0x00000634   Code   RO          369    .text               stm32f4xx_rcc.o
    0x08001220   0x00000094   Code   RO          398    .text               stm32f4xx_syscfg.o
    0x080012b4   0x000000ac   Code   RO          474    .text               rtx_conf_cm.o
    0x08001360   0x00000008   Code   RO         1722    .text               c_w.l(libspace.o)
    0x08001368   0x00000012   Code   RO         1727    .text               c_w.l(exit.o)
    0x0800137a   0x00000006   Code   RO         1729    .text               c_w.l(heapauxi.o)
    0x08001380   0x0000000c   Code   RO         1764    .text               c_w.l(sys_exit.o)
    0x0800138c   0x0000004a   Code   RO         1766    .text               c_w.l(sys_stackheap_outer.o)
    0x080013d6   0x00000002   Code   RO         1780    .text               c_w.l(use_no_semi.o)
    0x080013d8   0x00000000   Code   RO         1782    .text               c_w.l(indicate_semi.o)
    0x080013d8   0x00000004   Code   RO         1717    SVC_TABLE           RTX_CM4.lib(svc_table.o)
    0x080013dc   0x00000046   Code   RO         1601    i._init_box         RTX_CM4.lib(rt_membox.o)
    0x08001422   0x00000002   PAD
    0x08001424   0x00000030   Code   RO         1654    i.dbg_init          RTX_CM4.lib(hal_cm.o)
    0x08001454   0x00000020   Code   RO         1655    i.dbg_task_notify   RTX_CM4.lib(hal_cm.o)
    0x08001474   0x00000010   Code   RO         1656    i.dbg_task_switch   RTX_CM4.lib(hal_cm.o)
    0x08001484   0x0000002a   Code   RO          504    i.isrMessageGet     RTX_CM4.lib(rt_cmsis.o)
    0x080014ae   0x0000002c   Code   RO          505    i.isrMessagePut     RTX_CM4.lib(rt_cmsis.o)
    0x080014da   0x00000002   PAD
    0x080014dc   0x00000056   Code   RO         1456    i.isr_mbx_receive   RTX_CM4.lib(rt_mailbox.o)
    0x08001532   0x0000000e   Code   RO         1457    i.isr_mbx_send      RTX_CM4.lib(rt_mailbox.o)
    0x08001540   0x00000018   Code   RO          508    i.osDelay           RTX_CM4.lib(rt_cmsis.o)
    0x08001558   0x00000024   Code   RO          509    i.osKernelInitialize  RTX_CM4.lib(rt_cmsis.o)
    0x0800157c   0x0000006c   Code   RO          511    i.osKernelStart     RTX_CM4.lib(rt_cmsis.o)
    0x080015e8   0x00000018   Code   RO          520    i.osMessageGet      RTX_CM4.lib(rt_cmsis.o)
    0x08001600   0x00000030   Code   RO          537    i.osThreadCreate    RTX_CM4.lib(rt_cmsis.o)
    0x08001630   0x00000018   Code   RO          538    i.osThreadExit      RTX_CM4.lib(rt_cmsis.o)
    0x08001648   0x0000000c   Code   RO          544    i.osTimerCall       RTX_CM4.lib(rt_cmsis.o)
    0x08001654   0x0000002c   Code   RO          549    i.osTimerThread     RTX_CM4.lib(rt_cmsis.o)
    0x08001680   0x00000028   Code   RO         1248    i.os_tick_init      RTX_CM4.lib(rt_system.o)
    0x080016a8   0x00000002   Code   RO         1249    i.os_tick_irqack    RTX_CM4.lib(rt_system.o)
    0x080016aa   0x0000001a   Code   RO         1602    i.rt_alloc_box      RTX_CM4.lib(rt_membox.o)
    0x080016c4   0x0000003e   Code   RO         1630    i.rt_alloc_mem      RTX_CM4.lib(rt_memory.o)
    0x08001702   0x00000002   PAD
    0x08001704   0x00000038   Code   RO         1129    i.rt_block          RTX_CM4.lib(rt_task.o)
    0x0800173c   0x00000048   Code   RO         1579    i.rt_chk_robin      RTX_CM4.lib(rt_robin.o)
    0x08001784   0x00000070   Code   RO         1380    i.rt_dec_dly        RTX_CM4.lib(rt_list.o)
    0x080017f4   0x00000044   Code   RO         1130    i.rt_dispatch       RTX_CM4.lib(rt_task.o)
    0x08001838   0x00000006   Code   RO         1546    i.rt_dly_wait       RTX_CM4.lib(rt_time.o)
    0x0800183e   0x00000002   PAD
    0x08001840   0x00000050   Code   RO         1341    i.rt_evt_psh        RTX_CM4.lib(rt_event.o)
    0x08001890   0x0000002c   Code   RO         1603    i.rt_free_box       RTX_CM4.lib(rt_membox.o)
    0x080018bc   0x00000028   Code   RO         1631    i.rt_free_mem       RTX_CM4.lib(rt_memory.o)
    0x080018e4   0x00000028   Code   RO         1381    i.rt_get_first      RTX_CM4.lib(rt_list.o)
    0x0800190c   0x00000008   Code   RO          554    i.rt_id2obj         RTX_CM4.lib(rt_cmsis.o)
    0x08001914   0x00000048   Code   RO         1131    i.rt_init_context   RTX_CM4.lib(rt_task.o)
    0x0800195c   0x0000001a   Code   RO         1632    i.rt_init_mem       RTX_CM4.lib(rt_memory.o)
    0x08001976   0x00000002   PAD
    0x08001978   0x00000018   Code   RO         1580    i.rt_init_robin     RTX_CM4.lib(rt_robin.o)
    0x08001990   0x00000080   Code   RO         1657    i.rt_init_stack     RTX_CM4.lib(hal_cm.o)
    0x08001a10   0x00000008   Code   RO         1458    i.rt_mbx_check      RTX_CM4.lib(rt_mailbox.o)
    0x08001a18   0x0000001a   Code   RO         1459    i.rt_mbx_init       RTX_CM4.lib(rt_mailbox.o)
    0x08001a32   0x00000002   PAD
    0x08001a34   0x000000f0   Code   RO         1460    i.rt_mbx_psh        RTX_CM4.lib(rt_mailbox.o)
    0x08001b24   0x000000b4   Code   RO         1462    i.rt_mbx_wait       RTX_CM4.lib(rt_mailbox.o)
    0x08001bd8   0x00000044   Code   RO          555    i.rt_ms2tick        RTX_CM4.lib(rt_cmsis.o)
    0x08001c1c   0x00000010   Code   RO         1214    i.rt_mut_init       RTX_CM4.lib(rt_mutex.o)
    0x08001c2c   0x000000d8   Code   RO         1215    i.rt_mut_release    RTX_CM4.lib(rt_mutex.o)
    0x08001d04   0x00000068   Code   RO         1216    i.rt_mut_wait       RTX_CM4.lib(rt_mutex.o)
    0x08001d6c   0x0000007c   Code   RO         1252    i.rt_pop_req        RTX_CM4.lib(rt_system.o)
    0x08001de8   0x00000020   Code   RO         1253    i.rt_psh_req        RTX_CM4.lib(rt_system.o)
    0x08001e08   0x0000005c   Code   RO         1383    i.rt_psq_enq        RTX_CM4.lib(rt_list.o)
    0x08001e64   0x00000048   Code   RO         1384    i.rt_put_dly        RTX_CM4.lib(rt_list.o)
    0x08001eac   0x00000036   Code   RO         1385    i.rt_put_prio       RTX_CM4.lib(rt_list.o)
    0x08001ee2   0x00000002   PAD
    0x08001ee4   0x00000014   Code   RO         1386    i.rt_put_rdy_first  RTX_CM4.lib(rt_list.o)
    0x08001ef8   0x00000034   Code   RO         1387    i.rt_resort_prio    RTX_CM4.lib(rt_list.o)
    0x08001f2c   0x00000010   Code   RO         1658    i.rt_ret_regs       RTX_CM4.lib(hal_cm.o)
    0x08001f3c   0x0000000c   Code   RO         1659    i.rt_ret_val        RTX_CM4.lib(hal_cm.o)
    0x08001f48   0x00000010   Code   RO         1660    i.rt_ret_val2       RTX_CM4.lib(hal_cm.o)
    0x08001f58   0x00000028   Code   RO         1388    i.rt_rmv_dly        RTX_CM4.lib(rt_list.o)
    0x08001f80   0x00000030   Code   RO         1389    i.rt_rmv_list       RTX_CM4.lib(rt_list.o)
    0x08001fb0   0x00000034   Code   RO         1507    i.rt_sem_psh        RTX_CM4.lib(rt_semaphore.o)
    0x08001fe4   0x00000024   Code   RO         1255    i.rt_stk_check      RTX_CM4.lib(rt_system.o)
    0x08002008   0x00000028   Code   RO         1132    i.rt_switch_req     RTX_CM4.lib(rt_task.o)
    0x08002030   0x000000cc   Code   RO         1133    i.rt_sys_init       RTX_CM4.lib(rt_task.o)
    0x080020fc   0x00000078   Code   RO         1134    i.rt_sys_start      RTX_CM4.lib(rt_task.o)
    0x08002174   0x00000040   Code   RO         1257    i.rt_systick        RTX_CM4.lib(rt_system.o)
    0x080021b4   0x00000012   Code   RO          556    i.rt_tid2ptcb       RTX_CM4.lib(rt_cmsis.o)
    0x080021c6   0x00000002   PAD
    0x080021c8   0x00000034   Code   RO          557    i.rt_timer_insert   RTX_CM4.lib(rt_cmsis.o)
    0x080021fc   0x00000088   Code   RO         1135    i.rt_tsk_create     RTX_CM4.lib(rt_task.o)
    0x08002284   0x0000017c   Code   RO         1136    i.rt_tsk_delete     RTX_CM4.lib(rt_task.o)
    0x08002400   0x0000007c   Code   RO         1138    i.rt_tsk_prio       RTX_CM4.lib(rt_task.o)
    0x0800247c   0x00000010   Code   RO         1139    i.rt_tsk_self       RTX_CM4.lib(rt_task.o)
    0x0800248c   0x00000012   Code   RO          559    i.svcDelay          RTX_CM4.lib(rt_cmsis.o)
    0x0800249e   0x00000002   PAD
    0x080024a0   0x00000070   Code   RO          560    i.svcKernelInitialize  RTX_CM4.lib(rt_cmsis.o)
    0x08002510   0x00000048   Code   RO          562    i.svcKernelStart    RTX_CM4.lib(rt_cmsis.o)
    0x08002558   0x00000024   Code   RO          565    i.svcMessageCreate  RTX_CM4.lib(rt_cmsis.o)
    0x0800257c   0x0000003a   Code   RO          566    i.svcMessageGet     RTX_CM4.lib(rt_cmsis.o)
    0x080025b6   0x00000002   PAD
    0x080025b8   0x00000070   Code   RO          580    i.svcThreadCreate   RTX_CM4.lib(rt_cmsis.o)
    0x08002628   0x0000001c   Code   RO          581    i.svcThreadGetId    RTX_CM4.lib(rt_cmsis.o)
    0x08002644   0x00000038   Code   RO          584    i.svcThreadTerminate  RTX_CM4.lib(rt_cmsis.o)
    0x0800267c   0x00000018   Code   RO          586    i.svcTimerCall      RTX_CM4.lib(rt_cmsis.o)
    0x08002694   0x0000005c   Code   RO          595    i.sysTimerTick      RTX_CM4.lib(rt_cmsis.o)
    0x080026f0   0x0000000a   Code   RO         1856    x$fpl$fpinit        fz_wm.l(fpinit.o)
    0x080026fa   0x00000002   PAD
    0x080026fc   0x00000068   Data   RO          476    .constdata          rtx_conf_cm.o
    0x08002764   0x00000020   Data   RO         1890    Region$$Table       anon$$obj.o


    Execution Region RW_IRAM1 (Base: 0x20000000, Size: 0x00001308, Max: 0x00020000, ABSOLUTE)

    Base Addr    Size         Type   Attr      Idx    E Section Name        Object

    0x20000000   0x00000014   Data   RW           14    .data               system_stm32f4xx_1.o
    0x20000014   0x00000018   Data   RW          149    .data               main.o
    0x2000002c   0x00000010   Data   RW          370    .data               stm32f4xx_rcc.o
    0x2000003c   0x00000014   Data   RW          477    .data               rtx_conf_cm.o
    0x20000050   0x00000008   Data   RW          598    .data               RTX_CM4.lib(rt_cmsis.o)
    0x20000058   0x00000008   Data   RW         1141    .data               RTX_CM4.lib(rt_task.o)
    0x20000060   0x00000008   Data   RW         1260    .data               RTX_CM4.lib(rt_system.o)
    0x20000068   0x00000004   Data   RW         1550    .data               RTX_CM4.lib(rt_time.o)
    0x2000006c   0x00000008   Data   RW         1581    .data               RTX_CM4.lib(rt_robin.o)
    0x20000074   0x00000001   Data   RW         1661    .data               RTX_CM4.lib(hal_cm.o)
    0x20000075   0x00000003   PAD
    0x20000078   0x00000bc8   Zero   RW          475    .bss                rtx_conf_cm.o
    0x20000c40   0x00000034   Zero   RW         1140    .bss                RTX_CM4.lib(rt_task.o)
    0x20000c74   0x00000030   Zero   RW         1390    .bss                RTX_CM4.lib(rt_list.o)
    0x20000ca4   0x00000060   Zero   RW         1723    .bss                c_w.l(libspace.o)
    0x20000d04   0x00000004   PAD
    0x20000d08   0x00000200   Zero   RW            2    HEAP                startup_stm32f40_41xxx.o
    0x20000f08   0x00000400   Zero   RW            1    STACK               startup_stm32f40_41xxx.o


==============================================================================

Image component sizes


      Code (inc. data)   RO Data    RW Data    ZI Data      Debug   Object Name

       308         26          0         24          0       1574   main.o
       224         20          0          0          0       3733   misc.o
       200         34        104         20       3016       9045   rtx_conf_cm.o
        64         26        392          0       1536        876   startup_stm32f40_41xxx.o
       272         10          0          0          0       4903   stm32f4xx_exti.o
       660         44          0          0          0      11209   stm32f4xx_gpio.o
      1588         52          0         16          0      28238   stm32f4xx_rcc.o
       148         12          0          0          0       1901   stm32f4xx_syscfg.o
       528         46          0         20          0     244767   system_stm32f4xx_1.o

    ----------------------------------------------------------------------
      3992        270        528         80       4552     306246   Object Totals
         0          0         32          0          0          0   (incl. Generated)
         0          0          0          0          0          0   (incl. Padding)

    ----------------------------------------------------------------------

      Code (inc. data)   RO Data    RW Data    ZI Data      Debug   Library Member Name

       268         24          0          1          0       4452   hal_cm.o
       408         34          0          0          0        816   hal_cm4.o
      1160        146          0          8          0      34974   rt_cmsis.o
        80          4          0          0          0        701   rt_event.o
       530         34          0          0         48       8597   rt_list.o
       554         10          0          0          0       4189   rt_mailbox.o
       140          0          0          0          0       2045   rt_membox.o
       128          0          0          0          0       2419   rt_memory.o
       336         12          0          0          0       2201   rt_mutex.o
        96         22          0          8          0       1230   rt_robin.o
        52          4          0          0          0        613   rt_semaphore.o
       298         52          0          8          0       6439   rt_system.o
      1216        174          0          8         52      10025   rt_task.o
         6          0          0          4          0        684   rt_time.o
         4          4          0          0          0        200   svc_table.o
         8          0          0          0          0         68   __main.o
         0          0          0          0          0          0   __rtentry.o
        20          0          0          0          0          0   __rtentry2.o
         6          0          0          0          0          0   __rtentry4.o
        52          8          0          0          0          0   __scatter.o
        26          0          0          0          0          0   __scatter_copy.o
        28          0          0          0          0          0   __scatter_zi.o
        18          0          0          0          0         80   exit.o
         6          0          0          0          0        152   heapauxi.o
         0          0          0          0          0          0   indicate_semi.o
         2          0          0          0          0          0   libinit.o
         6          0          0          0          0          0   libinit2.o
         2          0          0          0          0          0   libshutdown.o
         2          0          0          0          0          0   libshutdown2.o
         8          4          0          0         96         68   libspace.o
         2          0          0          0          0          0   rtexit.o
        10          0          0          0          0          0   rtexit2.o
        12          4          0          0          0         68   sys_exit.o
        74          0          0          0          0         80   sys_stackheap_outer.o
         2          0          0          0          0         68   use_no_semi.o
        10          0          0          0          0        116   fpinit.o

    ----------------------------------------------------------------------
      5596        536          0         40        200      80285   Library Totals
        26          0          0          3          4          0   (incl. Padding)

    ----------------------------------------------------------------------

      Code (inc. data)   RO Data    RW Data    ZI Data      Debug   Library Name

      5276        520          0         37        100      79585   RTX_CM4.lib
       284         16          0          0         96        584   c_w.l
        10          0          0          0          0        116   fz_wm.l

    ----------------------------------------------------------------------
      5596        536          0         40        200      80285   Library Totals

    ----------------------------------------------------------------------

==============================================================================


      Code (inc. data)   RO Data    RW Data    ZI Data      Debug   

      9588        806        528        120       4752     377375   Grand Totals
      9588        806        528        120       4752     377375   ELF Image Totals
      9588        806        528        120          0          0   ROM Totals

==============================================================================

    Total RO  Size (Code + RO Data)                10116 (   9.88kB)
    Total RW  Size (RW Data + ZI Data)              4872 (   4.76kB)
    Total ROM Size (Code + RO Data + RW Data)      10236 (  10.00kB)

==============================================================================

