Component: ARM Compiler 5.06 update 3 (build 300) Tool: armlink [4d35c9]

==============================================================================

Section Cross References

    leds.o(i.LEDSwitchOnOff) refers to stm32f4xx_gpio.o(i.GPIO_SetBits) for GPIO_SetBits
    leds.o(i.LEDSwitchOnOff) refers to stm32f4xx_gpio.o(i.GPIO_ResetBits) for GPIO_ResetBits
    leds.o(i.init_leds) refers to stm32f4xx_rcc.o(i.RCC_AHB1PeriphClockCmd) for RCC_AHB1PeriphClockCmd
    leds.o(i.init_leds) refers to stm32f4xx_gpio.o(i.GPIO_Init) for GPIO_Init
    leds.o(i.turnOffAll) refers to leds.o(i.LEDSwitchOnOff) for LEDSwitchOnOff
    main.o(i.main) refers to leds.o(i.init_leds) for init_leds
    main.o(i.main) refers to rt_cmsis.o(i.osKernelInitialize) for osKernelInitialize
    main.o(i.main) refers to tasks.o(i.init_timer) for init_timer
    main.o(i.main) refers to tasks.o(i.init_tasks) for init_tasks
    main.o(i.main) refers to rt_cmsis.o(i.osKernelStart) for osKernelStart
    tasks.o(i.TimerTasks_Callback) refers to tasks.o(.data) for redLEDCounter
    tasks.o(i.blueLEDTask) refers to leds.o(i.turnOffAll) for turnOffAll
    tasks.o(i.blueLEDTask) refers to leds.o(i.LEDSwitchOnOff) for LEDSwitchOnOff
    tasks.o(i.blueLEDTask) refers to rt_cmsis.o(i.osDelay) for osDelay
    tasks.o(i.generalLEDTask) refers to leds.o(i.turnOffAll) for turnOffAll
    tasks.o(i.generalLEDTask) refers to rt_cmsis.o(i.osDelay) for osDelay
    tasks.o(i.greenLEDTask) refers to leds.o(i.turnOffAll) for turnOffAll
    tasks.o(i.greenLEDTask) refers to leds.o(i.LEDSwitchOnOff) for LEDSwitchOnOff
    tasks.o(i.greenLEDTask) refers to rt_cmsis.o(i.osDelay) for osDelay
    tasks.o(i.init_tasks) refers to rt_cmsis.o(i.osThreadCreate) for osThreadCreate
    tasks.o(i.init_tasks) refers to tasks.o(.constdata) for os_thread_def_redLEDTask
    tasks.o(i.init_tasks) refers to tasks.o(.data) for tid_redLEDTask
    tasks.o(i.init_timer) refers to rt_cmsis.o(i.osTimerCreate) for osTimerCreate
    tasks.o(i.init_timer) refers to rt_cmsis.o(i.osTimerStart) for osTimerStart
    tasks.o(i.init_timer) refers to tasks.o(.data) for tim
    tasks.o(i.init_timer) refers to tasks.o(.constdata) for os_timer_def_TimerTasks
    tasks.o(i.orangeLEDTask) refers to leds.o(i.turnOffAll) for turnOffAll
    tasks.o(i.orangeLEDTask) refers to leds.o(i.LEDSwitchOnOff) for LEDSwitchOnOff
    tasks.o(i.orangeLEDTask) refers to rt_cmsis.o(i.osDelay) for osDelay
    tasks.o(i.redLEDTask) refers to leds.o(i.turnOffAll) for turnOffAll
    tasks.o(i.redLEDTask) refers to leds.o(i.LEDSwitchOnOff) for LEDSwitchOnOff
    tasks.o(i.redLEDTask) refers to rt_cmsis.o(i.osDelay) for osDelay
    tasks.o(.constdata) refers to tasks.o(i.redLEDTask) for redLEDTask
    tasks.o(.constdata) refers to tasks.o(i.blueLEDTask) for blueLEDTask
    tasks.o(.constdata) refers to tasks.o(i.greenLEDTask) for greenLEDTask
    tasks.o(.constdata) refers to tasks.o(i.orangeLEDTask) for orangeLEDTask
    tasks.o(.constdata) refers to tasks.o(i.generalLEDTask) for generalLEDTask
    tasks.o(.constdata) refers to tasks.o(i.TimerTasks_Callback) for TimerTasks_Callback
    tasks.o(.constdata) refers to tasks.o(.bss) for os_timer_cb_TimerTasks
    startup_stm32f4xx.o(STACK) refers (Special) to heapauxi.o(.text) for __use_two_region_memory
    startup_stm32f4xx.o(HEAP) refers (Special) to heapauxi.o(.text) for __use_two_region_memory
    startup_stm32f4xx.o(RESET) refers (Special) to heapauxi.o(.text) for __use_two_region_memory
    startup_stm32f4xx.o(RESET) refers to startup_stm32f4xx.o(STACK) for __initial_sp
    startup_stm32f4xx.o(RESET) refers to startup_stm32f4xx.o(.text) for Reset_Handler
    startup_stm32f4xx.o(RESET) refers to hal_cm4.o(.emb_text) for SVC_Handler
    startup_stm32f4xx.o(.text) refers (Special) to heapauxi.o(.text) for __use_two_region_memory
    startup_stm32f4xx.o(.text) refers to system_stm32f4xx.o(i.SystemInit) for SystemInit
    startup_stm32f4xx.o(.text) refers to __main.o(!!!main) for __main
    startup_stm32f4xx.o(.text) refers to startup_stm32f4xx.o(HEAP) for Heap_Mem
    startup_stm32f4xx.o(.text) refers to startup_stm32f4xx.o(STACK) for Stack_Mem
    stm32f4xx_gpio.o(i.GPIO_DeInit) refers to stm32f4xx_rcc.o(i.RCC_AHB1PeriphResetCmd) for RCC_AHB1PeriphResetCmd
    stm32f4xx_rcc.o(i.RCC_GetClocksFreq) refers to stm32f4xx_rcc.o(.data) for APBAHBPrescTable
    stm32f4xx_rcc.o(i.RCC_WaitForHSEStartUp) refers to stm32f4xx_rcc.o(i.RCC_GetFlagStatus) for RCC_GetFlagStatus
    system_stm32f4xx.o(i.SystemCoreClockUpdate) refers to system_stm32f4xx.o(.data) for SystemCoreClock
    system_stm32f4xx.o(i.SystemInit) refers to system_stm32f4xx.o(i.SetSysClock) for SetSysClock
    rtx_conf_cm.o(.emb_text) refers to rt_cmsis.o(i.osKernelInitialize) for osKernelInitialize
    rtx_conf_cm.o(.emb_text) refers to rt_cmsis.o(i.osThreadCreate) for osThreadCreate
    rtx_conf_cm.o(.emb_text) refers to rt_cmsis.o(i.osKernelStart) for osKernelStart
[...]
    Removing rt_cmsis.o(i.osTimerDelete), (24 bytes).
    Removing rt_cmsis.o(i.osTimerStop), (24 bytes).
    Removing rt_cmsis.o(i.osWait), (4 bytes).
    Removing rt_cmsis.o(i.os_resume), (12 bytes).
    Removing rt_cmsis.o(i.os_suspend), (12 bytes).
    Removing rt_cmsis.o(i.rt_clr_box), (24 bytes).
    Removing rt_cmsis.o(i.svcKernelRunning), (12 bytes).
    Removing rt_cmsis.o(i.svcKernelSysTick), (56 bytes).
    Removing rt_cmsis.o(i.svcMailCreate), (66 bytes).
    Removing rt_cmsis.o(i.svcMessagePut), (54 bytes).
    Removing rt_cmsis.o(i.svcMutexCreate), (28 bytes).
    Removing rt_cmsis.o(i.svcMutexDelete), (26 bytes).
    Removing rt_cmsis.o(i.svcMutexRelease), (34 bytes).
    Removing rt_cmsis.o(i.svcMutexWait), (54 bytes).
    Removing rt_cmsis.o(i.svcPoolCreate), (40 bytes).
    Removing rt_cmsis.o(i.svcSemaphoreCreate), (36 bytes).
    Removing rt_cmsis.o(i.svcSemaphoreDelete), (26 bytes).
    Removing rt_cmsis.o(i.svcSemaphoreRelease), (40 bytes).
    Removing rt_cmsis.o(i.svcSemaphoreWait), (50 bytes).
    Removing rt_cmsis.o(i.svcSignalClear), (36 bytes).
    Removing rt_cmsis.o(i.svcSignalSet), (36 bytes).
    Removing rt_cmsis.o(i.svcSignalWait), (84 bytes).
    Removing rt_cmsis.o(i.svcThreadGetPriority), (18 bytes).
    Removing rt_cmsis.o(i.svcThreadSetPriority), (46 bytes).
    Removing rt_cmsis.o(i.svcThreadYield), (10 bytes).
    Removing rt_cmsis.o(i.svcTimerDelete), (40 bytes).
    Removing rt_cmsis.o(i.svcTimerStop), (36 bytes).
    Removing rt_cmsis.o(i.sysMailAlloc), (88 bytes).
    Removing rt_cmsis.o(i.sysMailFree), (96 bytes).
    Removing rt_cmsis.o(i.sysPoolAlloc), (10 bytes).
    Removing rt_cmsis.o(i.sysPoolFree), (20 bytes).
    Removing rt_cmsis.o(i.sysUserTimerUpdate), (48 bytes).
    Removing rt_cmsis.o(i.sysUserTimerWakeupTime), (20 bytes).
    Removing rt_task.o(i.rt_tsk_pass), (48 bytes).
    Removing rt_mutex.o(i.rt_mut_delete), (176 bytes).
    Removing rt_mutex.o(i.rt_mut_init), (16 bytes).
    Removing rt_system.o(.emb_text), (0 bytes).
    Removing rt_system.o(i.os_tick_ovf), (16 bytes).
    Removing rt_system.o(i.os_tick_val), (20 bytes).
    Removing rt_system.o(i.rt_resume), (136 bytes).
    Removing rt_system.o(i.rt_suspend), (36 bytes).
    Removing rt_system.o(i.rt_tsk_lock), (80 bytes).
    Removing rt_system.o(i.rt_tsk_unlock), (80 bytes).
    Removing rt_event.o(i.isr_evt_set), (40 bytes).
    Removing rt_event.o(i.rt_evt_clr), (28 bytes).
    Removing rt_event.o(i.rt_evt_get), (12 bytes).
    Removing rt_event.o(i.rt_evt_set), (92 bytes).
    Removing rt_event.o(i.rt_evt_wait), (60 bytes).
    Removing rt_list.o(i.rt_get_same_rdy_prio), (36 bytes).
    Removing rt_mailbox.o(i.rt_mbx_send), (152 bytes).
    Removing rt_semaphore.o(i.isr_sem_send), (16 bytes).
    Removing rt_semaphore.o(i.rt_sem_delete), (92 bytes).
    Removing rt_semaphore.o(i.rt_sem_init), (12 bytes).
    Removing rt_semaphore.o(i.rt_sem_send), (42 bytes).
    Removing rt_semaphore.o(i.rt_sem_wait), (64 bytes).
    Removing rt_time.o(i.rt_itv_set), (24 bytes).
    Removing rt_time.o(i.rt_itv_wait), (40 bytes).
    Removing rt_time.o(i.rt_time_get), (12 bytes).
    Removing rt_membox.o(i._calloc_box), (30 bytes).

179 unused section(s) (total 6114 bytes) removed from the image.

==============================================================================

Image Symbol Table

    Local Symbols

    Symbol Name                              Value     Ov Type        Size  Object(Section)

    ../clib/angel/boardlib.s                 0x00000000   Number         0  boardinit1.o ABSOLUTE
    ../clib/angel/boardlib.s                 0x00000000   Number         0  boardinit2.o ABSOLUTE
    ../clib/angel/boardlib.s                 0x00000000   Number         0  boardshut.o ABSOLUTE
    ../clib/angel/handlers.s                 0x00000000   Number         0  __scatter_zi.o ABSOLUTE
    ../clib/angel/handlers.s                 0x00000000   Number         0  __scatter_copy.o ABSOLUTE
    ../clib/angel/kernel.s                   0x00000000   Number         0  rtexit2.o ABSOLUTE
    ../clib/angel/kernel.s                   0x00000000   Number         0  __rtentry4.o ABSOLUTE
    ../clib/angel/kernel.s                   0x00000000   Number         0  __rtentry2.o ABSOLUTE
    ../clib/angel/kernel.s                   0x00000000   Number         0  rtexit.o ABSOLUTE
    ../clib/angel/kernel.s                   0x00000000   Number         0  __rtentry.o ABSOLUTE
    ../clib/angel/rt.s                       0x00000000   Number         0  rt_raise.o ABSOLUTE
    ../clib/angel/rt.s                       0x00000000   Number         0  aeabi_ldiv0.o ABSOLUTE
    ../clib/angel/rt.s                       0x00000000   Number         0  rt_div0.o ABSOLUTE
    ../clib/angel/rt.s                       0x00000000   Number         0  aeabi_ldiv0_sigfpe.o ABSOLUTE
    ../clib/angel/scatter.s                  0x00000000   Number         0  __scatter.o ABSOLUTE
    ../clib/angel/startup.s                  0x00000000   Number         0  __main.o ABSOLUTE
    ../clib/angel/sys.s                      0x00000000   Number         0  indicate_semi.o ABSOLUTE
    ../clib/angel/sys.s                      0x00000000   Number         0  use_no_semi.o ABSOLUTE
    ../clib/angel/sys.s                      0x00000000   Number         0  sys_stackheap_outer.o ABSOLUTE
    ../clib/angel/sys.s                      0x00000000   Number         0  libspace.o ABSOLUTE
    ../clib/angel/sysapp.c                   0x00000000   Number         0  sys_wrch.o ABSOLUTE
    ../clib/angel/sysapp.c                   0x00000000   Number         0  sys_exit.o ABSOLUTE
    ../clib/angel/sysapp.c                   0x00000000   Number         0  sys_command.o ABSOLUTE
    ../clib/armsys.c                         0x00000000   Number         0  _get_argv_nomalloc.o ABSOLUTE
    ../clib/armsys.c                         0x00000000   Number         0  argv_veneer.o ABSOLUTE
    ../clib/armsys.c                         0x00000000   Number         0  no_argv.o ABSOLUTE
    ../clib/armsys.c                         0x00000000   Number         0  argv_veneer.o ABSOLUTE
    ../clib/heapalloc.c                      0x00000000   Number         0  hrguard.o ABSOLUTE
    ../clib/heapaux.c                        0x00000000   Number         0  heapauxi.o ABSOLUTE
    ../clib/libinit.s                        0x00000000   Number         0  libshutdown2.o ABSOLUTE
    ../clib/libinit.s                        0x00000000   Number         0  libshutdown.o ABSOLUTE
    ../clib/libinit.s                        0x00000000   Number         0  libinit2.o ABSOLUTE
    ../clib/libinit.s                        0x00000000   Number         0  libinit.o ABSOLUTE
    ../clib/longlong.s                       0x00000000   Number         0  lludivv7m.o ABSOLUTE
    ../clib/signal.c                         0x00000000   Number         0  defsig_rtmem_inner.o ABSOLUTE
    ../clib/signal.c                         0x00000000   Number         0  defsig_abrt_inner.o ABSOLUTE
    ../clib/signal.c                         0x00000000   Number         0  defsig_general.o ABSOLUTE
    ../clib/signal.c                         0x00000000   Number         0  __raise.o ABSOLUTE
    ../clib/signal.c                         0x00000000   Number         0  defsig_fpe_inner.o ABSOLUTE
    ../clib/signal.c                         0x00000000   Number         0  defsig_exit.o ABSOLUTE
    ../clib/signal.c                         0x00000000   Number         0  defsig_rtred_inner.o ABSOLUTE
    ../clib/signal.c                         0x00000000   Number         0  defsig_fpe_formal.o ABSOLUTE
    ../clib/signal.c                         0x00000000   Number         0  defsig_fpe_outer.o ABSOLUTE
    ../clib/signal.c                         0x00000000   Number         0  defsig_other.o ABSOLUTE
    ../clib/signal.c                         0x00000000   Number         0  defsig_segv_inner.o ABSOLUTE
    ../clib/signal.c                         0x00000000   Number         0  defsig_cppl_inner.o ABSOLUTE
    ../clib/signal.c                         0x00000000   Number         0  defsig_pvfn_inner.o ABSOLUTE
    ../clib/signal.c                         0x00000000   Number         0  defsig_stak_inner.o ABSOLUTE
    ../clib/signal.c                         0x00000000   Number         0  defsig_rtmem_formal.o ABSOLUTE
    ../clib/signal.c                         0x00000000   Number         0  defsig_rtmem_outer.o ABSOLUTE
    ../clib/signal.s                         0x00000000   Number         0  defsig.o ABSOLUTE
    ../clib/stdlib.c                         0x00000000   Number         0  exit.o ABSOLUTE
    ../fplib/fpinit.s                        0x00000000   Number         0  fpinit.o ABSOLUTE
    ..\HAL_CM.c                              0x00000000   Number         0  hal_cm.o ABSOLUTE
    ..\\rt_CMSIS.c                           0x00000000   Number         0  rt_cmsis.o ABSOLUTE
    ..\\rt_System.c                          0x00000000   Number         0  rt_system.o ABSOLUTE
    ..\rt_CMSIS.c                            0x00000000   Number         0  rt_cmsis.o ABSOLUTE
    ..\rt_Event.c                            0x00000000   Number         0  rt_event.o ABSOLUTE
    ..\rt_List.c                             0x00000000   Number         0  rt_list.o ABSOLUTE
    ..\rt_Mailbox.c                          0x00000000   Number         0  rt_mailbox.o ABSOLUTE
    ..\rt_MemBox.c                           0x00000000   Number         0  rt_membox.o ABSOLUTE
    ..\rt_Memory.c                           0x00000000   Number         0  rt_memory.o ABSOLUTE
    ..\rt_Mutex.c                            0x00000000   Number         0  rt_mutex.o ABSOLUTE
    ..\rt_Robin.c                            0x00000000   Number         0  rt_robin.o ABSOLUTE
    ..\rt_Semaphore.c                        0x00000000   Number         0  rt_semaphore.o ABSOLUTE
    ..\rt_System.c                           0x00000000   Number         0  rt_system.o ABSOLUTE
    ..\rt_Task.c                             0x00000000   Number         0  rt_task.o ABSOLUTE
    ..\rt_Time.c                             0x00000000   Number         0  rt_time.o ABSOLUTE
    CMSIS\Device\ST\STM32F4xx\Source\Templates\system_stm32f4xx.c 0x00000000   Number         0  system_stm32f4xx.o ABSOLUTE
    CMSIS\\Device\\ST\\STM32F4xx\\Source\\Templates\\system_stm32f4xx.c 0x00000000   Number         0  system_stm32f4xx.o ABSOLUTE
    HAL_CM4.c                                0x00000000   Number         0  hal_cm4.o ABSOLUTE
    HAL_CM4.c                                0x00000000   Number         0  hal_cm4.o ABSOLUTE
    RTE\CMSIS\RTX_Conf_CM.c                  0x00000000   Number         0  rtx_conf_cm.o ABSOLUTE
    RTE\\CMSIS\\RTX_Conf_CM.c                0x00000000   Number         0  rtx_conf_cm.o ABSOLUTE
    STM32F4xx_StdPeriph_Driver\\src\\stm32f4xx_gpio.c 0x00000000   Number         0  stm32f4xx_gpio.o ABSOLUTE
    STM32F4xx_StdPeriph_Driver\\src\\stm32f4xx_rcc.c 0x00000000   Number         0  stm32f4xx_rcc.o ABSOLUTE
    STM32F4xx_StdPeriph_Driver\src\stm32f4xx_gpio.c 0x00000000   Number         0  stm32f4xx_gpio.o ABSOLUTE
    STM32F4xx_StdPeriph_Driver\src\stm32f4xx_rcc.c 0x00000000   Number         0  stm32f4xx_rcc.o ABSOLUTE
    SVC_Table.s                              0x00000000   Number         0  svc_table.o ABSOLUTE
    Startup\startup_stm32f4xx.s              0x00000000   Number         0  startup_stm32f4xx.o ABSOLUTE
    Volodymyr\\src\\leds.c                   0x00000000   Number         0  leds.o ABSOLUTE
    Volodymyr\\src\\main.c                   0x00000000   Number         0  main.o ABSOLUTE
    Volodymyr\\src\\tasks.c                  0x00000000   Number         0  tasks.o ABSOLUTE
    Volodymyr\src\leds.c                     0x00000000   Number         0  leds.o ABSOLUTE
    Volodymyr\src\main.c                     0x00000000   Number         0  main.o ABSOLUTE
    Volodymyr\src\tasks.c                    0x00000000   Number         0  tasks.o ABSOLUTE
    dc.s                                     0x00000000   Number         0  dc.o ABSOLUTE
    RESET                                    0x08000000   Section      392  startup_stm32f4xx.o(RESET)
    !!!main                                  0x08000188   Section        8  __main.o(!!!main)
    !!!scatter                               0x08000190   Section       52  __scatter.o(!!!scatter)
    !!handler_copy                           0x080001c4   Section       26  __scatter_copy.o(!!handler_copy)
    !!handler_zi                             0x080001e0   Section       28  __scatter_zi.o(!!handler_zi)
    .ARM.Collect$$libinit$$00000000          0x080001fc   Section        2  libinit.o(.ARM.Collect$$libinit$$00000000)
    .ARM.Collect$$libinit$$00000001          0x080001fe   Section        4  libinit2.o(.ARM.Collect$$libinit$$00000001)
    .ARM.Collect$$libinit$$00000004          0x08000202   Section        0  libinit2.o(.ARM.Collect$$libinit$$00000004)
    .ARM.Collect$$libinit$$0000000A          0x08000202   Section        0  libinit2.o(.ARM.Collect$$libinit$$0000000A)
    .ARM.Collect$$libinit$$0000000C          0x08000202   Section        0  libinit2.o(.ARM.Collect$$libinit$$0000000C)
    .ARM.Collect$$libinit$$0000000E          0x08000202   Section        0  libinit2.o(.ARM.Collect$$libinit$$0000000E)
    .ARM.Collect$$libinit$$00000011          0x08000202   Section        0  libinit2.o(.ARM.Collect$$libinit$$00000011)
    .ARM.Collect$$libinit$$00000013          0x08000202   Section        0  libinit2.o(.ARM.Collect$$libinit$$00000013)
    .ARM.Collect$$libinit$$00000015          0x08000202   Section        0  libinit2.o(.ARM.Collect$$libinit$$00000015)
    .ARM.Collect$$libinit$$00000017          0x08000202   Section        0  libinit2.o(.ARM.Collect$$libinit$$00000017)
    .ARM.Collect$$libinit$$00000019          0x08000202   Section        0  libinit2.o(.ARM.Collect$$libinit$$00000019)
    .ARM.Collect$$libinit$$0000001B          0x08000202   Section        0  libinit2.o(.ARM.Collect$$libinit$$0000001B)
    .ARM.Collect$$libinit$$0000001D          0x08000202   Section        0  libinit2.o(.ARM.Collect$$libinit$$0000001D)
    .ARM.Collect$$libinit$$0000001F          0x08000202   Section        0  libinit2.o(.ARM.Collect$$libinit$$0000001F)
    .ARM.Collect$$libinit$$00000021          0x08000202   Section        0  libinit2.o(.ARM.Collect$$libinit$$00000021)
    .ARM.Collect$$libinit$$00000023          0x08000202   Section        0  libinit2.o(.ARM.Collect$$libinit$$00000023)
    .ARM.Collect$$libinit$$00000025          0x08000202   Section        0  libinit2.o(.ARM.Collect$$libinit$$00000025)
    .ARM.Collect$$libinit$$0000002C          0x08000202   Section        0  libinit2.o(.ARM.Collect$$libinit$$0000002C)
    .ARM.Collect$$libinit$$0000002E          0x08000202   Section        0  libinit2.o(.ARM.Collect$$libinit$$0000002E)
    .ARM.Collect$$libinit$$00000030          0x08000202   Section        0  libinit2.o(.ARM.Collect$$libinit$$00000030)
    .ARM.Collect$$libinit$$00000032          0x08000202   Section        0  libinit2.o(.ARM.Collect$$libinit$$00000032)
    .ARM.Collect$$libinit$$00000033          0x08000202   Section        2  libinit2.o(.ARM.Collect$$libinit$$00000033)
    .ARM.Collect$$libshutdown$$00000000      0x08000204   Section        2  libshutdown.o(.ARM.Collect$$libshutdown$$00000000)
    .ARM.Collect$$libshutdown$$00000002      0x08000206   Section        0  libshutdown2.o(.ARM.Collect$$libshutdown$$00000002)
    .ARM.Collect$$libshutdown$$00000004      0x08000206   Section        0  libshutdown2.o(.ARM.Collect$$libshutdown$$00000004)
    .ARM.Collect$$libshutdown$$00000007      0x08000206   Section        0  libshutdown2.o(.ARM.Collect$$libshutdown$$00000007)
    .ARM.Collect$$libshutdown$$0000000A      0x08000206   Section        0  libshutdown2.o(.ARM.Collect$$libshutdown$$0000000A)
    .ARM.Collect$$libshutdown$$0000000C      0x08000206   Section        0  libshutdown2.o(.ARM.Collect$$libshutdown$$0000000C)
    .ARM.Collect$$libshutdown$$0000000F      0x08000206   Section        0  libshutdown2.o(.ARM.Collect$$libshutdown$$0000000F)
    .ARM.Collect$$libshutdown$$00000010      0x08000206   Section        2  libshutdown2.o(.ARM.Collect$$libshutdown$$00000010)
    .ARM.Collect$$rtentry$$00000000          0x08000208   Section        0  __rtentry.o(.ARM.Collect$$rtentry$$00000000)
    .ARM.Collect$$rtentry$$00000002          0x08000208   Section        0  __rtentry2.o(.ARM.Collect$$rtentry$$00000002)
    .ARM.Collect$$rtentry$$00000004          0x08000208   Section        6  __rtentry4.o(.ARM.Collect$$rtentry$$00000004)
    .ARM.Collect$$rtentry$$00000009          0x0800020e   Section        0  __rtentry2.o(.ARM.Collect$$rtentry$$00000009)
    .ARM.Collect$$rtentry$$0000000A          0x0800020e   Section        4  __rtentry2.o(.ARM.Collect$$rtentry$$0000000A)
    .ARM.Collect$$rtentry$$0000000B          0x08000212   Section        8  __rtentry2.o(.ARM.Collect$$rtentry$$0000000B)
    .ARM.Collect$$rtentry$$0000000D          0x0800021a   Section        8  __rtentry2.o(.ARM.Collect$$rtentry$$0000000D)
    .ARM.Collect$$rtexit$$00000000           0x08000222   Section        2  rtexit.o(.ARM.Collect$$rtexit$$00000000)
    .ARM.Collect$$rtexit$$00000002           0x08000224   Section        0  rtexit2.o(.ARM.Collect$$rtexit$$00000002)
    .ARM.Collect$$rtexit$$00000003           0x08000224   Section        4  rtexit2.o(.ARM.Collect$$rtexit$$00000003)
    .ARM.Collect$$rtexit$$00000004           0x08000228   Section        6  rtexit2.o(.ARM.Collect$$rtexit$$00000004)
    .emb_text                                0x08000230   Section       28  rtx_conf_cm.o(.emb_text)
    $v0                                      0x08000230   Number         0  rtx_conf_cm.o(.emb_text)
    .emb_text                                0x0800024c   Section      408  hal_cm4.o(.emb_text)
    $v0                                      0x0800024c   Number         0  hal_cm4.o(.emb_text)
    .text                                    0x080003e4   Section       64  startup_stm32f4xx.o(.text)
    $v0                                      0x080003e4   Number         0  startup_stm32f4xx.o(.text)
    .text                                    0x08000424   Section        8  libspace.o(.text)
    .text                                    0x0800042c   Section      238  lludivv7m.o(.text)
    .text                                    0x0800051a   Section        0  exit.o(.text)
    .text                                    0x0800052c   Section        0  heapauxi.o(.text)
    .text                                    0x08000534   Section        0  sys_exit.o(.text)
    .text                                    0x08000540   Section       74  sys_stackheap_outer.o(.text)
    .text                                    0x0800058a   Section        2  use_no_semi.o(.text)
    .text                                    0x0800058c   Section        0  indicate_semi.o(.text)
    SVC_TABLE                                0x0800058c   Section        4  svc_table.o(SVC_TABLE)
    i.GPIO_Init                              0x08000590   Section        0  stm32f4xx_gpio.o(i.GPIO_Init)
    i.GPIO_ResetBits                         0x08000620   Section        0  stm32f4xx_gpio.o(i.GPIO_ResetBits)
    i.GPIO_SetBits                           0x08000624   Section        0  stm32f4xx_gpio.o(i.GPIO_SetBits)
    i.LEDSwitchOnOff                         0x08000628   Section        0  leds.o(i.LEDSwitchOnOff)
    i.RCC_AHB1PeriphClockCmd                 0x0800064c   Section        0  stm32f4xx_rcc.o(i.RCC_AHB1PeriphClockCmd)
    i.SetSysClock                            0x0800066c   Section        0  system_stm32f4xx.o(i.SetSysClock)
    SetSysClock                              0x0800066d   Thumb Code   220  system_stm32f4xx.o(i.SetSysClock)
    i.SystemInit                             0x08000758   Section        0  system_stm32f4xx.o(i.SystemInit)
    i.TimerTasks_Callback                    0x080007c0   Section        0  tasks.o(i.TimerTasks_Callback)
    i._init_box                              0x080007e4   Section        0  rt_membox.o(i._init_box)
    i._mutex_acquire                         0x0800082c   Section        0  rtx_conf_cm.o(i._mutex_acquire)
    __tagsym$$used                           0x0800082d   Number         0  rtx_conf_cm.o(i._mutex_acquire)
    i._mutex_release                         0x0800084c   Section        0  rtx_conf_cm.o(i._mutex_release)
    __tagsym$$used                           0x0800084d   Number         0  rtx_conf_cm.o(i._mutex_release)
    i.blueLEDTask                            0x08000868   Section        0  tasks.o(i.blueLEDTask)
    i.dbg_init                               0x08000884   Section        0  hal_cm.o(i.dbg_init)
    i.dbg_task_notify                        0x080008b4   Section        0  hal_cm.o(i.dbg_task_notify)
    i.dbg_task_switch                        0x080008d4   Section        0  hal_cm.o(i.dbg_task_switch)
    i.generalLEDTask                         0x080008e4   Section        0  tasks.o(i.generalLEDTask)
    i.greenLEDTask                           0x080008f6   Section        0  tasks.o(i.greenLEDTask)
    i.init_leds                              0x08000910   Section        0  leds.o(i.init_leds)
    i.init_tasks                             0x0800093c   Section        0  tasks.o(i.init_tasks)
    i.init_timer                             0x080009a4   Section        0  tasks.o(i.init_timer)
    i.isrMessageGet                          0x080009d4   Section        0  rt_cmsis.o(i.isrMessageGet)
    i.isrMessagePut                          0x080009fe   Section        0  rt_cmsis.o(i.isrMessagePut)
    i.isr_mbx_receive                        0x08000a2c   Section        0  rt_mailbox.o(i.isr_mbx_receive)
    i.isr_mbx_send                           0x08000a82   Section        0  rt_mailbox.o(i.isr_mbx_send)
    i.main                                   0x08000a90   Section        0  main.o(i.main)
    i.orangeLEDTask                          0x08000aaa   Section        0  tasks.o(i.orangeLEDTask)
    i.osDelay                                0x08000ac4   Section        0  rt_cmsis.o(i.osDelay)
    i.osKernelInitialize                     0x08000adc   Section        0  rt_cmsis.o(i.osKernelInitialize)
    i.osKernelStart                          0x08000b00   Section        0  rt_cmsis.o(i.osKernelStart)
    i.osMessageGet                           0x08000b6c   Section        0  rt_cmsis.o(i.osMessageGet)
    i.osThreadCreate                         0x08000b84   Section        0  rt_cmsis.o(i.osThreadCreate)
    i.osThreadExit                           0x08000bb4   Section        0  rt_cmsis.o(i.osThreadExit)
    i.osTimerCall                            0x08000bcc   Section        0  rt_cmsis.o(i.osTimerCall)
    i.osTimerCreate                          0x08000bd8   Section        0  rt_cmsis.o(i.osTimerCreate)
    i.osTimerStart                           0x08000c0c   Section        0  rt_cmsis.o(i.osTimerStart)
    i.osTimerThread                          0x08000c24   Section        0  rt_cmsis.o(i.osTimerThread)
    i.os_error                               0x08000c50   Section        0  rtx_conf_cm.o(i.os_error)
    i.os_idle_demon                          0x08000c72   Section        0  rtx_conf_cm.o(i.os_idle_demon)
    i.os_tick_init                           0x08000c78   Section        0  rt_system.o(i.os_tick_init)
    i.os_tick_irqack                         0x08000ca0   Section        0  rt_system.o(i.os_tick_irqack)
    i.redLEDTask                             0x08000ca2   Section        0  tasks.o(i.redLEDTask)
    i.rt_alloc_box                           0x08000cbc   Section        0  rt_membox.o(i.rt_alloc_box)
    i.rt_alloc_mem                           0x08000cd6   Section        0  rt_memory.o(i.rt_alloc_mem)
    i.rt_block                               0x08000d14   Section        0  rt_task.o(i.rt_block)
    i.rt_chk_robin                           0x08000d4c   Section        0  rt_robin.o(i.rt_chk_robin)
    i.rt_dec_dly                             0x08000d94   Section        0  rt_list.o(i.rt_dec_dly)
    i.rt_dispatch                            0x08000e04   Section        0  rt_task.o(i.rt_dispatch)
    i.rt_dly_wait                            0x08000e48   Section        0  rt_time.o(i.rt_dly_wait)
    i.rt_evt_psh                             0x08000e50   Section        0  rt_event.o(i.rt_evt_psh)
    i.rt_free_box                            0x08000ea0   Section        0  rt_membox.o(i.rt_free_box)
    i.rt_free_mem                            0x08000ecc   Section        0  rt_memory.o(i.rt_free_mem)
    i.rt_get_first                           0x08000ef4   Section        0  rt_list.o(i.rt_get_first)
    i.rt_id2obj                              0x08000f1c   Section        0  rt_cmsis.o(i.rt_id2obj)
    rt_id2obj                                0x08000f1d   Thumb Code     8  rt_cmsis.o(i.rt_id2obj)
    i.rt_init_context                        0x08000f24   Section        0  rt_task.o(i.rt_init_context)
    rt_init_context                          0x08000f25   Thumb Code    66  rt_task.o(i.rt_init_context)
    i.rt_init_mem                            0x08000f6c   Section        0  rt_memory.o(i.rt_init_mem)
    i.rt_init_robin                          0x08000f88   Section        0  rt_robin.o(i.rt_init_robin)
    i.rt_init_stack                          0x08000fa0   Section        0  hal_cm.o(i.rt_init_stack)
    i.rt_mbx_check                           0x08001020   Section        0  rt_mailbox.o(i.rt_mbx_check)
    i.rt_mbx_init                            0x08001028   Section        0  rt_mailbox.o(i.rt_mbx_init)
    i.rt_mbx_psh                             0x08001044   Section        0  rt_mailbox.o(i.rt_mbx_psh)
    i.rt_mbx_wait                            0x08001134   Section        0  rt_mailbox.o(i.rt_mbx_wait)
    i.rt_ms2tick                             0x080011e8   Section        0  rt_cmsis.o(i.rt_ms2tick)
    rt_ms2tick                               0x080011e9   Thumb Code    58  rt_cmsis.o(i.rt_ms2tick)
    i.rt_mut_release                         0x0800122c   Section        0  rt_mutex.o(i.rt_mut_release)
    i.rt_mut_wait                            0x08001304   Section        0  rt_mutex.o(i.rt_mut_wait)
    i.rt_pop_req                             0x0800136c   Section        0  rt_system.o(i.rt_pop_req)
    i.rt_psh_req                             0x080013e8   Section        0  rt_system.o(i.rt_psh_req)
    i.rt_psq_enq                             0x08001408   Section        0  rt_list.o(i.rt_psq_enq)
    i.rt_put_dly                             0x08001464   Section        0  rt_list.o(i.rt_put_dly)
    i.rt_put_prio                            0x080014ac   Section        0  rt_list.o(i.rt_put_prio)
    i.rt_put_rdy_first                       0x080014e4   Section        0  rt_list.o(i.rt_put_rdy_first)
    i.rt_resort_prio                         0x080014f8   Section        0  rt_list.o(i.rt_resort_prio)
    i.rt_ret_regs                            0x0800152c   Section        0  hal_cm.o(i.rt_ret_regs)
    rt_ret_regs                              0x0800152d   Thumb Code    16  hal_cm.o(i.rt_ret_regs)
    i.rt_ret_val                             0x0800153c   Section        0  hal_cm.o(i.rt_ret_val)
    i.rt_ret_val2                            0x08001548   Section        0  hal_cm.o(i.rt_ret_val2)
    i.rt_rmv_dly                             0x08001558   Section        0  rt_list.o(i.rt_rmv_dly)
    i.rt_rmv_list                            0x08001580   Section        0  rt_list.o(i.rt_rmv_list)
    i.rt_sem_psh                             0x080015b0   Section        0  rt_semaphore.o(i.rt_sem_psh)
    i.rt_stk_check                           0x080015e4   Section        0  rt_system.o(i.rt_stk_check)
    i.rt_switch_req                          0x08001608   Section        0  rt_task.o(i.rt_switch_req)
    i.rt_sys_init                            0x08001630   Section        0  rt_task.o(i.rt_sys_init)
    i.rt_sys_start                           0x080016fc   Section        0  rt_task.o(i.rt_sys_start)
    i.rt_systick                             0x08001774   Section        0  rt_system.o(i.rt_systick)
    i.rt_tid2ptcb                            0x080017b4   Section        0  rt_cmsis.o(i.rt_tid2ptcb)
    rt_tid2ptcb                              0x080017b5   Thumb Code    18  rt_cmsis.o(i.rt_tid2ptcb)
    i.rt_timer_insert                        0x080017c8   Section        0  rt_cmsis.o(i.rt_timer_insert)
    rt_timer_insert                          0x080017c9   Thumb Code    48  rt_cmsis.o(i.rt_timer_insert)
    i.rt_timer_remove                        0x080017fc   Section        0  rt_cmsis.o(i.rt_timer_remove)
    rt_timer_remove                          0x080017fd   Thumb Code    56  rt_cmsis.o(i.rt_timer_remove)
    i.rt_tsk_create                          0x08001838   Section        0  rt_task.o(i.rt_tsk_create)
    i.rt_tsk_delete                          0x080018c0   Section        0  rt_task.o(i.rt_tsk_delete)
    i.rt_tsk_prio                            0x08001a3c   Section        0  rt_task.o(i.rt_tsk_prio)
    i.rt_tsk_self                            0x08001ab8   Section        0  rt_task.o(i.rt_tsk_self)
    i.svcDelay                               0x08001ac8   Section        0  rt_cmsis.o(i.svcDelay)
    i.svcKernelInitialize                    0x08001adc   Section        0  rt_cmsis.o(i.svcKernelInitialize)
    i.svcKernelStart                         0x08001b4c   Section        0  rt_cmsis.o(i.svcKernelStart)
    i.svcMessageCreate                       0x08001b94   Section        0  rt_cmsis.o(i.svcMessageCreate)
    i.svcMessageGet                          0x08001bb8   Section        0  rt_cmsis.o(i.svcMessageGet)
    i.svcThreadCreate                        0x08001bf4   Section        0  rt_cmsis.o(i.svcThreadCreate)
    i.svcThreadGetId                         0x08001c64   Section        0  rt_cmsis.o(i.svcThreadGetId)
    i.svcThreadTerminate                     0x08001c80   Section        0  rt_cmsis.o(i.svcThreadTerminate)
    i.svcTimerCall                           0x08001cb8   Section        0  rt_cmsis.o(i.svcTimerCall)
    i.svcTimerCreate                         0x08001cd0   Section        0  rt_cmsis.o(i.svcTimerCreate)
    i.svcTimerStart                          0x08001d08   Section        0  rt_cmsis.o(i.svcTimerStart)
    i.sysTimerTick                           0x08001d6c   Section        0  rt_cmsis.o(i.sysTimerTick)
    i.turnOffAll                             0x08001dc8   Section        0  leds.o(i.turnOffAll)
    x$fpl$fpinit                             0x08001df4   Section       10  fpinit.o(x$fpl$fpinit)
    $v0                                      0x08001df4   Number         0  fpinit.o(x$fpl$fpinit)
    .constdata                               0x08001e00   Section       88  tasks.o(.constdata)
    .constdata                               0x08001e58   Section      104  rtx_conf_cm.o(.constdata)
    __tagsym$$used                           0x08001e74   Number         0  rtx_conf_cm.o(.constdata)
    __tagsym$$used                           0x08001e78   Number         0  rtx_conf_cm.o(.constdata)
    __tagsym$$used                           0x08001e7c   Number         0  rtx_conf_cm.o(.constdata)
    __tagsym$$used                           0x08001e80   Number         0  rtx_conf_cm.o(.constdata)
    .data                                    0x20000000   Section       32  tasks.o(.data)
    .data                                    0x20000020   Section       20  rtx_conf_cm.o(.data)
    nr_mutex                                 0x20000030   Data           4  rtx_conf_cm.o(.data)
    .data                                    0x20000034   Section        8  rt_cmsis.o(.data)
    .data                                    0x2000003c   Section        8  rt_task.o(.data)
    .data                                    0x20000044   Section        8  rt_system.o(.data)
    os_lock                                  0x20000044   Data           1  rt_system.o(.data)
    os_psh_flag                              0x20000045   Data           1  rt_system.o(.data)
    pend_flags                               0x20000046   Data           1  rt_system.o(.data)
    .data                                    0x2000004c   Section        4  rt_time.o(.data)
    .data                                    0x20000050   Section        8  rt_robin.o(.data)
    .data                                    0x20000058   Section        1  hal_cm.o(.data)
    .bss                                     0x2000005c   Section       24  tasks.o(.bss)
    .bss                                     0x20000078   Section     3016  rtx_conf_cm.o(.bss)
    std_libspace                             0x20000920   Data         672  rtx_conf_cm.o(.bss)
    std_libmutex                             0x20000bc0   Data         128  rtx_conf_cm.o(.bss)
    .bss                                     0x20000c40   Section       52  rt_task.o(.bss)
    .bss                                     0x20000c74   Section       48  rt_list.o(.bss)
    .bss                                     0x20000ca4   Section       96  libspace.o(.bss)
    HEAP                                     0x20000d08   Section      512  startup_stm32f4xx.o(HEAP)
    Heap_Mem                                 0x20000d08   Data         512  startup_stm32f4xx.o(HEAP)
    STACK                                    0x20000f08   Section     1024  startup_stm32f4xx.o(STACK)
    Stack_Mem                                0x20000f08   Data        1024  startup_stm32f4xx.o(STACK)
    __initial_sp                             0x20001308   Data           0  startup_stm32f4xx.o(STACK)

    Global Symbols

    Symbol Name                              Value     Ov Type        Size  Object(Section)

    BuildAttributes$$THM_ISAv4$E$P$D$K$B$S$7EM$VFPi3$EXTD16$VFPS$VFMA$PE$A:L22UL41UL21$X:L11$S22US41US21$IEEE1$IW$USESV6$~STKCKD$USESV7$~SHL$OSPACE$ROPI$EBA8$UX$STANDARDLIB$REQ8$PRES8$EABIv2 0x00000000   Number         0  anon$$obj.o ABSOLUTE
    __ARM_use_no_argv                        0x00000000   Number         0  main.o ABSOLUTE
    __ARM_exceptions_init                     - Undefined Weak Reference
    __alloca_initialize                       - Undefined Weak Reference
    __arm_preinit_                            - Undefined Weak Reference
    __cpp_initialize__aeabi_                  - Undefined Weak Reference
    __cxa_finalize                            - Undefined Weak Reference
    __rt_locale                               - Undefined Weak Reference
    __sigvec_lookup                           - Undefined Weak Reference
    _atexit_init                              - Undefined Weak Reference
    _call_atexit_fns                          - Undefined Weak Reference
    _clock_init                               - Undefined Weak Reference
    _fp_trap_init                             - Undefined Weak Reference
    _fp_trap_shutdown                         - Undefined Weak Reference
    _get_lc_collate                           - Undefined Weak Reference
    _get_lc_ctype                             - Undefined Weak Reference
    _get_lc_monetary                          - Undefined Weak Reference
    _get_lc_numeric                           - Undefined Weak Reference
    _get_lc_time                              - Undefined Weak Reference
    _getenv_init                              - Undefined Weak Reference
    _handle_redirection                       - Undefined Weak Reference
    _init_alloc                               - Undefined Weak Reference
    _init_user_alloc                          - Undefined Weak Reference
    _initio                                   - Undefined Weak Reference
    _rand_init                                - Undefined Weak Reference
    _signal_finish                            - Undefined Weak Reference
    _signal_init                              - Undefined Weak Reference
    _terminate_alloc                          - Undefined Weak Reference
    _terminate_user_alloc                     - Undefined Weak Reference
    _terminateio                              - Undefined Weak Reference
    __Vectors_Size                           0x00000188   Number         0  startup_stm32f4xx.o ABSOLUTE
    __RL_RTX_VER                             0x00000481   Number         0  rt_system.o ABSOLUTE
    __Vectors                                0x08000000   Data           4  startup_stm32f4xx.o(RESET)
    __Vectors_End                            0x08000188   Data           0  startup_stm32f4xx.o(RESET)
    __main                                   0x08000189   Thumb Code     8  __main.o(!!!main)
    __scatterload                            0x08000191   Thumb Code     0  __scatter.o(!!!scatter)
    __scatterload_rt2                        0x08000191   Thumb Code    44  __scatter.o(!!!scatter)
    __scatterload_rt2_thumb_only             0x08000191   Thumb Code     0  __scatter.o(!!!scatter)
    __scatterload_null                       0x0800019f   Thumb Code     0  __scatter.o(!!!scatter)
    __scatterload_copy                       0x080001c5   Thumb Code    26  __scatter_copy.o(!!handler_copy)
    __scatterload_zeroinit                   0x080001e1   Thumb Code    28  __scatter_zi.o(!!handler_zi)
    __rt_lib_init                            0x080001fd   Thumb Code     0  libinit.o(.ARM.Collect$$libinit$$00000000)
    __rt_lib_init_fp_1                       0x080001ff   Thumb Code     0  libinit2.o(.ARM.Collect$$libinit$$00000001)
    __rt_lib_init_alloca_1                   0x08000203   Thumb Code     0  libinit2.o(.ARM.Collect$$libinit$$0000002E)
    __rt_lib_init_argv_1                     0x08000203   Thumb Code     0  libinit2.o(.ARM.Collect$$libinit$$0000002C)
    __rt_lib_init_atexit_1                   0x08000203   Thumb Code     0  libinit2.o(.ARM.Collect$$libinit$$0000001B)
    __rt_lib_init_clock_1                    0x08000203   Thumb Code     0  libinit2.o(.ARM.Collect$$libinit$$00000021)
    __rt_lib_init_cpp_1                      0x08000203   Thumb Code     0  libinit2.o(.ARM.Collect$$libinit$$00000032)
    __rt_lib_init_exceptions_1               0x08000203   Thumb Code     0  libinit2.o(.ARM.Collect$$libinit$$00000030)
    __rt_lib_init_fp_trap_1                  0x08000203   Thumb Code     0  libinit2.o(.ARM.Collect$$libinit$$0000001F)
    __rt_lib_init_getenv_1                   0x08000203   Thumb Code     0  libinit2.o(.ARM.Collect$$libinit$$00000023)
    __rt_lib_init_heap_1                     0x08000203   Thumb Code     0  libinit2.o(.ARM.Collect$$libinit$$0000000A)
    __rt_lib_init_lc_collate_1               0x08000203   Thumb Code     0  libinit2.o(.ARM.Collect$$libinit$$00000011)
    __rt_lib_init_lc_ctype_1                 0x08000203   Thumb Code     0  libinit2.o(.ARM.Collect$$libinit$$00000013)
    __rt_lib_init_lc_monetary_1              0x08000203   Thumb Code     0  libinit2.o(.ARM.Collect$$libinit$$00000015)
    __rt_lib_init_lc_numeric_1               0x08000203   Thumb Code     0  libinit2.o(.ARM.Collect$$libinit$$00000017)
    __rt_lib_init_lc_time_1                  0x08000203   Thumb Code     0  libinit2.o(.ARM.Collect$$libinit$$00000019)
    __rt_lib_init_preinit_1                  0x08000203   Thumb Code     0  libinit2.o(.ARM.Collect$$libinit$$00000004)
    __rt_lib_init_rand_1                     0x08000203   Thumb Code     0  libinit2.o(.ARM.Collect$$libinit$$0000000E)
    __rt_lib_init_return                     0x08000203   Thumb Code     0  libinit2.o(.ARM.Collect$$libinit$$00000033)
    __rt_lib_init_signal_1                   0x08000203   Thumb Code     0  libinit2.o(.ARM.Collect$$libinit$$0000001D)
    __rt_lib_init_stdio_1                    0x08000203   Thumb Code     0  libinit2.o(.ARM.Collect$$libinit$$00000025)
    __rt_lib_init_user_alloc_1               0x08000203   Thumb Code     0  libinit2.o(.ARM.Collect$$libinit$$0000000C)
    __rt_lib_shutdown                        0x08000205   Thumb Code     0  libshutdown.o(.ARM.Collect$$libshutdown$$00000000)
    __rt_lib_shutdown_cpp_1                  0x08000207   Thumb Code     0  libshutdown2.o(.ARM.Collect$$libshutdown$$00000002)
    __rt_lib_shutdown_fp_trap_1              0x08000207   Thumb Code     0  libshutdown2.o(.ARM.Collect$$libshutdown$$00000007)
    __rt_lib_shutdown_heap_1                 0x08000207   Thumb Code     0  libshutdown2.o(.ARM.Collect$$libshutdown$$0000000F)
    __rt_lib_shutdown_return                 0x08000207   Thumb Code     0  libshutdown2.o(.ARM.Collect$$libshutdown$$00000010)
    __rt_lib_shutdown_signal_1               0x08000207   Thumb Code     0  libshutdown2.o(.ARM.Collect$$libshutdown$$0000000A)
    __rt_lib_shutdown_stdio_1                0x08000207   Thumb Code     0  libshutdown2.o(.ARM.Collect$$libshutdown$$00000004)
    __rt_lib_shutdown_user_alloc_1           0x08000207   Thumb Code     0  libshutdown2.o(.ARM.Collect$$libshutdown$$0000000C)
    __rt_entry                               0x08000209   Thumb Code     0  __rtentry.o(.ARM.Collect$$rtentry$$00000000)
    __rt_entry_presh_1                       0x08000209   Thumb Code     0  __rtentry2.o(.ARM.Collect$$rtentry$$00000002)
    __rt_entry_sh                            0x08000209   Thumb Code     0  __rtentry4.o(.ARM.Collect$$rtentry$$00000004)
    __rt_entry_li                            0x0800020f   Thumb Code     0  __rtentry2.o(.ARM.Collect$$rtentry$$0000000A)
    __rt_entry_postsh_1                      0x0800020f   Thumb Code     0  __rtentry2.o(.ARM.Collect$$rtentry$$00000009)
    __rt_entry_postli_1                      0x08000213   Thumb Code     0  __rtentry2.o(.ARM.Collect$$rtentry$$0000000B)
    __rt_entry_main                          0x0800021b   Thumb Code     0  __rtentry2.o(.ARM.Collect$$rtentry$$0000000D)
    __rt_exit                                0x08000223   Thumb Code     0  rtexit.o(.ARM.Collect$$rtexit$$00000000)
    __rt_exit_ls                             0x08000225   Thumb Code     0  rtexit2.o(.ARM.Collect$$rtexit$$00000003)
    __rt_exit_prels_1                        0x08000225   Thumb Code     0  rtexit2.o(.ARM.Collect$$rtexit$$00000002)
    __rt_exit_exit                           0x08000229   Thumb Code     0  rtexit2.o(.ARM.Collect$$rtexit$$00000004)
    _platform_post_lib_init                  0x08000231   Thumb Code    24  rtx_conf_cm.o(.emb_text)
    rt_set_PSP                               0x0800024d   Thumb Code     6  hal_cm4.o(.emb_text)
    rt_get_PSP                               0x08000253   Thumb Code     6  hal_cm4.o(.emb_text)
    os_set_env                               0x08000259   Thumb Code    24  hal_cm4.o(.emb_text)
    _alloc_box                               0x08000275   Thumb Code    28  hal_cm4.o(.emb_text)
    _free_box                                0x08000295   Thumb Code    28  hal_cm4.o(.emb_text)
    SVC_Handler                              0x080002b5   Thumb Code   168  hal_cm4.o(.emb_text)
    PendSV_Handler                           0x0800036d   Thumb Code    96  hal_cm4.o(.emb_text)
    SysTick_Handler                          0x080003d1   Thumb Code     8  hal_cm4.o(.emb_text)
    OS_Tick_Handler                          0x080003d9   Thumb Code    12  hal_cm4.o(.emb_text)
    Reset_Handler                            0x080003e5   Thumb Code     8  startup_stm32f4xx.o(.text)
    NMI_Handler                              0x080003ed   Thumb Code     2  startup_stm32f4xx.o(.text)
    HardFault_Handler                        0x080003ef   Thumb Code     2  startup_stm32f4xx.o(.text)
    MemManage_Handler                        0x080003f1   Thumb Code     2  startup_stm32f4xx.o(.text)
    BusFault_Handler                         0x080003f3   Thumb Code     2  startup_stm32f4xx.o(.text)
    UsageFault_Handler                       0x080003f5   Thumb Code     2  startup_stm32f4xx.o(.text)
    DebugMon_Handler                         0x080003f9   Thumb Code     2  startup_stm32f4xx.o(.text)
    ADC_IRQHandler                           0x080003ff   Thumb Code     0  startup_stm32f4xx.o(.text)
    CAN1_RX0_IRQHandler                      0x080003ff   Thumb Code     0  startup_stm32f4xx.o(.text)
    CAN1_RX1_IRQHandler                      0x080003ff   Thumb Code     0  startup_stm32f4xx.o(.text)
    CAN1_SCE_IRQHandler                      0x080003ff   Thumb Code     0  startup_stm32f4xx.o(.text)
    CAN1_TX_IRQHandler                       0x080003ff   Thumb Code     0  startup_stm32f4xx.o(.text)
    CAN2_RX0_IRQHandler                      0x080003ff   Thumb Code     0  startup_stm32f4xx.o(.text)
    CAN2_RX1_IRQHandler                      0x080003ff   Thumb Code     0  startup_stm32f4xx.o(.text)
    CAN2_SCE_IRQHandler                      0x080003ff   Thumb Code     0  startup_stm32f4xx.o(.text)
    CAN2_TX_IRQHandler                       0x080003ff   Thumb Code     0  startup_stm32f4xx.o(.text)
    CRYP_IRQHandler                          0x080003ff   Thumb Code     0  startup_stm32f4xx.o(.text)
    DCMI_IRQHandler                          0x080003ff   Thumb Code     0  startup_stm32f4xx.o(.text)
    DMA1_Stream0_IRQHandler                  0x080003ff   Thumb Code     0  startup_stm32f4xx.o(.text)
    DMA1_Stream1_IRQHandler                  0x080003ff   Thumb Code     0  startup_stm32f4xx.o(.text)
    DMA1_Stream2_IRQHandler                  0x080003ff   Thumb Code     0  startup_stm32f4xx.o(.text)
    DMA1_Stream3_IRQHandler                  0x080003ff   Thumb Code     0  startup_stm32f4xx.o(.text)
    DMA1_Stream4_IRQHandler                  0x080003ff   Thumb Code     0  startup_stm32f4xx.o(.text)
    DMA1_Stream5_IRQHandler                  0x080003ff   Thumb Code     0  startup_stm32f4xx.o(.text)
    DMA1_Stream6_IRQHandler                  0x080003ff   Thumb Code     0  startup_stm32f4xx.o(.text)
    DMA1_Stream7_IRQHandler                  0x080003ff   Thumb Code     0  startup_stm32f4xx.o(.text)
    DMA2_Stream0_IRQHandler                  0x080003ff   Thumb Code     0  startup_stm32f4xx.o(.text)
    DMA2_Stream1_IRQHandler                  0x080003ff   Thumb Code     0  startup_stm32f4xx.o(.text)
    DMA2_Stream2_IRQHandler                  0x080003ff   Thumb Code     0  startup_stm32f4xx.o(.text)
    DMA2_Stream3_IRQHandler                  0x080003ff   Thumb Code     0  startup_stm32f4xx.o(.text)
    DMA2_Stream4_IRQHandler                  0x080003ff   Thumb Code     0  startup_stm32f4xx.o(.text)
    DMA2_Stream5_IRQHandler                  0x080003ff   Thumb Code     0  startup_stm32f4xx.o(.text)
    DMA2_Stream6_IRQHandler                  0x080003ff   Thumb Code     0  startup_stm32f4xx.o(.text)
    DMA2_Stream7_IRQHandler                  0x080003ff   Thumb Code     0  startup_stm32f4xx.o(.text)
    ETH_IRQHandler                           0x080003ff   Thumb Code     0  startup_stm32f4xx.o(.text)
    ETH_WKUP_IRQHandler                      0x080003ff   Thumb Code     0  startup_stm32f4xx.o(.text)
    EXTI0_IRQHandler                         0x080003ff   Thumb Code     0  startup_stm32f4xx.o(.text)
    EXTI15_10_IRQHandler                     0x080003ff   Thumb Code     0  startup_stm32f4xx.o(.text)
    EXTI1_IRQHandler                         0x080003ff   Thumb Code     0  startup_stm32f4xx.o(.text)
    EXTI2_IRQHandler                         0x080003ff   Thumb Code     0  startup_stm32f4xx.o(.text)
    EXTI3_IRQHandler                         0x080003ff   Thumb Code     0  startup_stm32f4xx.o(.text)
    EXTI4_IRQHandler                         0x080003ff   Thumb Code     0  startup_stm32f4xx.o(.text)
    EXTI9_5_IRQHandler                       0x080003ff   Thumb Code     0  startup_stm32f4xx.o(.text)
    FLASH_IRQHandler                         0x080003ff   Thumb Code     0  startup_stm32f4xx.o(.text)
    FPU_IRQHandler                           0x080003ff   Thumb Code     0  startup_stm32f4xx.o(.text)
    FSMC_IRQHandler                          0x080003ff   Thumb Code     0  startup_stm32f4xx.o(.text)
    HASH_RNG_IRQHandler                      0x080003ff   Thumb Code     0  startup_stm32f4xx.o(.text)
    I2C1_ER_IRQHandler                       0x080003ff   Thumb Code     0  startup_stm32f4xx.o(.text)
    I2C1_EV_IRQHandler                       0x080003ff   Thumb Code     0  startup_stm32f4xx.o(.text)
    I2C2_ER_IRQHandler                       0x080003ff   Thumb Code     0  startup_stm32f4xx.o(.text)
    I2C2_EV_IRQHandler                       0x080003ff   Thumb Code     0  startup_stm32f4xx.o(.text)
    I2C3_ER_IRQHandler                       0x080003ff   Thumb Code     0  startup_stm32f4xx.o(.text)
    I2C3_EV_IRQHandler                       0x080003ff   Thumb Code     0  startup_stm32f4xx.o(.text)
    OTG_FS_IRQHandler                        0x080003ff   Thumb Code     0  startup_stm32f4xx.o(.text)
    OTG_FS_WKUP_IRQHandler                   0x080003ff   Thumb Code     0  startup_stm32f4xx.o(.text)
    OTG_HS_EP1_IN_IRQHandler                 0x080003ff   Thumb Code     0  startup_stm32f4xx.o(.text)
    OTG_HS_EP1_OUT_IRQHandler                0x080003ff   Thumb Code     0  startup_stm32f4xx.o(.text)
    OTG_HS_IRQHandler                        0x080003ff   Thumb Code     0  startup_stm32f4xx.o(.text)
    OTG_HS_WKUP_IRQHandler                   0x080003ff   Thumb Code     0  startup_stm32f4xx.o(.text)
    PVD_IRQHandler                           0x080003ff   Thumb Code     0  startup_stm32f4xx.o(.text)
    RCC_IRQHandler                           0x080003ff   Thumb Code     0  startup_stm32f4xx.o(.text)
    RTC_Alarm_IRQHandler                     0x080003ff   Thumb Code     0  startup_stm32f4xx.o(.text)
    RTC_WKUP_IRQHandler                      0x080003ff   Thumb Code     0  startup_stm32f4xx.o(.text)
    SDIO_IRQHandler                          0x080003ff   Thumb Code     0  startup_stm32f4xx.o(.text)
    SPI1_IRQHandler                          0x080003ff   Thumb Code     0  startup_stm32f4xx.o(.text)
    SPI2_IRQHandler                          0x080003ff   Thumb Code     0  startup_stm32f4xx.o(.text)
    SPI3_IRQHandler                          0x080003ff   Thumb Code     0  startup_stm32f4xx.o(.text)
    TAMP_STAMP_IRQHandler                    0x080003ff   Thumb Code     0  startup_stm32f4xx.o(.text)
    TIM1_BRK_TIM9_IRQHandler                 0x080003ff   Thumb Code     0  startup_stm32f4xx.o(.text)
    TIM1_CC_IRQHandler                       0x080003ff   Thumb Code     0  startup_stm32f4xx.o(.text)
    TIM1_TRG_COM_TIM11_IRQHandler            0x080003ff   Thumb Code     0  startup_stm32f4xx.o(.text)
    TIM1_UP_TIM10_IRQHandler                 0x080003ff   Thumb Code     0  startup_stm32f4xx.o(.text)
    TIM2_IRQHandler                          0x080003ff   Thumb Code     0  startup_stm32f4xx.o(.text)
    TIM3_IRQHandler                          0x080003ff   Thumb Code     0  startup_stm32f4xx.o(.text)
    TIM4_IRQHandler                          0x080003ff   Thumb Code     0  startup_stm32f4xx.o(.text)
    TIM5_IRQHandler                          0x080003ff   Thumb Code     0  startup_stm32f4xx.o(.text)
    TIM6_DAC_IRQHandler                      0x080003ff   Thumb Code     0  startup_stm32f4xx.o(.text)
    TIM7_IRQHandler                          0x080003ff   Thumb Code     0  startup_stm32f4xx.o(.text)
    TIM8_BRK_TIM12_IRQHandler                0x080003ff   Thumb Code     0  startup_stm32f4xx.o(.text)
    TIM8_CC_IRQHandler                       0x080003ff   Thumb Code     0  startup_stm32f4xx.o(.text)
    TIM8_TRG_COM_TIM14_IRQHandler            0x080003ff   Thumb Code     0  startup_stm32f4xx.o(.text)
    TIM8_UP_TIM13_IRQHandler                 0x080003ff   Thumb Code     0  startup_stm32f4xx.o(.text)
    UART4_IRQHandler                         0x080003ff   Thumb Code     0  startup_stm32f4xx.o(.text)
    UART5_IRQHandler                         0x080003ff   Thumb Code     0  startup_stm32f4xx.o(.text)
    USART1_IRQHandler                        0x080003ff   Thumb Code     0  startup_stm32f4xx.o(.text)
    USART2_IRQHandler                        0x080003ff   Thumb Code     0  startup_stm32f4xx.o(.text)
    USART3_IRQHandler                        0x080003ff   Thumb Code     0  startup_stm32f4xx.o(.text)
    USART6_IRQHandler                        0x080003ff   Thumb Code     0  startup_stm32f4xx.o(.text)
    WWDG_IRQHandler                          0x080003ff   Thumb Code     0  startup_stm32f4xx.o(.text)
    __user_initial_stackheap                 0x08000401   Thumb Code     0  startup_stm32f4xx.o(.text)
    __user_libspace                          0x08000425   Thumb Code     8  libspace.o(.text)
    __user_perproc_libspace                  0x08000425   Thumb Code     0  libspace.o(.text)
    __aeabi_uldivmod                         0x0800042d   Thumb Code     0  lludivv7m.o(.text)
    _ll_udiv                                 0x0800042d   Thumb Code   238  lludivv7m.o(.text)
    exit                                     0x0800051b   Thumb Code    18  exit.o(.text)
    __use_two_region_memory                  0x0800052d   Thumb Code     2  heapauxi.o(.text)
    __rt_heap_escrow$2region                 0x0800052f   Thumb Code     2  heapauxi.o(.text)
    __rt_heap_expand$2region                 0x08000531   Thumb Code     2  heapauxi.o(.text)
    _sys_exit                                0x08000535   Thumb Code     8  sys_exit.o(.text)
    __user_setup_stackheap                   0x08000541   Thumb Code    74  sys_stackheap_outer.o(.text)
    __I$use$semihosting                      0x0800058b   Thumb Code     0  use_no_semi.o(.text)
    __use_no_semihosting_swi                 0x0800058b   Thumb Code     2  use_no_semi.o(.text)
    SVC_Count                                0x0800058c   Data           4  svc_table.o(SVC_TABLE)
    __semihosting_library_function           0x0800058d   Thumb Code     0  indicate_semi.o(.text)
    GPIO_Init                                0x08000591   Thumb Code   144  stm32f4xx_gpio.o(i.GPIO_Init)
    SVC_Table                                0x08000590   Data           0  svc_table.o(SVC_TABLE)
    GPIO_ResetBits                           0x08000621   Thumb Code     4  stm32f4xx_gpio.o(i.GPIO_ResetBits)
    GPIO_SetBits                             0x08000625   Thumb Code     4  stm32f4xx_gpio.o(i.GPIO_SetBits)
    LEDSwitchOnOff                           0x08000629   Thumb Code    30  leds.o(i.LEDSwitchOnOff)
    RCC_AHB1PeriphClockCmd                   0x0800064d   Thumb Code    26  stm32f4xx_rcc.o(i.RCC_AHB1PeriphClockCmd)
    SystemInit                               0x08000759   Thumb Code    88  system_stm32f4xx.o(i.SystemInit)
    TimerTasks_Callback                      0x080007c1   Thumb Code    26  tasks.o(i.TimerTasks_Callback)
    _init_box                                0x080007e5   Thumb Code    70  rt_membox.o(i._init_box)
    _mutex_acquire                           0x0800082d   Thumb Code    22  rtx_conf_cm.o(i._mutex_acquire)
    _mutex_release                           0x0800084d   Thumb Code    18  rtx_conf_cm.o(i._mutex_release)
    blueLEDTask                              0x08000869   Thumb Code    26  tasks.o(i.blueLEDTask)
    dbg_init                                 0x08000885   Thumb Code    34  hal_cm.o(i.dbg_init)
    dbg_task_notify                          0x080008b5   Thumb Code    32  hal_cm.o(i.dbg_task_notify)
    dbg_task_switch                          0x080008d5   Thumb Code    16  hal_cm.o(i.dbg_task_switch)
    generalLEDTask                           0x080008e5   Thumb Code    18  tasks.o(i.generalLEDTask)
    greenLEDTask                             0x080008f7   Thumb Code    26  tasks.o(i.greenLEDTask)
    init_leds                                0x08000911   Thumb Code    38  leds.o(i.init_leds)
    init_tasks                               0x0800093d   Thumb Code    64  tasks.o(i.init_tasks)
    init_timer                               0x080009a5   Thumb Code    34  tasks.o(i.init_timer)
    isrMessageGet                            0x080009d5   Thumb Code    42  rt_cmsis.o(i.isrMessageGet)
    isrMessagePut                            0x080009ff   Thumb Code    44  rt_cmsis.o(i.isrMessagePut)
    isr_mbx_receive                          0x08000a2d   Thumb Code    86  rt_mailbox.o(i.isr_mbx_receive)
    isr_mbx_send                             0x08000a83   Thumb Code    14  rt_mailbox.o(i.isr_mbx_send)
    main                                     0x08000a91   Thumb Code    26  main.o(i.main)
    orangeLEDTask                            0x08000aab   Thumb Code    26  tasks.o(i.orangeLEDTask)
    osDelay                                  0x08000ac5   Thumb Code    18  rt_cmsis.o(i.osDelay)
    osKernelInitialize                       0x08000add   Thumb Code    30  rt_cmsis.o(i.osKernelInitialize)
    osKernelStart                            0x08000b01   Thumb Code    98  rt_cmsis.o(i.osKernelStart)
    osMessageGet                             0x08000b6d   Thumb Code    18  rt_cmsis.o(i.osMessageGet)
    osThreadCreate                           0x08000b85   Thumb Code    38  rt_cmsis.o(i.osThreadCreate)
    osThreadExit                             0x08000bb5   Thumb Code    14  rt_cmsis.o(i.osThreadExit)
    osTimerCall                              0x08000bcd   Thumb Code     8  rt_cmsis.o(i.osTimerCall)
    osTimerCreate                            0x08000bd9   Thumb Code    44  rt_cmsis.o(i.osTimerCreate)
    osTimerStart                             0x08000c0d   Thumb Code    18  rt_cmsis.o(i.osTimerStart)
    osTimerThread                            0x08000c25   Thumb Code    38  rt_cmsis.o(i.osTimerThread)
    os_error                                 0x08000c51   Thumb Code    34  rtx_conf_cm.o(i.os_error)
    os_idle_demon                            0x08000c73   Thumb Code     4  rtx_conf_cm.o(i.os_idle_demon)
    os_tick_init                             0x08000c79   Thumb Code    32  rt_system.o(i.os_tick_init)
    os_tick_irqack                           0x08000ca1   Thumb Code     2  rt_system.o(i.os_tick_irqack)
    redLEDTask                               0x08000ca3   Thumb Code    26  tasks.o(i.redLEDTask)
    rt_alloc_box                             0x08000cbd   Thumb Code    26  rt_membox.o(i.rt_alloc_box)
    rt_alloc_mem                             0x08000cd7   Thumb Code    62  rt_memory.o(i.rt_alloc_mem)
    rt_block                                 0x08000d15   Thumb Code    48  rt_task.o(i.rt_block)
    rt_chk_robin                             0x08000d4d   Thumb Code    60  rt_robin.o(i.rt_chk_robin)
    rt_dec_dly                               0x08000d95   Thumb Code   102  rt_list.o(i.rt_dec_dly)
    rt_dispatch                              0x08000e05   Thumb Code    60  rt_task.o(i.rt_dispatch)
    rt_dly_wait                              0x08000e49   Thumb Code     6  rt_time.o(i.rt_dly_wait)
    rt_evt_psh                               0x08000e51   Thumb Code    76  rt_event.o(i.rt_evt_psh)
    rt_free_box                              0x08000ea1   Thumb Code    44  rt_membox.o(i.rt_free_box)
    rt_free_mem                              0x08000ecd   Thumb Code    40  rt_memory.o(i.rt_free_mem)
    rt_get_first                             0x08000ef5   Thumb Code    40  rt_list.o(i.rt_get_first)
    rt_init_mem                              0x08000f6d   Thumb Code    26  rt_memory.o(i.rt_init_mem)
    rt_init_robin                            0x08000f89   Thumb Code    14  rt_robin.o(i.rt_init_robin)
    rt_init_stack                            0x08000fa1   Thumb Code   118  hal_cm.o(i.rt_init_stack)
    rt_mbx_check                             0x08001021   Thumb Code     8  rt_mailbox.o(i.rt_mbx_check)
    rt_mbx_init                              0x08001029   Thumb Code    26  rt_mailbox.o(i.rt_mbx_init)
    rt_mbx_psh                               0x08001045   Thumb Code   236  rt_mailbox.o(i.rt_mbx_psh)
    rt_mbx_wait                              0x08001135   Thumb Code   174  rt_mailbox.o(i.rt_mbx_wait)
    rt_mut_release                           0x0800122d   Thumb Code   208  rt_mutex.o(i.rt_mut_release)
    rt_mut_wait                              0x08001305   Thumb Code   100  rt_mutex.o(i.rt_mut_wait)
    rt_pop_req                               0x0800136d   Thumb Code   112  rt_system.o(i.rt_pop_req)
    rt_psh_req                               0x080013e9   Thumb Code    22  rt_system.o(i.rt_psh_req)
    rt_psq_enq                               0x08001409   Thumb Code    88  rt_list.o(i.rt_psq_enq)
    rt_put_dly                               0x08001465   Thumb Code    68  rt_list.o(i.rt_put_dly)
    rt_put_prio                              0x080014ad   Thumb Code    54  rt_list.o(i.rt_put_prio)
    rt_put_rdy_first                         0x080014e5   Thumb Code    14  rt_list.o(i.rt_put_rdy_first)
    rt_resort_prio                           0x080014f9   Thumb Code    46  rt_list.o(i.rt_resort_prio)
    rt_ret_val                               0x0800153d   Thumb Code    12  hal_cm.o(i.rt_ret_val)
    rt_ret_val2                              0x08001549   Thumb Code    16  hal_cm.o(i.rt_ret_val2)
    rt_rmv_dly                               0x08001559   Thumb Code    40  rt_list.o(i.rt_rmv_dly)
    rt_rmv_list                              0x08001581   Thumb Code    44  rt_list.o(i.rt_rmv_list)
    rt_sem_psh                               0x080015b1   Thumb Code    48  rt_semaphore.o(i.rt_sem_psh)
    rt_stk_check                             0x080015e5   Thumb Code    28  rt_system.o(i.rt_stk_check)
    rt_switch_req                            0x08001609   Thumb Code    30  rt_task.o(i.rt_switch_req)
    rt_sys_init                              0x08001631   Thumb Code   138  rt_task.o(i.rt_sys_init)
    rt_sys_start                             0x080016fd   Thumb Code   110  rt_task.o(i.rt_sys_start)
    rt_systick                               0x08001775   Thumb Code    50  rt_system.o(i.rt_systick)
    rt_tsk_create                            0x08001839   Thumb Code   118  rt_task.o(i.rt_tsk_create)
    rt_tsk_delete                            0x080018c1   Thumb Code   352  rt_task.o(i.rt_tsk_delete)
    rt_tsk_prio                              0x08001a3d   Thumb Code   108  rt_task.o(i.rt_tsk_prio)
    rt_tsk_self                              0x08001ab9   Thumb Code    12  rt_task.o(i.rt_tsk_self)
    svcDelay                                 0x08001ac9   Thumb Code    18  rt_cmsis.o(i.svcDelay)
    svcKernelInitialize                      0x08001add   Thumb Code    80  rt_cmsis.o(i.svcKernelInitialize)
    svcKernelStart                           0x08001b4d   Thumb Code    62  rt_cmsis.o(i.svcKernelStart)
    svcMessageCreate                         0x08001b95   Thumb Code    36  rt_cmsis.o(i.svcMessageCreate)
    svcMessageGet                            0x08001bb9   Thumb Code    58  rt_cmsis.o(i.svcMessageGet)
    svcThreadCreate                          0x08001bf5   Thumb Code   100  rt_cmsis.o(i.svcThreadCreate)
    svcThreadGetId                           0x08001c65   Thumb Code    22  rt_cmsis.o(i.svcThreadGetId)
    svcThreadTerminate                       0x08001c81   Thumb Code    50  rt_cmsis.o(i.svcThreadTerminate)
    svcTimerCall                             0x08001cb9   Thumb Code    24  rt_cmsis.o(i.svcTimerCall)
    svcTimerCreate                           0x08001cd1   Thumb Code    52  rt_cmsis.o(i.svcTimerCreate)
    svcTimerStart                            0x08001d09   Thumb Code    96  rt_cmsis.o(i.svcTimerStart)
    sysTimerTick                             0x08001d6d   Thumb Code    84  rt_cmsis.o(i.sysTimerTick)
    turnOffAll                               0x08001dc9   Thumb Code    44  leds.o(i.turnOffAll)
    _fp_init                                 0x08001df5   Thumb Code    10  fpinit.o(x$fpl$fpinit)
    __fplib_config_fpu_vfp                   0x08001dfd   Thumb Code     0  fpinit.o(x$fpl$fpinit)
    __fplib_config_pureend_doubles           0x08001dfd   Thumb Code     0  fpinit.o(x$fpl$fpinit)
    os_thread_def_redLEDTask                 0x08001e00   Data          16  tasks.o(.constdata)
    os_thread_def_blueLEDTask                0x08001e10   Data          16  tasks.o(.constdata)
    os_thread_def_greenLEDTask               0x08001e20   Data          16  tasks.o(.constdata)
    os_thread_def_orangeLEDTask              0x08001e30   Data          16  tasks.o(.constdata)
    os_thread_def_generalLEDTask             0x08001e40   Data          16  tasks.o(.constdata)
    os_timer_def_TimerTasks                  0x08001e50   Data           8  tasks.o(.constdata)
    os_maxtaskrun                            0x08001e58   Data           2  rtx_conf_cm.o(.constdata)
    os_stackinfo                             0x08001e5c   Data           4  rtx_conf_cm.o(.constdata)
    os_rrobin                                0x08001e60   Data           4  rtx_conf_cm.o(.constdata)
    os_tickfreq                              0x08001e64   Data           4  rtx_conf_cm.o(.constdata)
    os_tickus_i                              0x08001e68   Data           2  rtx_conf_cm.o(.constdata)
    os_tickus_f                              0x08001e6a   Data           2  rtx_conf_cm.o(.constdata)
    os_trv                                   0x08001e6c   Data           4  rtx_conf_cm.o(.constdata)
    os_flags                                 0x08001e70   Data           1  rtx_conf_cm.o(.constdata)
    CMSIS_RTOS_API_Version                   0x08001e74   Data           4  rtx_conf_cm.o(.constdata)
    CMSIS_RTOS_RTX_Version                   0x08001e78   Data           4  rtx_conf_cm.o(.constdata)
    os_clockrate                             0x08001e7c   Data           4  rtx_conf_cm.o(.constdata)
    os_timernum                              0x08001e80   Data           4  rtx_conf_cm.o(.constdata)
    mp_tcb_size                              0x08001e84   Data           2  rtx_conf_cm.o(.constdata)
    mp_stk_size                              0x08001e88   Data           4  rtx_conf_cm.o(.constdata)
    os_stack_sz                              0x08001e8c   Data           4  rtx_conf_cm.o(.constdata)
    os_fifo_size                             0x08001e90   Data           1  rtx_conf_cm.o(.constdata)
    os_thread_def_osTimerThread              0x08001e94   Data          16  rtx_conf_cm.o(.constdata)
    os_messageQ_def_osTimerMessageQ          0x08001ea4   Data           8  rtx_conf_cm.o(.constdata)
    mp_tmr_size                              0x08001eac   Data           2  rtx_conf_cm.o(.constdata)
    os_thread_def_main                       0x08001eb0   Data          16  rtx_conf_cm.o(.constdata)
    Region$$Table$$Base                      0x08001ec0   Number         0  anon$$obj.o(Region$$Table)
    Region$$Table$$Limit                     0x08001ee0   Number         0  anon$$obj.o(Region$$Table)
    tid_orangeLEDTask                        0x20000000   Data           4  tasks.o(.data)
    tid_greenLEDTask                         0x20000004   Data           4  tasks.o(.data)
    tid_redLEDTask                           0x20000008   Data           4  tasks.o(.data)
    tid_blueLEDTask                          0x2000000c   Data           4  tasks.o(.data)
    tid_generalLEDTask                       0x20000010   Data           4  tasks.o(.data)
    tid_TimerTasks                           0x20000014   Data           4  tasks.o(.data)
    tim                                      0x20000018   Data           4  tasks.o(.data)
    redLEDCounter                            0x2000001c   Data           2  tasks.o(.data)
    blueLEDCounter                           0x2000001e   Data           2  tasks.o(.data)
    osThreadId_osTimerThread                 0x20000020   Data           4  rtx_conf_cm.o(.data)
    osMessageQId_osTimerMessageQ             0x20000024   Data           4  rtx_conf_cm.o(.data)
    os_tmr                                   0x20000028   Data           4  rtx_conf_cm.o(.data)
    m_tmr                                    0x2000002c   Data           4  rtx_conf_cm.o(.data)
    os_initialized                           0x20000034   Data           1  rt_cmsis.o(.data)
    os_running                               0x20000035   Data           1  rt_cmsis.o(.data)
    os_timer_head                            0x20000038   Data           4  rt_cmsis.o(.data)
    os_tsk                                   0x2000003c   Data           8  rt_task.o(.data)
    os_tick_irqn                             0x20000048   Data           4  rt_system.o(.data)
    os_time                                  0x2000004c   Data           4  rt_time.o(.data)
    os_robin                                 0x20000050   Data           8  rt_robin.o(.data)
    dbg_msg                                  0x20000058   Data           1  hal_cm.o(.data)
    os_timer_cb_TimerTasks                   0x2000005c   Data          24  tasks.o(.bss)
    mp_tcb                                   0x20000078   Data         376  rtx_conf_cm.o(.bss)
    mp_stk                                   0x200001f0   Data        1216  rtx_conf_cm.o(.bss)
    os_stack_mem                             0x200006b0   Data         432  rtx_conf_cm.o(.bss)
    os_fifo                                  0x20000860   Data         132  rtx_conf_cm.o(.bss)
    os_active_TCB                            0x200008e4   Data          28  rtx_conf_cm.o(.bss)
    os_messageQ_q_osTimerMessageQ            0x20000900   Data          32  rtx_conf_cm.o(.bss)
    os_idle_TCB                              0x20000c40   Data          52  rt_task.o(.bss)
    os_rdy                                   0x20000c74   Data          24  rt_list.o(.bss)
    os_dly                                   0x20000c8c   Data          24  rt_list.o(.bss)
    __libspace_start                         0x20000ca4   Data          96  libspace.o(.bss)
    __temporary_stack_top$libspace           0x20000d04   Data           0  libspace.o(.bss)



==============================================================================

Memory Map of the image

  Image Entry point : 0x080003e5

  Load Region LR_1 (Base: 0x08000000, Size: 0x00001f3c, Max: 0xffffffff, ABSOLUTE)

    Execution Region ER_RO (Base: 0x08000000, Size: 0x00001ee0, Max: 0xffffffff, ABSOLUTE)

    Base Addr    Size         Type   Attr      Idx    E Section Name        Object

    0x08000000   0x00000188   Data   RO          262    RESET               startup_stm32f4xx.o
    0x08000188   0x00000008   Code   RO         2114  * !!!main             c_w.l(__main.o)
    0x08000190   0x00000034   Code   RO         2275    !!!scatter          c_w.l(__scatter.o)
    0x080001c4   0x0000001a   Code   RO         2277    !!handler_copy      c_w.l(__scatter_copy.o)
    0x080001de   0x00000002   PAD
    0x080001e0   0x0000001c   Code   RO         2279    !!handler_zi        c_w.l(__scatter_zi.o)
    0x080001fc   0x00000002   Code   RO         2161    .ARM.Collect$$libinit$$00000000  c_w.l(libinit.o)
    0x080001fe   0x00000004   Code   RO         2172    .ARM.Collect$$libinit$$00000001  c_w.l(libinit2.o)
    0x08000202   0x00000000   Code   RO         2175    .ARM.Collect$$libinit$$00000004  c_w.l(libinit2.o)
    0x08000202   0x00000000   Code   RO         2178    .ARM.Collect$$libinit$$0000000A  c_w.l(libinit2.o)
    0x08000202   0x00000000   Code   RO         2180    .ARM.Collect$$libinit$$0000000C  c_w.l(libinit2.o)
    0x08000202   0x00000000   Code   RO         2182    .ARM.Collect$$libinit$$0000000E  c_w.l(libinit2.o)
    0x08000202   0x00000000   Code   RO         2185    .ARM.Collect$$libinit$$00000011  c_w.l(libinit2.o)
    0x08000202   0x00000000   Code   RO         2187    .ARM.Collect$$libinit$$00000013  c_w.l(libinit2.o)
    0x08000202   0x00000000   Code   RO         2189    .ARM.Collect$$libinit$$00000015  c_w.l(libinit2.o)
    0x08000202   0x00000000   Code   RO         2191    .ARM.Collect$$libinit$$00000017  c_w.l(libinit2.o)
    0x08000202   0x00000000   Code   RO         2193    .ARM.Collect$$libinit$$00000019  c_w.l(libinit2.o)
    0x08000202   0x00000000   Code   RO         2195    .ARM.Collect$$libinit$$0000001B  c_w.l(libinit2.o)
    0x08000202   0x00000000   Code   RO         2197    .ARM.Collect$$libinit$$0000001D  c_w.l(libinit2.o)
    0x08000202   0x00000000   Code   RO         2199    .ARM.Collect$$libinit$$0000001F  c_w.l(libinit2.o)
    0x08000202   0x00000000   Code   RO         2201    .ARM.Collect$$libinit$$00000021  c_w.l(libinit2.o)
    0x08000202   0x00000000   Code   RO         2203    .ARM.Collect$$libinit$$00000023  c_w.l(libinit2.o)
    0x08000202   0x00000000   Code   RO         2205    .ARM.Collect$$libinit$$00000025  c_w.l(libinit2.o)
    0x08000202   0x00000000   Code   RO         2209    .ARM.Collect$$libinit$$0000002C  c_w.l(libinit2.o)
    0x08000202   0x00000000   Code   RO         2211    .ARM.Collect$$libinit$$0000002E  c_w.l(libinit2.o)
    0x08000202   0x00000000   Code   RO         2213    .ARM.Collect$$libinit$$00000030  c_w.l(libinit2.o)
    0x08000202   0x00000000   Code   RO         2215    .ARM.Collect$$libinit$$00000032  c_w.l(libinit2.o)
    0x08000202   0x00000002   Code   RO         2216    .ARM.Collect$$libinit$$00000033  c_w.l(libinit2.o)
    0x08000204   0x00000002   Code   RO         2162    .ARM.Collect$$libshutdown$$00000000  c_w.l(libshutdown.o)
    0x08000206   0x00000000   Code   RO         2218    .ARM.Collect$$libshutdown$$00000002  c_w.l(libshutdown2.o)
    0x08000206   0x00000000   Code   RO         2220    .ARM.Collect$$libshutdown$$00000004  c_w.l(libshutdown2.o)
    0x08000206   0x00000000   Code   RO         2223    .ARM.Collect$$libshutdown$$00000007  c_w.l(libshutdown2.o)
    0x08000206   0x00000000   Code   RO         2226    .ARM.Collect$$libshutdown$$0000000A  c_w.l(libshutdown2.o)
    0x08000206   0x00000000   Code   RO         2228    .ARM.Collect$$libshutdown$$0000000C  c_w.l(libshutdown2.o)
    0x08000206   0x00000000   Code   RO         2231    .ARM.Collect$$libshutdown$$0000000F  c_w.l(libshutdown2.o)
    0x08000206   0x00000002   Code   RO         2232    .ARM.Collect$$libshutdown$$00000010  c_w.l(libshutdown2.o)
    0x08000208   0x00000000   Code   RO         2116    .ARM.Collect$$rtentry$$00000000  c_w.l(__rtentry.o)
    0x08000208   0x00000000   Code   RO         2124    .ARM.Collect$$rtentry$$00000002  c_w.l(__rtentry2.o)
    0x08000208   0x00000006   Code   RO         2136    .ARM.Collect$$rtentry$$00000004  c_w.l(__rtentry4.o)
    0x0800020e   0x00000000   Code   RO         2126    .ARM.Collect$$rtentry$$00000009  c_w.l(__rtentry2.o)
    0x0800020e   0x00000004   Code   RO         2127    .ARM.Collect$$rtentry$$0000000A  c_w.l(__rtentry2.o)
    0x08000212   0x00000008   Code   RO         2128    .ARM.Collect$$rtentry$$0000000B  c_w.l(__rtentry2.o)
    0x0800021a   0x00000008   Code   RO         2130    .ARM.Collect$$rtentry$$0000000D  c_w.l(__rtentry2.o)
    0x08000222   0x00000002   Code   RO         2117    .ARM.Collect$$rtexit$$00000000  c_w.l(rtexit.o)
    0x08000224   0x00000000   Code   RO         2139    .ARM.Collect$$rtexit$$00000002  c_w.l(rtexit2.o)
    0x08000224   0x00000004   Code   RO         2140    .ARM.Collect$$rtexit$$00000003  c_w.l(rtexit2.o)
    0x08000228   0x00000006   Code   RO         2141    .ARM.Collect$$rtexit$$00000004  c_w.l(rtexit2.o)
    0x0800022e   0x00000002   PAD
    0x08000230   0x0000001c   Code   RO          826    .emb_text           rtx_conf_cm.o
    0x0800024c   0x00000198   Code   RO         2090    .emb_text           RTX_CM4.lib(hal_cm4.o)
    0x080003e4   0x00000040   Code   RO          263  * .text               startup_stm32f4xx.o
    0x08000424   0x00000008   Code   RO         2105    .text               c_w.l(libspace.o)
    0x0800042c   0x000000ee   Code   RO         2108    .text               c_w.l(lludivv7m.o)
    0x0800051a   0x00000012   Code   RO         2110    .text               c_w.l(exit.o)
    0x0800052c   0x00000006   Code   RO         2112    .text               c_w.l(heapauxi.o)
    0x08000532   0x00000002   PAD
    0x08000534   0x0000000c   Code   RO         2147    .text               c_w.l(sys_exit.o)
    0x08000540   0x0000004a   Code   RO         2149    .text               c_w.l(sys_stackheap_outer.o)
    0x0800058a   0x00000002   Code   RO         2163    .text               c_w.l(use_no_semi.o)
    0x0800058c   0x00000000   Code   RO         2165    .text               c_w.l(indicate_semi.o)
    0x0800058c   0x00000004   Code   RO         2100    SVC_TABLE           RTX_CM4.lib(svc_table.o)
    0x08000590   0x00000090   Code   RO          271    i.GPIO_Init         stm32f4xx_gpio.o
    0x08000620   0x00000004   Code   RO          278    i.GPIO_ResetBits    stm32f4xx_gpio.o
    0x08000624   0x00000004   Code   RO          279    i.GPIO_SetBits      stm32f4xx_gpio.o
    0x08000628   0x00000024   Code   RO            4    i.LEDSwitchOnOff    leds.o
    0x0800064c   0x00000020   Code   RO          450    i.RCC_AHB1PeriphClockCmd  stm32f4xx_rcc.o
    0x0800066c   0x000000ec   Code   RO          788    i.SetSysClock       system_stm32f4xx.o
    0x08000758   0x00000068   Code   RO          790    i.SystemInit        system_stm32f4xx.o
    0x080007c0   0x00000024   Code   RO          192    i.TimerTasks_Callback  tasks.o
    0x080007e4   0x00000046   Code   RO         1984    i._init_box         RTX_CM4.lib(rt_membox.o)
    0x0800082a   0x00000002   PAD
    0x0800082c   0x00000020   Code   RO          828    i._mutex_acquire    rtx_conf_cm.o
    0x0800084c   0x0000001c   Code   RO          830    i._mutex_release    rtx_conf_cm.o
    0x08000868   0x0000001a   Code   RO          193    i.blueLEDTask       tasks.o
    0x08000882   0x00000002   PAD
    0x08000884   0x00000030   Code   RO         2037    i.dbg_init          RTX_CM4.lib(hal_cm.o)
    0x080008b4   0x00000020   Code   RO         2038    i.dbg_task_notify   RTX_CM4.lib(hal_cm.o)
    0x080008d4   0x00000010   Code   RO         2039    i.dbg_task_switch   RTX_CM4.lib(hal_cm.o)
    0x080008e4   0x00000012   Code   RO          194    i.generalLEDTask    tasks.o
    0x080008f6   0x0000001a   Code   RO          195    i.greenLEDTask      tasks.o
    0x08000910   0x0000002c   Code   RO            5    i.init_leds         leds.o
    0x0800093c   0x00000068   Code   RO          196    i.init_tasks        tasks.o
    0x080009a4   0x00000030   Code   RO          197    i.init_timer        tasks.o
    0x080009d4   0x0000002a   Code   RO          887    i.isrMessageGet     RTX_CM4.lib(rt_cmsis.o)
    0x080009fe   0x0000002c   Code   RO          888    i.isrMessagePut     RTX_CM4.lib(rt_cmsis.o)
    0x08000a2a   0x00000002   PAD
    0x08000a2c   0x00000056   Code   RO         1839    i.isr_mbx_receive   RTX_CM4.lib(rt_mailbox.o)
    0x08000a82   0x0000000e   Code   RO         1840    i.isr_mbx_send      RTX_CM4.lib(rt_mailbox.o)
    0x08000a90   0x0000001a   Code   RO          155    i.main              main.o
    0x08000aaa   0x0000001a   Code   RO          198    i.orangeLEDTask     tasks.o
    0x08000ac4   0x00000018   Code   RO          891    i.osDelay           RTX_CM4.lib(rt_cmsis.o)
    0x08000adc   0x00000024   Code   RO          892    i.osKernelInitialize  RTX_CM4.lib(rt_cmsis.o)
    0x08000b00   0x0000006c   Code   RO          894    i.osKernelStart     RTX_CM4.lib(rt_cmsis.o)
    0x08000b6c   0x00000018   Code   RO          903    i.osMessageGet      RTX_CM4.lib(rt_cmsis.o)
    0x08000b84   0x00000030   Code   RO          920    i.osThreadCreate    RTX_CM4.lib(rt_cmsis.o)
    0x08000bb4   0x00000018   Code   RO          921    i.osThreadExit      RTX_CM4.lib(rt_cmsis.o)
    0x08000bcc   0x0000000c   Code   RO          927    i.osTimerCall       RTX_CM4.lib(rt_cmsis.o)
    0x08000bd8   0x00000034   Code   RO          928    i.osTimerCreate     RTX_CM4.lib(rt_cmsis.o)
    0x08000c0c   0x00000018   Code   RO          930    i.osTimerStart      RTX_CM4.lib(rt_cmsis.o)
    0x08000c24   0x0000002c   Code   RO          932    i.osTimerThread     RTX_CM4.lib(rt_cmsis.o)
    0x08000c50   0x00000022   Code   RO          831    i.os_error          rtx_conf_cm.o
    0x08000c72   0x00000004   Code   RO          832    i.os_idle_demon     rtx_conf_cm.o
    0x08000c76   0x00000002   PAD
    0x08000c78   0x00000028   Code   RO         1631    i.os_tick_init      RTX_CM4.lib(rt_system.o)
    0x08000ca0   0x00000002   Code   RO         1632    i.os_tick_irqack    RTX_CM4.lib(rt_system.o)
    0x08000ca2   0x0000001a   Code   RO          199    i.redLEDTask        tasks.o
    0x08000cbc   0x0000001a   Code   RO         1985    i.rt_alloc_box      RTX_CM4.lib(rt_membox.o)
    0x08000cd6   0x0000003e   Code   RO         2013    i.rt_alloc_mem      RTX_CM4.lib(rt_memory.o)
    0x08000d14   0x00000038   Code   RO         1512    i.rt_block          RTX_CM4.lib(rt_task.o)
    0x08000d4c   0x00000048   Code   RO         1962    i.rt_chk_robin      RTX_CM4.lib(rt_robin.o)
    0x08000d94   0x00000070   Code   RO         1763    i.rt_dec_dly        RTX_CM4.lib(rt_list.o)
    0x08000e04   0x00000044   Code   RO         1513    i.rt_dispatch       RTX_CM4.lib(rt_task.o)
    0x08000e48   0x00000006   Code   RO         1929    i.rt_dly_wait       RTX_CM4.lib(rt_time.o)
    0x08000e4e   0x00000002   PAD
    0x08000e50   0x00000050   Code   RO         1724    i.rt_evt_psh        RTX_CM4.lib(rt_event.o)
    0x08000ea0   0x0000002c   Code   RO         1986    i.rt_free_box       RTX_CM4.lib(rt_membox.o)
    0x08000ecc   0x00000028   Code   RO         2014    i.rt_free_mem       RTX_CM4.lib(rt_memory.o)
    0x08000ef4   0x00000028   Code   RO         1764    i.rt_get_first      RTX_CM4.lib(rt_list.o)
    0x08000f1c   0x00000008   Code   RO          937    i.rt_id2obj         RTX_CM4.lib(rt_cmsis.o)
    0x08000f24   0x00000048   Code   RO         1514    i.rt_init_context   RTX_CM4.lib(rt_task.o)
    0x08000f6c   0x0000001a   Code   RO         2015    i.rt_init_mem       RTX_CM4.lib(rt_memory.o)
    0x08000f86   0x00000002   PAD
    0x08000f88   0x00000018   Code   RO         1963    i.rt_init_robin     RTX_CM4.lib(rt_robin.o)
    0x08000fa0   0x00000080   Code   RO         2040    i.rt_init_stack     RTX_CM4.lib(hal_cm.o)
    0x08001020   0x00000008   Code   RO         1841    i.rt_mbx_check      RTX_CM4.lib(rt_mailbox.o)
    0x08001028   0x0000001a   Code   RO         1842    i.rt_mbx_init       RTX_CM4.lib(rt_mailbox.o)
    0x08001042   0x00000002   PAD
    0x08001044   0x000000f0   Code   RO         1843    i.rt_mbx_psh        RTX_CM4.lib(rt_mailbox.o)
    0x08001134   0x000000b4   Code   RO         1845    i.rt_mbx_wait       RTX_CM4.lib(rt_mailbox.o)
    0x080011e8   0x00000044   Code   RO          938    i.rt_ms2tick        RTX_CM4.lib(rt_cmsis.o)
    0x0800122c   0x000000d8   Code   RO         1598    i.rt_mut_release    RTX_CM4.lib(rt_mutex.o)
    0x08001304   0x00000068   Code   RO         1599    i.rt_mut_wait       RTX_CM4.lib(rt_mutex.o)
    0x0800136c   0x0000007c   Code   RO         1635    i.rt_pop_req        RTX_CM4.lib(rt_system.o)
    0x080013e8   0x00000020   Code   RO         1636    i.rt_psh_req        RTX_CM4.lib(rt_system.o)
    0x08001408   0x0000005c   Code   RO         1766    i.rt_psq_enq        RTX_CM4.lib(rt_list.o)
    0x08001464   0x00000048   Code   RO         1767    i.rt_put_dly        RTX_CM4.lib(rt_list.o)
    0x080014ac   0x00000036   Code   RO         1768    i.rt_put_prio       RTX_CM4.lib(rt_list.o)
    0x080014e2   0x00000002   PAD
    0x080014e4   0x00000014   Code   RO         1769    i.rt_put_rdy_first  RTX_CM4.lib(rt_list.o)
    0x080014f8   0x00000034   Code   RO         1770    i.rt_resort_prio    RTX_CM4.lib(rt_list.o)
    0x0800152c   0x00000010   Code   RO         2041    i.rt_ret_regs       RTX_CM4.lib(hal_cm.o)
    0x0800153c   0x0000000c   Code   RO         2042    i.rt_ret_val        RTX_CM4.lib(hal_cm.o)
    0x08001548   0x00000010   Code   RO         2043    i.rt_ret_val2       RTX_CM4.lib(hal_cm.o)
    0x08001558   0x00000028   Code   RO         1771    i.rt_rmv_dly        RTX_CM4.lib(rt_list.o)
    0x08001580   0x00000030   Code   RO         1772    i.rt_rmv_list       RTX_CM4.lib(rt_list.o)
    0x080015b0   0x00000034   Code   RO         1890    i.rt_sem_psh        RTX_CM4.lib(rt_semaphore.o)
    0x080015e4   0x00000024   Code   RO         1638    i.rt_stk_check      RTX_CM4.lib(rt_system.o)
    0x08001608   0x00000028   Code   RO         1515    i.rt_switch_req     RTX_CM4.lib(rt_task.o)
    0x08001630   0x000000cc   Code   RO         1516    i.rt_sys_init       RTX_CM4.lib(rt_task.o)
    0x080016fc   0x00000078   Code   RO         1517    i.rt_sys_start      RTX_CM4.lib(rt_task.o)
    0x08001774   0x00000040   Code   RO         1640    i.rt_systick        RTX_CM4.lib(rt_system.o)
    0x080017b4   0x00000012   Code   RO          939    i.rt_tid2ptcb       RTX_CM4.lib(rt_cmsis.o)
    0x080017c6   0x00000002   PAD
    0x080017c8   0x00000034   Code   RO          940    i.rt_timer_insert   RTX_CM4.lib(rt_cmsis.o)
    0x080017fc   0x0000003c   Code   RO          941    i.rt_timer_remove   RTX_CM4.lib(rt_cmsis.o)
    0x08001838   0x00000088   Code   RO         1518    i.rt_tsk_create     RTX_CM4.lib(rt_task.o)
    0x080018c0   0x0000017c   Code   RO         1519    i.rt_tsk_delete     RTX_CM4.lib(rt_task.o)
    0x08001a3c   0x0000007c   Code   RO         1521    i.rt_tsk_prio       RTX_CM4.lib(rt_task.o)
    0x08001ab8   0x00000010   Code   RO         1522    i.rt_tsk_self       RTX_CM4.lib(rt_task.o)
    0x08001ac8   0x00000012   Code   RO          942    i.svcDelay          RTX_CM4.lib(rt_cmsis.o)
    0x08001ada   0x00000002   PAD
    0x08001adc   0x00000070   Code   RO          943    i.svcKernelInitialize  RTX_CM4.lib(rt_cmsis.o)
    0x08001b4c   0x00000048   Code   RO          945    i.svcKernelStart    RTX_CM4.lib(rt_cmsis.o)
    0x08001b94   0x00000024   Code   RO          948    i.svcMessageCreate  RTX_CM4.lib(rt_cmsis.o)
    0x08001bb8   0x0000003a   Code   RO          949    i.svcMessageGet     RTX_CM4.lib(rt_cmsis.o)
    0x08001bf2   0x00000002   PAD
    0x08001bf4   0x00000070   Code   RO          963    i.svcThreadCreate   RTX_CM4.lib(rt_cmsis.o)
    0x08001c64   0x0000001c   Code   RO          964    i.svcThreadGetId    RTX_CM4.lib(rt_cmsis.o)
    0x08001c80   0x00000038   Code   RO          967    i.svcThreadTerminate  RTX_CM4.lib(rt_cmsis.o)
    0x08001cb8   0x00000018   Code   RO          969    i.svcTimerCall      RTX_CM4.lib(rt_cmsis.o)
    0x08001cd0   0x00000038   Code   RO          970    i.svcTimerCreate    RTX_CM4.lib(rt_cmsis.o)
    0x08001d08   0x00000064   Code   RO          972    i.svcTimerStart     RTX_CM4.lib(rt_cmsis.o)
    0x08001d6c   0x0000005c   Code   RO          978    i.sysTimerTick      RTX_CM4.lib(rt_cmsis.o)
    0x08001dc8   0x0000002c   Code   RO            6    i.turnOffAll        leds.o
    0x08001df4   0x0000000a   Code   RO         2239    x$fpl$fpinit        fz_wm.l(fpinit.o)
    0x08001dfe   0x00000002   PAD
    0x08001e00   0x00000058   Data   RO          201    .constdata          tasks.o
    0x08001e58   0x00000068   Data   RO          834    .constdata          rtx_conf_cm.o
    0x08001ec0   0x00000020   Data   RO         2273    Region$$Table       anon$$obj.o


    Execution Region ER_RW (Base: 0x20000000, Size: 0x0000005c, Max: 0xffffffff, ABSOLUTE)

    Base Addr    Size         Type   Attr      Idx    E Section Name        Object

    0x20000000   0x00000020   Data   RW          202    .data               tasks.o
    0x20000020   0x00000014   Data   RW          835    .data               rtx_conf_cm.o
    0x20000034   0x00000008   Data   RW          981    .data               RTX_CM4.lib(rt_cmsis.o)
    0x2000003c   0x00000008   Data   RW         1524    .data               RTX_CM4.lib(rt_task.o)
    0x20000044   0x00000008   Data   RW         1643    .data               RTX_CM4.lib(rt_system.o)
    0x2000004c   0x00000004   Data   RW         1933    .data               RTX_CM4.lib(rt_time.o)
    0x20000050   0x00000008   Data   RW         1964    .data               RTX_CM4.lib(rt_robin.o)
    0x20000058   0x00000001   Data   RW         2044    .data               RTX_CM4.lib(hal_cm.o)


    Execution Region ER_ZI (Base: 0x2000005c, Size: 0x000012ac, Max: 0xffffffff, ABSOLUTE)

    Base Addr    Size         Type   Attr      Idx    E Section Name        Object

    0x2000005c   0x00000018   Zero   RW          200    .bss                tasks.o
    0x20000074   0x00000004   PAD
    0x20000078   0x00000bc8   Zero   RW          833    .bss                rtx_conf_cm.o
    0x20000c40   0x00000034   Zero   RW         1523    .bss                RTX_CM4.lib(rt_task.o)
    0x20000c74   0x00000030   Zero   RW         1773    .bss                RTX_CM4.lib(rt_list.o)
    0x20000ca4   0x00000060   Zero   RW         2106    .bss                c_w.l(libspace.o)
    0x20000d04   0x00000004   PAD
    0x20000d08   0x00000200   Zero   RW          261    HEAP                startup_stm32f4xx.o
    0x20000f08   0x00000400   Zero   RW          260    STACK               startup_stm32f4xx.o


==============================================================================

Image component sizes


      Code (inc. data)   RO Data    RW Data    ZI Data      Debug   Object Name

       124         12          0          0          0     240546   leds.o
        26          0          0          0          0       4609   main.o
       126         26        104         20       3016       9515   rtx_conf_cm.o
        64         26        392          0       1536        852   startup_stm32f4xx.o
       152          0          0          0          0       9316   stm32f4xx_gpio.o
        32          6          0          0          0        637   stm32f4xx_rcc.o
       340         32          0          0          0       1809   system_stm32f4xx.o
       310         64         88         32         24       5956   tasks.o

    ----------------------------------------------------------------------
      1178        166        616         52       4580     273240   Object Totals
         0          0         32          0          0          0   (incl. Generated)
         4          0          0          0          4          0   (incl. Padding)

    ----------------------------------------------------------------------

      Code (inc. data)   RO Data    RW Data    ZI Data      Debug   Library Member Name

       268         24          0          1          0       4452   hal_cm.o
       408         34          0          0          0        816   hal_cm4.o
      1452        172          0          8          0      38742   rt_cmsis.o
        80          4          0          0          0        701   rt_event.o
       530         34          0          0         48       8597   rt_list.o
       554         10          0          0          0       4189   rt_mailbox.o
       140          0          0          0          0       2045   rt_membox.o
       128          0          0          0          0       2419   rt_memory.o
       320         12          0          0          0       1699   rt_mutex.o
        96         22          0          8          0       1230   rt_robin.o
        52          4          0          0          0        613   rt_semaphore.o
       298         52          0          8          0       6439   rt_system.o
      1216        174          0          8         52      10025   rt_task.o
         6          0          0          4          0        684   rt_time.o
         4          4          0          0          0        200   svc_table.o
         8          0          0          0          0         68   __main.o
         0          0          0          0          0          0   __rtentry.o
        20          0          0          0          0          0   __rtentry2.o
         6          0          0          0          0          0   __rtentry4.o
        52          8          0          0          0          0   __scatter.o
        26          0          0          0          0          0   __scatter_copy.o
        28          0          0          0          0          0   __scatter_zi.o
        18          0          0          0          0         80   exit.o
         6          0          0          0          0        152   heapauxi.o
         0          0          0          0          0          0   indicate_semi.o
         2          0          0          0          0          0   libinit.o
         6          0          0          0          0          0   libinit2.o
         2          0          0          0          0          0   libshutdown.o
         2          0          0          0          0          0   libshutdown2.o
         8          4          0          0         96         68   libspace.o
       238          0          0          0          0        100   lludivv7m.o
         2          0          0          0          0          0   rtexit.o
        10          0          0          0          0          0   rtexit2.o
        12          4          0          0          0         68   sys_exit.o
        74          0          0          0          0         80   sys_stackheap_outer.o
         2          0          0          0          0         68   use_no_semi.o
        10          0          0          0          0        116   fpinit.o

    ----------------------------------------------------------------------
      6110        562          0         40        200      83651   Library Totals
        26          0          0          3          4          0   (incl. Padding)

    ----------------------------------------------------------------------

      Code (inc. data)   RO Data    RW Data    ZI Data      Debug   Library Name

      5552        546          0         37        100      82851   RTX_CM4.lib
       522         16          0          0         96        684   c_w.l
        10          0          0          0          0        116   fz_wm.l

    ----------------------------------------------------------------------
      6110        562          0         40        200      83651   Library Totals

    ----------------------------------------------------------------------

==============================================================================


      Code (inc. data)   RO Data    RW Data    ZI Data      Debug   

      7288        728        616         92       4780     347283   Grand Totals
      7288        728        616         92       4780     347283   ELF Image Totals
      7288        728        616         92          0          0   ROM Totals

==============================================================================

    Total RO  Size (Code + RO Data)                 7904 (   7.72kB)
    Total RW  Size (RW Data + ZI Data)              4872 (   4.76kB)
    Total ROM Size (Code + RO Data + RW Data)       7996 (   7.81kB)

==============================================================================

