Component: ARM Compiler 5.06 update 2 (build 183) Tool: armlink [4d35b7]

==============================================================================

Section Cross References

    main.o(i.main) refers to rt_memcpy_w.o(.text) for __aeabi_memcpy4
    main.o(i.main) refers to stm32f4xx_exti.o(i.EXTI_Init) for EXTI_Init
    main.o(i.main) refers to misc.o(i.NVIC_Init) for NVIC_Init
    main.o(i.main) refers to stm32f4xx_exti.o(i.EXTI_GetITStatus) for EXTI_GetITStatus
    main.o(i.main) refers to main.o(.constdata) for .constdata
    stm32f4xx_gpio.o(i.GPIO_DeInit) refers to stm32f4xx_rcc.o(i.RCC_AHB1PeriphResetCmd) for RCC_AHB1PeriphResetCmd
    stm32f4xx_rcc.o(i.RCC_GetClocksFreq) refers to stm32f4xx_rcc.o(.data) for APBAHBPrescTable
    stm32f4xx_rcc.o(i.RCC_WaitForHSEStartUp) refers to stm32f4xx_rcc.o(i.RCC_GetFlagStatus) for RCC_GetFlagStatus
    stm32f4xx_syscfg.o(i.SYSCFG_DeInit) refers to stm32f4xx_rcc.o(i.RCC_APB2PeriphResetCmd) for RCC_APB2PeriphResetCmd
    rtx_conf_cm.o(.emb_text) refers to rt_cmsis.o(i.osKernelInitialize) for osKernelInitialize
    rtx_conf_cm.o(.emb_text) refers to rt_cmsis.o(i.osThreadCreate) for osThreadCreate
    rtx_conf_cm.o(.emb_text) refers to rt_cmsis.o(i.osKernelStart) for osKernelStart
    rtx_conf_cm.o(.emb_text) refers to exit.o(.text) for exit
    rtx_conf_cm.o(.emb_text) refers to rtx_conf_cm.o(.data) for os_thread_def_main
    rtx_conf_cm.o(i.__user_perthread_libspace) refers to rt_task.o(i.rt_tsk_self) for rt_tsk_self
    rtx_conf_cm.o(i.__user_perthread_libspace) refers to rt_cmsis.o(.data) for os_running
    rtx_conf_cm.o(i.__user_perthread_libspace) refers to rtx_conf_cm.o(.bss) for .bss
    rtx_conf_cm.o(i.__user_perthread_libspace) refers to libspace.o(.bss) for __libspace_start
    rtx_conf_cm.o(i._mutex_acquire) refers to rt_cmsis.o(.data) for os_running
    rtx_conf_cm.o(i._mutex_acquire) refers to rt_mutex.o(i.rt_mut_wait) for rt_mut_wait
    rtx_conf_cm.o(i._mutex_initialize) refers to rt_mutex.o(i.rt_mut_init) for rt_mut_init
    rtx_conf_cm.o(i._mutex_initialize) refers to rtx_conf_cm.o(.data) for .data
    rtx_conf_cm.o(i._mutex_initialize) refers to rtx_conf_cm.o(.bss) for .bss
    rtx_conf_cm.o(i._mutex_release) refers to rt_cmsis.o(.data) for os_running
    rtx_conf_cm.o(i._mutex_release) refers to rt_mutex.o(i.rt_mut_release) for rt_mut_release
    rtx_conf_cm.o(.constdata) refers to rt_cmsis.o(i.osTimerThread) for osTimerThread
    rtx_conf_cm.o(.constdata) refers to rtx_conf_cm.o(.bss) for os_messageQ_q_osTimerMessageQ
    rtx_conf_cm.o(.data) refers to main.o(i.main) for main
    startup_stm32f407xx.o(STACK) refers (Special) to heapauxi.o(.text) for __use_two_region_memory
    startup_stm32f407xx.o(HEAP) refers (Special) to heapauxi.o(.text) for __use_two_region_memory
    startup_stm32f407xx.o(RESET) refers (Special) to heapauxi.o(.text) for __use_two_region_memory
    startup_stm32f407xx.o(RESET) refers to startup_stm32f407xx.o(STACK) for __initial_sp
    startup_stm32f407xx.o(RESET) refers to startup_stm32f407xx.o(.text) for Reset_Handler
    startup_stm32f407xx.o(RESET) refers to hal_cm4.o(.emb_text) for SVC_Handler
    startup_stm32f407xx.o(.text) refers (Special) to heapauxi.o(.text) for __use_two_region_memory
    startup_stm32f407xx.o(.text) refers to system_stm32f4xx.o(i.SystemInit) for SystemInit
    startup_stm32f407xx.o(.text) refers to __main.o(!!!main) for __main
    startup_stm32f407xx.o(.text) refers to startup_stm32f407xx.o(HEAP) for Heap_Mem
    startup_stm32f407xx.o(.text) refers to startup_stm32f407xx.o(STACK) for Stack_Mem
    system_stm32f4xx.o(i.SystemCoreClockUpdate) refers to system_stm32f4xx.o(.data) for SystemCoreClock
    system_stm32f4xx.o(i.SystemCoreClockUpdate) refers to system_stm32f4xx.o(.constdata) for AHBPrescTable
    rt_cmsis.o(i.isrMessageGet) refers to rt_mailbox.o(i.isr_mbx_receive) for isr_mbx_receive
    rt_cmsis.o(i.isrMessagePut) refers to rt_mailbox.o(i.rt_mbx_check) for rt_mbx_check
    rt_cmsis.o(i.isrMessagePut) refers to rt_mailbox.o(i.isr_mbx_send) for isr_mbx_send
    rt_cmsis.o(i.isrSemaphoreRelease) refers to rt_cmsis.o(i.rt_id2obj) for rt_id2obj
    rt_cmsis.o(i.isrSemaphoreRelease) refers to rt_semaphore.o(i.isr_sem_send) for isr_sem_send
    rt_cmsis.o(i.isrSignalSet) refers to rt_cmsis.o(i.rt_tid2ptcb) for rt_tid2ptcb
    rt_cmsis.o(i.isrSignalSet) refers to rt_event.o(i.isr_evt_set) for isr_evt_set
    rt_cmsis.o(i.osDelay) refers to rt_cmsis.o(i.svcDelay) for svcDelay
    rt_cmsis.o(i.osKernelInitialize) refers to rt_cmsis.o(i.svcKernelInitialize) for svcKernelInitialize
    rt_cmsis.o(i.osKernelRunning) refers to rt_cmsis.o(i.svcKernelRunning) for svcKernelRunning
    rt_cmsis.o(i.osKernelRunning) refers to rt_cmsis.o(.data) for .data
    rt_cmsis.o(i.osKernelStart) refers to rtx_conf_cm.o(.constdata) for os_flags
    rt_cmsis.o(i.osKernelStart) refers to rt_cmsis.o(i.svcKernelStart) for svcKernelStart
[...]
    Removing stm32f4xx_gpio.o(i.GPIO_Write), (4 bytes).
    Removing stm32f4xx_gpio.o(i.GPIO_WriteBit), (10 bytes).
    Removing stm32f4xx_rcc.o(.rev16_text), (4 bytes).
    Removing stm32f4xx_rcc.o(.revsh_text), (4 bytes).
    Removing stm32f4xx_rcc.o(.rrx_text), (6 bytes).
    Removing stm32f4xx_rcc.o(i.RCC_AHB1PeriphClockCmd), (32 bytes).
    Removing stm32f4xx_rcc.o(i.RCC_AHB1PeriphClockLPModeCmd), (32 bytes).
    Removing stm32f4xx_rcc.o(i.RCC_AHB1PeriphResetCmd), (32 bytes).
    Removing stm32f4xx_rcc.o(i.RCC_AHB2PeriphClockCmd), (32 bytes).
    Removing stm32f4xx_rcc.o(i.RCC_AHB2PeriphClockLPModeCmd), (32 bytes).
    Removing stm32f4xx_rcc.o(i.RCC_AHB2PeriphResetCmd), (32 bytes).
    Removing stm32f4xx_rcc.o(i.RCC_AHB3PeriphClockCmd), (32 bytes).
    Removing stm32f4xx_rcc.o(i.RCC_AHB3PeriphClockLPModeCmd), (32 bytes).
    Removing stm32f4xx_rcc.o(i.RCC_AHB3PeriphResetCmd), (32 bytes).
    Removing stm32f4xx_rcc.o(i.RCC_APB1PeriphClockCmd), (32 bytes).
    Removing stm32f4xx_rcc.o(i.RCC_APB1PeriphClockLPModeCmd), (32 bytes).
    Removing stm32f4xx_rcc.o(i.RCC_APB1PeriphResetCmd), (32 bytes).
    Removing stm32f4xx_rcc.o(i.RCC_APB2PeriphClockCmd), (32 bytes).
    Removing stm32f4xx_rcc.o(i.RCC_APB2PeriphClockLPModeCmd), (32 bytes).
    Removing stm32f4xx_rcc.o(i.RCC_APB2PeriphResetCmd), (32 bytes).
    Removing stm32f4xx_rcc.o(i.RCC_AdjustHSICalibrationValue), (24 bytes).
    Removing stm32f4xx_rcc.o(i.RCC_BackupResetCmd), (12 bytes).
    Removing stm32f4xx_rcc.o(i.RCC_ClearFlag), (20 bytes).
    Removing stm32f4xx_rcc.o(i.RCC_ClearITPendingBit), (12 bytes).
    Removing stm32f4xx_rcc.o(i.RCC_ClockSecuritySystemCmd), (12 bytes).
    Removing stm32f4xx_rcc.o(i.RCC_DeInit), (100 bytes).
    Removing stm32f4xx_rcc.o(i.RCC_GetClocksFreq), (232 bytes).
    Removing stm32f4xx_rcc.o(i.RCC_GetFlagStatus), (64 bytes).
    Removing stm32f4xx_rcc.o(i.RCC_GetITStatus), (24 bytes).
    Removing stm32f4xx_rcc.o(i.RCC_GetSYSCLKSource), (16 bytes).
    Removing stm32f4xx_rcc.o(i.RCC_HCLKConfig), (24 bytes).
    Removing stm32f4xx_rcc.o(i.RCC_HSEConfig), (16 bytes).
    Removing stm32f4xx_rcc.o(i.RCC_HSICmd), (12 bytes).
    Removing stm32f4xx_rcc.o(i.RCC_I2SCLKConfig), (12 bytes).
    Removing stm32f4xx_rcc.o(i.RCC_ITConfig), (32 bytes).
    Removing stm32f4xx_rcc.o(i.RCC_LSEConfig), (44 bytes).
    Removing stm32f4xx_rcc.o(i.RCC_LSICmd), (12 bytes).
    Removing stm32f4xx_rcc.o(i.RCC_LTDCCLKDivConfig), (24 bytes).
    Removing stm32f4xx_rcc.o(i.RCC_MCO1Config), (28 bytes).
    Removing stm32f4xx_rcc.o(i.RCC_MCO2Config), (28 bytes).
    Removing stm32f4xx_rcc.o(i.RCC_PCLK1Config), (24 bytes).
    Removing stm32f4xx_rcc.o(i.RCC_PCLK2Config), (24 bytes).
    Removing stm32f4xx_rcc.o(i.RCC_PLLCmd), (12 bytes).
    Removing stm32f4xx_rcc.o(i.RCC_PLLConfig), (36 bytes).
    Removing stm32f4xx_rcc.o(i.RCC_PLLI2SCmd), (12 bytes).
    Removing stm32f4xx_rcc.o(i.RCC_PLLI2SConfig), (16 bytes).
    Removing stm32f4xx_rcc.o(i.RCC_PLLSAICmd), (12 bytes).
    Removing stm32f4xx_rcc.o(i.RCC_PLLSAIConfig), (24 bytes).
    Removing stm32f4xx_rcc.o(i.RCC_RTCCLKCmd), (12 bytes).
    Removing stm32f4xx_rcc.o(i.RCC_RTCCLKConfig), (60 bytes).
    Removing stm32f4xx_rcc.o(i.RCC_SAIBlockACLKConfig), (24 bytes).
    Removing stm32f4xx_rcc.o(i.RCC_SAIBlockBCLKConfig), (24 bytes).
    Removing stm32f4xx_rcc.o(i.RCC_SAIPLLI2SClkDivConfig), (28 bytes).
    Removing stm32f4xx_rcc.o(i.RCC_SAIPLLSAIClkDivConfig), (28 bytes).
    Removing stm32f4xx_rcc.o(i.RCC_SYSCLKConfig), (24 bytes).
    Removing stm32f4xx_rcc.o(i.RCC_TIMCLKPresConfig), (12 bytes).
    Removing stm32f4xx_rcc.o(i.RCC_WaitForHSEStartUp), (56 bytes).
    Removing stm32f4xx_rcc.o(.data), (16 bytes).
    Removing stm32f4xx_syscfg.o(.rev16_text), (4 bytes).
    Removing stm32f4xx_syscfg.o(.revsh_text), (4 bytes).
    Removing stm32f4xx_syscfg.o(.rrx_text), (6 bytes).
    Removing stm32f4xx_syscfg.o(i.SYSCFG_CompensationCellCmd), (12 bytes).
    Removing stm32f4xx_syscfg.o(i.SYSCFG_DeInit), (22 bytes).
    Removing stm32f4xx_syscfg.o(i.SYSCFG_ETH_MediaInterfaceConfig), (12 bytes).
    Removing stm32f4xx_syscfg.o(i.SYSCFG_EXTILineConfig), (64 bytes).
    Removing stm32f4xx_syscfg.o(i.SYSCFG_GetCompensationCellStatus), (24 bytes).
    Removing stm32f4xx_syscfg.o(i.SYSCFG_MemoryRemapConfig), (12 bytes).
    Removing stm32f4xx_syscfg.o(i.SYSCFG_MemorySwappingBank), (12 bytes).
    Removing stm32f4xx_exti.o(.rev16_text), (4 bytes).
    Removing stm32f4xx_exti.o(.revsh_text), (4 bytes).
    Removing stm32f4xx_exti.o(.rrx_text), (6 bytes).
    Removing stm32f4xx_exti.o(i.EXTI_ClearFlag), (12 bytes).
    Removing stm32f4xx_exti.o(i.EXTI_ClearITPendingBit), (12 bytes).
    Removing stm32f4xx_exti.o(i.EXTI_DeInit), (36 bytes).
    Removing stm32f4xx_exti.o(i.EXTI_GenerateSWInterrupt), (16 bytes).
    Removing stm32f4xx_exti.o(i.EXTI_GetFlagStatus), (24 bytes).
    Removing stm32f4xx_exti.o(i.EXTI_StructInit), (16 bytes).
    Removing rtx_conf_cm.o(i.__user_perthread_libspace), (44 bytes).
    Removing rtx_conf_cm.o(i._mutex_initialize), (44 bytes).
    Removing system_stm32f4xx.o(.rev16_text), (4 bytes).
    Removing system_stm32f4xx.o(.revsh_text), (4 bytes).
    Removing system_stm32f4xx.o(.rrx_text), (6 bytes).
    Removing system_stm32f4xx.o(i.SystemCoreClockUpdate), (192 bytes).
    Removing system_stm32f4xx.o(.constdata), (16 bytes).
    Removing system_stm32f4xx.o(.data), (4 bytes).
    Removing rt_cmsis.o(.rev16_text), (4 bytes).
    Removing rt_cmsis.o(.revsh_text), (4 bytes).
    Removing rt_cmsis.o(.rrx_text), (6 bytes).
    Removing rt_cmsis.o(i.isrSemaphoreRelease), (40 bytes).
    Removing rt_cmsis.o(i.isrSignalSet), (36 bytes).
    Removing rt_cmsis.o(i.osDelay), (24 bytes).
    Removing rt_cmsis.o(i.osKernelRunning), (36 bytes).
    Removing rt_cmsis.o(i.osKernelSysTick), (24 bytes).
    Removing rt_cmsis.o(i.osMailAlloc), (28 bytes).
    Removing rt_cmsis.o(i.osMailCAlloc), (48 bytes).
    Removing rt_cmsis.o(i.osMailCreate), (48 bytes).
    Removing rt_cmsis.o(i.osMailFree), (28 bytes).
    Removing rt_cmsis.o(i.osMailGet), (22 bytes).
    Removing rt_cmsis.o(i.osMailPut), (20 bytes).
    Removing rt_cmsis.o(i.osMessageCreate), (48 bytes).
    Removing rt_cmsis.o(i.osMessagePut), (24 bytes).
    Removing rt_cmsis.o(i.osMutexCreate), (48 bytes).
    Removing rt_cmsis.o(i.osMutexDelete), (24 bytes).
    Removing rt_cmsis.o(i.osMutexRelease), (24 bytes).
    Removing rt_cmsis.o(i.osMutexWait), (24 bytes).
    Removing rt_cmsis.o(i.osPoolAlloc), (32 bytes).
    Removing rt_cmsis.o(i.osPoolCAlloc), (52 bytes).
    Removing rt_cmsis.o(i.osPoolCreate), (48 bytes).
    Removing rt_cmsis.o(i.osPoolFree), (32 bytes).
    Removing rt_cmsis.o(i.osSemaphoreCreate), (48 bytes).
    Removing rt_cmsis.o(i.osSemaphoreDelete), (24 bytes).
    Removing rt_cmsis.o(i.osSemaphoreRelease), (24 bytes).
    Removing rt_cmsis.o(i.osSemaphoreWait), (24 bytes).
    Removing rt_cmsis.o(i.osSignalClear), (24 bytes).
    Removing rt_cmsis.o(i.osSignalSet), (24 bytes).
    Removing rt_cmsis.o(i.osSignalWait), (24 bytes).
    Removing rt_cmsis.o(i.osThreadGetId), (24 bytes).
    Removing rt_cmsis.o(i.osThreadGetPriority), (24 bytes).
    Removing rt_cmsis.o(i.osThreadSetPriority), (24 bytes).
    Removing rt_cmsis.o(i.osThreadTerminate), (24 bytes).
    Removing rt_cmsis.o(i.osThreadYield), (24 bytes).
    Removing rt_cmsis.o(i.osTimerCreate), (52 bytes).
    Removing rt_cmsis.o(i.osTimerDelete), (24 bytes).
    Removing rt_cmsis.o(i.osTimerStart), (24 bytes).
    Removing rt_cmsis.o(i.osTimerStop), (24 bytes).
    Removing rt_cmsis.o(i.osWait), (4 bytes).
    Removing rt_cmsis.o(i.os_resume), (12 bytes).
    Removing rt_cmsis.o(i.os_suspend), (12 bytes).
    Removing rt_cmsis.o(i.rt_clr_box), (24 bytes).
    Removing rt_cmsis.o(i.rt_timer_remove), (60 bytes).
    Removing rt_cmsis.o(i.svcDelay), (18 bytes).
    Removing rt_cmsis.o(i.svcKernelRunning), (12 bytes).
    Removing rt_cmsis.o(i.svcKernelSysTick), (56 bytes).
    Removing rt_cmsis.o(i.svcMailCreate), (66 bytes).
    Removing rt_cmsis.o(i.svcMessagePut), (54 bytes).
    Removing rt_cmsis.o(i.svcMutexCreate), (28 bytes).
    Removing rt_cmsis.o(i.svcMutexDelete), (26 bytes).
    Removing rt_cmsis.o(i.svcMutexRelease), (34 bytes).
    Removing rt_cmsis.o(i.svcMutexWait), (54 bytes).
    Removing rt_cmsis.o(i.svcPoolCreate), (40 bytes).
    Removing rt_cmsis.o(i.svcSemaphoreCreate), (36 bytes).
    Removing rt_cmsis.o(i.svcSemaphoreDelete), (26 bytes).
    Removing rt_cmsis.o(i.svcSemaphoreRelease), (40 bytes).
    Removing rt_cmsis.o(i.svcSemaphoreWait), (50 bytes).
    Removing rt_cmsis.o(i.svcSignalClear), (36 bytes).
    Removing rt_cmsis.o(i.svcSignalSet), (36 bytes).
    Removing rt_cmsis.o(i.svcSignalWait), (84 bytes).
    Removing rt_cmsis.o(i.svcThreadGetPriority), (18 bytes).
    Removing rt_cmsis.o(i.svcThreadSetPriority), (46 bytes).
    Removing rt_cmsis.o(i.svcThreadYield), (10 bytes).
    Removing rt_cmsis.o(i.svcTimerCreate), (56 bytes).
    Removing rt_cmsis.o(i.svcTimerDelete), (40 bytes).
    Removing rt_cmsis.o(i.svcTimerStart), (100 bytes).
    Removing rt_cmsis.o(i.svcTimerStop), (36 bytes).
    Removing rt_cmsis.o(i.sysMailAlloc), (88 bytes).
    Removing rt_cmsis.o(i.sysMailFree), (96 bytes).
    Removing rt_cmsis.o(i.sysPoolAlloc), (10 bytes).
    Removing rt_cmsis.o(i.sysPoolFree), (20 bytes).
    Removing rt_cmsis.o(i.sysUserTimerUpdate), (48 bytes).
    Removing rt_cmsis.o(i.sysUserTimerWakeupTime), (20 bytes).
    Removing rt_task.o(i.rt_tsk_pass), (48 bytes).
    Removing rt_mutex.o(i.rt_mut_delete), (176 bytes).
    Removing rt_mutex.o(i.rt_mut_init), (16 bytes).
    Removing rt_system.o(.emb_text), (0 bytes).
    Removing rt_system.o(i.os_tick_ovf), (16 bytes).
    Removing rt_system.o(i.os_tick_val), (20 bytes).
    Removing rt_system.o(i.rt_resume), (136 bytes).
    Removing rt_system.o(i.rt_suspend), (36 bytes).
    Removing rt_system.o(i.rt_tsk_lock), (80 bytes).
    Removing rt_system.o(i.rt_tsk_unlock), (80 bytes).
    Removing rt_event.o(i.isr_evt_set), (40 bytes).
    Removing rt_event.o(i.rt_evt_clr), (28 bytes).
    Removing rt_event.o(i.rt_evt_get), (12 bytes).
    Removing rt_event.o(i.rt_evt_set), (92 bytes).
    Removing rt_event.o(i.rt_evt_wait), (60 bytes).
    Removing rt_list.o(i.rt_get_same_rdy_prio), (36 bytes).
    Removing rt_mailbox.o(i.rt_mbx_send), (152 bytes).
    Removing rt_semaphore.o(i.isr_sem_send), (16 bytes).
    Removing rt_semaphore.o(i.rt_sem_delete), (92 bytes).
    Removing rt_semaphore.o(i.rt_sem_init), (12 bytes).
    Removing rt_semaphore.o(i.rt_sem_send), (42 bytes).
    Removing rt_semaphore.o(i.rt_sem_wait), (64 bytes).
    Removing rt_time.o(i.rt_dly_wait), (6 bytes).
    Removing rt_time.o(i.rt_itv_set), (24 bytes).
    Removing rt_time.o(i.rt_itv_wait), (40 bytes).
    Removing rt_time.o(i.rt_time_get), (12 bytes).
    Removing rt_membox.o(i._calloc_box), (30 bytes).

212 unused section(s) (total 7038 bytes) removed from the image.

==============================================================================

Image Symbol Table

    Local Symbols

    Symbol Name                              Value     Ov Type        Size  Object(Section)

    ../clib/angel/boardlib.s                 0x00000000   Number         0  boardshut.o ABSOLUTE
    ../clib/angel/boardlib.s                 0x00000000   Number         0  boardinit1.o ABSOLUTE
    ../clib/angel/boardlib.s                 0x00000000   Number         0  boardinit2.o ABSOLUTE
    ../clib/angel/handlers.s                 0x00000000   Number         0  __scatter_copy.o ABSOLUTE
    ../clib/angel/handlers.s                 0x00000000   Number         0  __scatter_zi.o ABSOLUTE
    ../clib/angel/kernel.s                   0x00000000   Number         0  __rtentry4.o ABSOLUTE
    ../clib/angel/kernel.s                   0x00000000   Number         0  rtexit.o ABSOLUTE
    ../clib/angel/kernel.s                   0x00000000   Number         0  __rtentry.o ABSOLUTE
    ../clib/angel/kernel.s                   0x00000000   Number         0  __rtentry2.o ABSOLUTE
    ../clib/angel/kernel.s                   0x00000000   Number         0  rtexit2.o ABSOLUTE
    ../clib/angel/rt.s                       0x00000000   Number         0  rt_raise.o ABSOLUTE
    ../clib/angel/rt.s                       0x00000000   Number         0  aeabi_ldiv0.o ABSOLUTE
    ../clib/angel/rt.s                       0x00000000   Number         0  aeabi_ldiv0_sigfpe.o ABSOLUTE
    ../clib/angel/rt.s                       0x00000000   Number         0  rt_div0.o ABSOLUTE
    ../clib/angel/scatter.s                  0x00000000   Number         0  __scatter.o ABSOLUTE
    ../clib/angel/startup.s                  0x00000000   Number         0  __main.o ABSOLUTE
    ../clib/angel/sys.s                      0x00000000   Number         0  indicate_semi.o ABSOLUTE
    ../clib/angel/sys.s                      0x00000000   Number         0  use_no_semi.o ABSOLUTE
    ../clib/angel/sys.s                      0x00000000   Number         0  libspace.o ABSOLUTE
    ../clib/angel/sys.s                      0x00000000   Number         0  sys_stackheap_outer.o ABSOLUTE
    ../clib/angel/sysapp.c                   0x00000000   Number         0  sys_wrch.o ABSOLUTE
    ../clib/angel/sysapp.c                   0x00000000   Number         0  sys_exit.o ABSOLUTE
    ../clib/angel/sysapp.c                   0x00000000   Number         0  sys_command.o ABSOLUTE
    ../clib/armsys.c                         0x00000000   Number         0  no_argv.o ABSOLUTE
    ../clib/armsys.c                         0x00000000   Number         0  _get_argv_nomalloc.o ABSOLUTE
    ../clib/armsys.c                         0x00000000   Number         0  argv_veneer.o ABSOLUTE
    ../clib/armsys.c                         0x00000000   Number         0  argv_veneer.o ABSOLUTE
    ../clib/heapalloc.c                      0x00000000   Number         0  hrguard.o ABSOLUTE
    ../clib/heapaux.c                        0x00000000   Number         0  heapauxi.o ABSOLUTE
    ../clib/libinit.s                        0x00000000   Number         0  libinit.o ABSOLUTE
    ../clib/libinit.s                        0x00000000   Number         0  libshutdown.o ABSOLUTE
    ../clib/libinit.s                        0x00000000   Number         0  libinit2.o ABSOLUTE
    ../clib/libinit.s                        0x00000000   Number         0  libshutdown2.o ABSOLUTE
    ../clib/longlong.s                       0x00000000   Number         0  lludivv7m.o ABSOLUTE
    ../clib/memcpset.s                       0x00000000   Number         0  rt_memcpy_w.o ABSOLUTE
    ../clib/signal.c                         0x00000000   Number         0  defsig_rtred_inner.o ABSOLUTE
    ../clib/signal.c                         0x00000000   Number         0  defsig_abrt_inner.o ABSOLUTE
    ../clib/signal.c                         0x00000000   Number         0  defsig_fpe_outer.o ABSOLUTE
    ../clib/signal.c                         0x00000000   Number         0  defsig_exit.o ABSOLUTE
    ../clib/signal.c                         0x00000000   Number         0  defsig_fpe_inner.o ABSOLUTE
    ../clib/signal.c                         0x00000000   Number         0  defsig_rtmem_inner.o ABSOLUTE
    ../clib/signal.c                         0x00000000   Number         0  defsig_other.o ABSOLUTE
    ../clib/signal.c                         0x00000000   Number         0  defsig_segv_inner.o ABSOLUTE
    ../clib/signal.c                         0x00000000   Number         0  defsig_cppl_inner.o ABSOLUTE
    ../clib/signal.c                         0x00000000   Number         0  defsig_pvfn_inner.o ABSOLUTE
    ../clib/signal.c                         0x00000000   Number         0  __raise.o ABSOLUTE
    ../clib/signal.c                         0x00000000   Number         0  defsig_fpe_formal.o ABSOLUTE
    ../clib/signal.c                         0x00000000   Number         0  defsig_rtmem_formal.o ABSOLUTE
    ../clib/signal.c                         0x00000000   Number         0  defsig_general.o ABSOLUTE
    ../clib/signal.c                         0x00000000   Number         0  defsig_rtmem_outer.o ABSOLUTE
    ../clib/signal.c                         0x00000000   Number         0  defsig_stak_inner.o ABSOLUTE
    ../clib/signal.s                         0x00000000   Number         0  defsig.o ABSOLUTE
    ../clib/stdlib.c                         0x00000000   Number         0  exit.o ABSOLUTE
    ../fplib/fpinit.s                        0x00000000   Number         0  fpinit.o ABSOLUTE
    ..\HAL_CM.c                              0x00000000   Number         0  hal_cm.o ABSOLUTE
    ..\\rt_CMSIS.c                           0x00000000   Number         0  rt_cmsis.o ABSOLUTE
    ..\\rt_System.c                          0x00000000   Number         0  rt_system.o ABSOLUTE
    ..\rt_CMSIS.c                            0x00000000   Number         0  rt_cmsis.o ABSOLUTE
    ..\rt_Event.c                            0x00000000   Number         0  rt_event.o ABSOLUTE
    ..\rt_List.c                             0x00000000   Number         0  rt_list.o ABSOLUTE
    ..\rt_Mailbox.c                          0x00000000   Number         0  rt_mailbox.o ABSOLUTE
    ..\rt_MemBox.c                           0x00000000   Number         0  rt_membox.o ABSOLUTE
    ..\rt_Memory.c                           0x00000000   Number         0  rt_memory.o ABSOLUTE
    ..\rt_Mutex.c                            0x00000000   Number         0  rt_mutex.o ABSOLUTE
    ..\rt_Robin.c                            0x00000000   Number         0  rt_robin.o ABSOLUTE
    ..\rt_Semaphore.c                        0x00000000   Number         0  rt_semaphore.o ABSOLUTE
    ..\rt_System.c                           0x00000000   Number         0  rt_system.o ABSOLUTE
    ..\rt_Task.c                             0x00000000   Number         0  rt_task.o ABSOLUTE
    ..\rt_Time.c                             0x00000000   Number         0  rt_time.o ABSOLUTE
    HAL_CM4.c                                0x00000000   Number         0  hal_cm4.o ABSOLUTE
    HAL_CM4.c                                0x00000000   Number         0  hal_cm4.o ABSOLUTE
    RTE\CMSIS\RTX_Conf_CM.c                  0x00000000   Number         0  rtx_conf_cm.o ABSOLUTE
    RTE\Device\STM32F407VGTx\startup_stm32f407xx.s 0x00000000   Number         0  startup_stm32f407xx.o ABSOLUTE
    RTE\Device\STM32F407VGTx\system_stm32f4xx.c 0x00000000   Number         0  system_stm32f4xx.o ABSOLUTE
    RTE\\CMSIS\\RTX_Conf_CM.c                0x00000000   Number         0  rtx_conf_cm.o ABSOLUTE
    RTE\\Device\\STM32F407VGTx\\system_stm32f4xx.c 0x00000000   Number         0  system_stm32f4xx.o ABSOLUTE
    STM32\\src\\misc.c                       0x00000000   Number         0  misc.o ABSOLUTE
    STM32\\src\\stm32f4xx_exti.c             0x00000000   Number         0  stm32f4xx_exti.o ABSOLUTE
    STM32\\src\\stm32f4xx_gpio.c             0x00000000   Number         0  stm32f4xx_gpio.o ABSOLUTE
    STM32\\src\\stm32f4xx_rcc.c              0x00000000   Number         0  stm32f4xx_rcc.o ABSOLUTE
    STM32\\src\\stm32f4xx_syscfg.c           0x00000000   Number         0  stm32f4xx_syscfg.o ABSOLUTE
    STM32\src\misc.c                         0x00000000   Number         0  misc.o ABSOLUTE
    STM32\src\stm32f4xx_exti.c               0x00000000   Number         0  stm32f4xx_exti.o ABSOLUTE
    STM32\src\stm32f4xx_gpio.c               0x00000000   Number         0  stm32f4xx_gpio.o ABSOLUTE
    STM32\src\stm32f4xx_rcc.c                0x00000000   Number         0  stm32f4xx_rcc.o ABSOLUTE
    STM32\src\stm32f4xx_syscfg.c             0x00000000   Number         0  stm32f4xx_syscfg.o ABSOLUTE
    SVC_Table.s                              0x00000000   Number         0  svc_table.o ABSOLUTE
    dc.s                                     0x00000000   Number         0  dc.o ABSOLUTE
    main.c                                   0x00000000   Number         0  main.o ABSOLUTE
    main.c                                   0x00000000   Number         0  main.o ABSOLUTE
    RESET                                    0x08000000   Section      392  startup_stm32f407xx.o(RESET)
    !!!main                                  0x08000188   Section        8  __main.o(!!!main)
    !!!scatter                               0x08000190   Section       52  __scatter.o(!!!scatter)
    !!handler_copy                           0x080001c4   Section       26  __scatter_copy.o(!!handler_copy)
    !!handler_zi                             0x080001e0   Section       28  __scatter_zi.o(!!handler_zi)
    .ARM.Collect$$libinit$$00000000          0x080001fc   Section        2  libinit.o(.ARM.Collect$$libinit$$00000000)
    .ARM.Collect$$libinit$$00000001          0x080001fe   Section        4  libinit2.o(.ARM.Collect$$libinit$$00000001)
    .ARM.Collect$$libinit$$00000004          0x08000202   Section        0  libinit2.o(.ARM.Collect$$libinit$$00000004)
    .ARM.Collect$$libinit$$0000000A          0x08000202   Section        0  libinit2.o(.ARM.Collect$$libinit$$0000000A)
    .ARM.Collect$$libinit$$0000000C          0x08000202   Section        0  libinit2.o(.ARM.Collect$$libinit$$0000000C)
    .ARM.Collect$$libinit$$0000000E          0x08000202   Section        0  libinit2.o(.ARM.Collect$$libinit$$0000000E)
    .ARM.Collect$$libinit$$00000011          0x08000202   Section        0  libinit2.o(.ARM.Collect$$libinit$$00000011)
    .ARM.Collect$$libinit$$00000013          0x08000202   Section        0  libinit2.o(.ARM.Collect$$libinit$$00000013)
    .ARM.Collect$$libinit$$00000015          0x08000202   Section        0  libinit2.o(.ARM.Collect$$libinit$$00000015)
    .ARM.Collect$$libinit$$00000017          0x08000202   Section        0  libinit2.o(.ARM.Collect$$libinit$$00000017)
    .ARM.Collect$$libinit$$00000019          0x08000202   Section        0  libinit2.o(.ARM.Collect$$libinit$$00000019)
    .ARM.Collect$$libinit$$0000001B          0x08000202   Section        0  libinit2.o(.ARM.Collect$$libinit$$0000001B)
    .ARM.Collect$$libinit$$0000001D          0x08000202   Section        0  libinit2.o(.ARM.Collect$$libinit$$0000001D)
    .ARM.Collect$$libinit$$0000001F          0x08000202   Section        0  libinit2.o(.ARM.Collect$$libinit$$0000001F)
    .ARM.Collect$$libinit$$00000021          0x08000202   Section        0  libinit2.o(.ARM.Collect$$libinit$$00000021)
    .ARM.Collect$$libinit$$00000023          0x08000202   Section        0  libinit2.o(.ARM.Collect$$libinit$$00000023)
    .ARM.Collect$$libinit$$00000025          0x08000202   Section        0  libinit2.o(.ARM.Collect$$libinit$$00000025)
    .ARM.Collect$$libinit$$0000002C          0x08000202   Section        0  libinit2.o(.ARM.Collect$$libinit$$0000002C)
    .ARM.Collect$$libinit$$0000002E          0x08000202   Section        0  libinit2.o(.ARM.Collect$$libinit$$0000002E)
    .ARM.Collect$$libinit$$00000030          0x08000202   Section        0  libinit2.o(.ARM.Collect$$libinit$$00000030)
    .ARM.Collect$$libinit$$00000032          0x08000202   Section        0  libinit2.o(.ARM.Collect$$libinit$$00000032)
    .ARM.Collect$$libinit$$00000033          0x08000202   Section        2  libinit2.o(.ARM.Collect$$libinit$$00000033)
    .ARM.Collect$$libshutdown$$00000000      0x08000204   Section        2  libshutdown.o(.ARM.Collect$$libshutdown$$00000000)
    .ARM.Collect$$libshutdown$$00000002      0x08000206   Section        0  libshutdown2.o(.ARM.Collect$$libshutdown$$00000002)
    .ARM.Collect$$libshutdown$$00000004      0x08000206   Section        0  libshutdown2.o(.ARM.Collect$$libshutdown$$00000004)
    .ARM.Collect$$libshutdown$$00000007      0x08000206   Section        0  libshutdown2.o(.ARM.Collect$$libshutdown$$00000007)
    .ARM.Collect$$libshutdown$$0000000A      0x08000206   Section        0  libshutdown2.o(.ARM.Collect$$libshutdown$$0000000A)
    .ARM.Collect$$libshutdown$$0000000C      0x08000206   Section        0  libshutdown2.o(.ARM.Collect$$libshutdown$$0000000C)
    .ARM.Collect$$libshutdown$$0000000F      0x08000206   Section        0  libshutdown2.o(.ARM.Collect$$libshutdown$$0000000F)
    .ARM.Collect$$libshutdown$$00000010      0x08000206   Section        2  libshutdown2.o(.ARM.Collect$$libshutdown$$00000010)
    .ARM.Collect$$rtentry$$00000000          0x08000208   Section        0  __rtentry.o(.ARM.Collect$$rtentry$$00000000)
    .ARM.Collect$$rtentry$$00000002          0x08000208   Section        0  __rtentry2.o(.ARM.Collect$$rtentry$$00000002)
    .ARM.Collect$$rtentry$$00000004          0x08000208   Section        6  __rtentry4.o(.ARM.Collect$$rtentry$$00000004)
    .ARM.Collect$$rtentry$$00000009          0x0800020e   Section        0  __rtentry2.o(.ARM.Collect$$rtentry$$00000009)
    .ARM.Collect$$rtentry$$0000000A          0x0800020e   Section        4  __rtentry2.o(.ARM.Collect$$rtentry$$0000000A)
    .ARM.Collect$$rtentry$$0000000B          0x08000212   Section        8  __rtentry2.o(.ARM.Collect$$rtentry$$0000000B)
    .ARM.Collect$$rtentry$$0000000D          0x0800021a   Section        8  __rtentry2.o(.ARM.Collect$$rtentry$$0000000D)
    .ARM.Collect$$rtexit$$00000000           0x08000222   Section        2  rtexit.o(.ARM.Collect$$rtexit$$00000000)
    .ARM.Collect$$rtexit$$00000002           0x08000224   Section        0  rtexit2.o(.ARM.Collect$$rtexit$$00000002)
    .ARM.Collect$$rtexit$$00000003           0x08000224   Section        4  rtexit2.o(.ARM.Collect$$rtexit$$00000003)
    .ARM.Collect$$rtexit$$00000004           0x08000228   Section        6  rtexit2.o(.ARM.Collect$$rtexit$$00000004)
    .emb_text                                0x08000230   Section       28  rtx_conf_cm.o(.emb_text)
    $v0                                      0x08000230   Number         0  rtx_conf_cm.o(.emb_text)
    .emb_text                                0x0800024c   Section      408  hal_cm4.o(.emb_text)
    $v0                                      0x0800024c   Number         0  hal_cm4.o(.emb_text)
    .text                                    0x080003e4   Section       64  startup_stm32f407xx.o(.text)
    $v0                                      0x080003e4   Number         0  startup_stm32f407xx.o(.text)
    .text                                    0x08000424   Section        8  libspace.o(.text)
    .text                                    0x0800042c   Section        0  exit.o(.text)
    .text                                    0x0800043e   Section      100  rt_memcpy_w.o(.text)
    .text                                    0x080004a2   Section        0  heapauxi.o(.text)
    .text                                    0x080004a8   Section        0  sys_exit.o(.text)
    .text                                    0x080004b4   Section       74  sys_stackheap_outer.o(.text)
    .text                                    0x080004fe   Section        2  use_no_semi.o(.text)
    .text                                    0x08000500   Section        0  indicate_semi.o(.text)
    SVC_TABLE                                0x08000500   Section        4  svc_table.o(SVC_TABLE)
    i.EXTI_GetITStatus                       0x08000504   Section        0  stm32f4xx_exti.o(i.EXTI_GetITStatus)
    i.EXTI_Init                              0x0800051c   Section        0  stm32f4xx_exti.o(i.EXTI_Init)
    i.NVIC_Init                              0x080005b0   Section        0  misc.o(i.NVIC_Init)
    i.SystemInit                             0x08000628   Section        0  system_stm32f4xx.o(i.SystemInit)
    i._init_box                              0x0800068c   Section        0  rt_membox.o(i._init_box)
    i._mutex_acquire                         0x080006d4   Section        0  rtx_conf_cm.o(i._mutex_acquire)
    __tagsym$$used                           0x080006d5   Number         0  rtx_conf_cm.o(i._mutex_acquire)
    i._mutex_release                         0x080006f4   Section        0  rtx_conf_cm.o(i._mutex_release)
    __tagsym$$used                           0x080006f5   Number         0  rtx_conf_cm.o(i._mutex_release)
    i.dbg_init                               0x08000710   Section        0  hal_cm.o(i.dbg_init)
    i.dbg_task_notify                        0x08000740   Section        0  hal_cm.o(i.dbg_task_notify)
    i.dbg_task_switch                        0x08000760   Section        0  hal_cm.o(i.dbg_task_switch)
    i.isrMessageGet                          0x08000770   Section        0  rt_cmsis.o(i.isrMessageGet)
    i.isrMessagePut                          0x0800079a   Section        0  rt_cmsis.o(i.isrMessagePut)
    i.isr_mbx_receive                        0x080007c8   Section        0  rt_mailbox.o(i.isr_mbx_receive)
    i.isr_mbx_send                           0x0800081a   Section        0  rt_mailbox.o(i.isr_mbx_send)
    i.main                                   0x08000828   Section        0  main.o(i.main)
    i.osKernelInitialize                     0x08000888   Section        0  rt_cmsis.o(i.osKernelInitialize)
    i.osKernelStart                          0x080008ac   Section        0  rt_cmsis.o(i.osKernelStart)
    i.osMessageGet                           0x08000918   Section        0  rt_cmsis.o(i.osMessageGet)
    i.osThreadCreate                         0x08000930   Section        0  rt_cmsis.o(i.osThreadCreate)
    i.osThreadExit                           0x08000960   Section        0  rt_cmsis.o(i.osThreadExit)
    i.osTimerCall                            0x08000978   Section        0  rt_cmsis.o(i.osTimerCall)
    i.osTimerThread                          0x08000984   Section        0  rt_cmsis.o(i.osTimerThread)
    i.os_error                               0x080009b0   Section        0  rtx_conf_cm.o(i.os_error)
    i.os_idle_demon                          0x080009d2   Section        0  rtx_conf_cm.o(i.os_idle_demon)
    i.os_tick_init                           0x080009d8   Section        0  rt_system.o(i.os_tick_init)
    i.os_tick_irqack                         0x08000a00   Section        0  rt_system.o(i.os_tick_irqack)
    i.rt_alloc_box                           0x08000a02   Section        0  rt_membox.o(i.rt_alloc_box)
    i.rt_alloc_mem                           0x08000a1c   Section        0  rt_memory.o(i.rt_alloc_mem)
    i.rt_block                               0x08000a5c   Section        0  rt_task.o(i.rt_block)
    i.rt_chk_robin                           0x08000a94   Section        0  rt_robin.o(i.rt_chk_robin)
    i.rt_dec_dly                             0x08000adc   Section        0  rt_list.o(i.rt_dec_dly)
    i.rt_dispatch                            0x08000b4c   Section        0  rt_task.o(i.rt_dispatch)
    i.rt_evt_psh                             0x08000b90   Section        0  rt_event.o(i.rt_evt_psh)
    i.rt_free_box                            0x08000be0   Section        0  rt_membox.o(i.rt_free_box)
    i.rt_free_mem                            0x08000c0c   Section        0  rt_memory.o(i.rt_free_mem)
    i.rt_get_first                           0x08000c34   Section        0  rt_list.o(i.rt_get_first)
    i.rt_id2obj                              0x08000c5c   Section        0  rt_cmsis.o(i.rt_id2obj)
    rt_id2obj                                0x08000c5d   Thumb Code     8  rt_cmsis.o(i.rt_id2obj)
    i.rt_init_context                        0x08000c64   Section        0  rt_task.o(i.rt_init_context)
    rt_init_context                          0x08000c65   Thumb Code    66  rt_task.o(i.rt_init_context)
    i.rt_init_mem                            0x08000cac   Section        0  rt_memory.o(i.rt_init_mem)
    i.rt_init_robin                          0x08000cc8   Section        0  rt_robin.o(i.rt_init_robin)
    i.rt_init_stack                          0x08000ce0   Section        0  hal_cm.o(i.rt_init_stack)
    i.rt_mbx_check                           0x08000d60   Section        0  rt_mailbox.o(i.rt_mbx_check)
    i.rt_mbx_init                            0x08000d68   Section        0  rt_mailbox.o(i.rt_mbx_init)
    i.rt_mbx_psh                             0x08000d84   Section        0  rt_mailbox.o(i.rt_mbx_psh)
    i.rt_mbx_wait                            0x08000e74   Section        0  rt_mailbox.o(i.rt_mbx_wait)
    i.rt_ms2tick                             0x08000f28   Section        0  rt_cmsis.o(i.rt_ms2tick)
    rt_ms2tick                               0x08000f29   Thumb Code    58  rt_cmsis.o(i.rt_ms2tick)
    i.rt_mut_release                         0x08000f6c   Section        0  rt_mutex.o(i.rt_mut_release)
    i.rt_mut_wait                            0x08001044   Section        0  rt_mutex.o(i.rt_mut_wait)
    i.rt_pop_req                             0x080010ac   Section        0  rt_system.o(i.rt_pop_req)
    i.rt_psh_req                             0x08001128   Section        0  rt_system.o(i.rt_psh_req)
    i.rt_psq_enq                             0x08001148   Section        0  rt_list.o(i.rt_psq_enq)
    i.rt_put_dly                             0x080011a4   Section        0  rt_list.o(i.rt_put_dly)
    i.rt_put_prio                            0x080011ec   Section        0  rt_list.o(i.rt_put_prio)
    i.rt_put_rdy_first                       0x08001224   Section        0  rt_list.o(i.rt_put_rdy_first)
    i.rt_resort_prio                         0x08001238   Section        0  rt_list.o(i.rt_resort_prio)
    i.rt_ret_regs                            0x0800126c   Section        0  hal_cm.o(i.rt_ret_regs)
    rt_ret_regs                              0x0800126d   Thumb Code    16  hal_cm.o(i.rt_ret_regs)
    i.rt_ret_val                             0x0800127c   Section        0  hal_cm.o(i.rt_ret_val)
    i.rt_ret_val2                            0x08001288   Section        0  hal_cm.o(i.rt_ret_val2)
    i.rt_rmv_dly                             0x08001298   Section        0  rt_list.o(i.rt_rmv_dly)
    i.rt_rmv_list                            0x080012c0   Section        0  rt_list.o(i.rt_rmv_list)
    i.rt_sem_psh                             0x080012f0   Section        0  rt_semaphore.o(i.rt_sem_psh)
    i.rt_stk_check                           0x08001324   Section        0  rt_system.o(i.rt_stk_check)
    i.rt_switch_req                          0x08001348   Section        0  rt_task.o(i.rt_switch_req)
    i.rt_sys_init                            0x08001370   Section        0  rt_task.o(i.rt_sys_init)
    i.rt_sys_start                           0x0800143c   Section        0  rt_task.o(i.rt_sys_start)
    i.rt_systick                             0x080014b4   Section        0  rt_system.o(i.rt_systick)
    i.rt_tid2ptcb                            0x080014f4   Section        0  rt_cmsis.o(i.rt_tid2ptcb)
    rt_tid2ptcb                              0x080014f5   Thumb Code    18  rt_cmsis.o(i.rt_tid2ptcb)
    i.rt_timer_insert                        0x08001508   Section        0  rt_cmsis.o(i.rt_timer_insert)
    rt_timer_insert                          0x08001509   Thumb Code    48  rt_cmsis.o(i.rt_timer_insert)
    i.rt_tsk_create                          0x0800153c   Section        0  rt_task.o(i.rt_tsk_create)
    i.rt_tsk_delete                          0x080015c4   Section        0  rt_task.o(i.rt_tsk_delete)
    i.rt_tsk_prio                            0x08001740   Section        0  rt_task.o(i.rt_tsk_prio)
    i.rt_tsk_self                            0x080017bc   Section        0  rt_task.o(i.rt_tsk_self)
    i.svcKernelInitialize                    0x080017cc   Section        0  rt_cmsis.o(i.svcKernelInitialize)
    i.svcKernelStart                         0x0800183c   Section        0  rt_cmsis.o(i.svcKernelStart)
    i.svcMessageCreate                       0x08001884   Section        0  rt_cmsis.o(i.svcMessageCreate)
    i.svcMessageGet                          0x080018a8   Section        0  rt_cmsis.o(i.svcMessageGet)
    i.svcThreadCreate                        0x080018e4   Section        0  rt_cmsis.o(i.svcThreadCreate)
    i.svcThreadGetId                         0x08001954   Section        0  rt_cmsis.o(i.svcThreadGetId)
    i.svcThreadTerminate                     0x08001970   Section        0  rt_cmsis.o(i.svcThreadTerminate)
    i.svcTimerCall                           0x080019a8   Section        0  rt_cmsis.o(i.svcTimerCall)
    i.sysTimerTick                           0x080019c0   Section        0  rt_cmsis.o(i.sysTimerTick)
    x$fpl$fpinit                             0x08001a1c   Section       10  fpinit.o(x$fpl$fpinit)
    $v0                                      0x08001a1c   Number         0  fpinit.o(x$fpl$fpinit)
    .constdata                               0x08001a28   Section       40  main.o(.constdata)
    .constdata                               0x08001a50   Section       86  rtx_conf_cm.o(.constdata)
    __tagsym$$used                           0x08001a6c   Number         0  rtx_conf_cm.o(.constdata)
    __tagsym$$used                           0x08001a70   Number         0  rtx_conf_cm.o(.constdata)
    __tagsym$$used                           0x08001a74   Number         0  rtx_conf_cm.o(.constdata)
    __tagsym$$used                           0x08001a78   Number         0  rtx_conf_cm.o(.constdata)
    .data                                    0x20000000   Section       36  rtx_conf_cm.o(.data)
    nr_mutex                                 0x20000010   Data           4  rtx_conf_cm.o(.data)
    .data                                    0x20000024   Section        8  rt_cmsis.o(.data)
    .data                                    0x2000002c   Section        8  rt_task.o(.data)
    .data                                    0x20000034   Section        8  rt_system.o(.data)
    os_lock                                  0x20000034   Data           1  rt_system.o(.data)
    os_psh_flag                              0x20000035   Data           1  rt_system.o(.data)
    pend_flags                               0x20000036   Data           1  rt_system.o(.data)
    .data                                    0x2000003c   Section        4  rt_time.o(.data)
    .data                                    0x20000040   Section        8  rt_robin.o(.data)
    .data                                    0x20000048   Section        1  hal_cm.o(.data)
    .bss                                     0x20000050   Section     3016  rtx_conf_cm.o(.bss)
    std_libspace                             0x200008f8   Data         672  rtx_conf_cm.o(.bss)
    std_libmutex                             0x20000b98   Data         128  rtx_conf_cm.o(.bss)
    .bss                                     0x20000c18   Section       52  rt_task.o(.bss)
    .bss                                     0x20000c4c   Section       48  rt_list.o(.bss)
    .bss                                     0x20000c7c   Section       96  libspace.o(.bss)
    HEAP                                     0x20000ce0   Section      512  startup_stm32f407xx.o(HEAP)
    Heap_Mem                                 0x20000ce0   Data         512  startup_stm32f407xx.o(HEAP)
    STACK                                    0x20000ee0   Section     1024  startup_stm32f407xx.o(STACK)
    Stack_Mem                                0x20000ee0   Data        1024  startup_stm32f407xx.o(STACK)
    __initial_sp                             0x200012e0   Data           0  startup_stm32f407xx.o(STACK)

    Global Symbols

    Symbol Name                              Value     Ov Type        Size  Object(Section)

    BuildAttributes$$THM_ISAv4$E$P$D$K$B$S$7EM$VFPi3$EXTD16$VFPS$VFMA$PE$A:L22UL41UL21$X:L11$S22US41US21$IEEE1$IW$USESV6$~STKCKD$USESV7$~SHL$OSPACE$ROPI$EBA8$UX$STANDARDLIB$REQ8$PRES8$EABIv2 0x00000000   Number         0  anon$$obj.o ABSOLUTE
    __ARM_use_no_argv                        0x00000000   Number         0  main.o ABSOLUTE
    __ARM_exceptions_init                     - Undefined Weak Reference
    __alloca_initialize                       - Undefined Weak Reference
    __arm_preinit_                            - Undefined Weak Reference
    __cpp_initialize__aeabi_                  - Undefined Weak Reference
    __cxa_finalize                            - Undefined Weak Reference
    __rt_locale                               - Undefined Weak Reference
    __sigvec_lookup                           - Undefined Weak Reference
    _atexit_init                              - Undefined Weak Reference
    _call_atexit_fns                          - Undefined Weak Reference
    _clock_init                               - Undefined Weak Reference
    _fp_trap_init                             - Undefined Weak Reference
    _fp_trap_shutdown                         - Undefined Weak Reference
    _get_lc_collate                           - Undefined Weak Reference
    _get_lc_ctype                             - Undefined Weak Reference
    _get_lc_monetary                          - Undefined Weak Reference
    _get_lc_numeric                           - Undefined Weak Reference
    _get_lc_time                              - Undefined Weak Reference
    _getenv_init                              - Undefined Weak Reference
    _handle_redirection                       - Undefined Weak Reference
    _init_alloc                               - Undefined Weak Reference
    _init_user_alloc                          - Undefined Weak Reference
    _initio                                   - Undefined Weak Reference
    _rand_init                                - Undefined Weak Reference
    _signal_finish                            - Undefined Weak Reference
    _signal_init                              - Undefined Weak Reference
    _terminate_alloc                          - Undefined Weak Reference
    _terminate_user_alloc                     - Undefined Weak Reference
    _terminateio                              - Undefined Weak Reference
    __Vectors_Size                           0x00000188   Number         0  startup_stm32f407xx.o ABSOLUTE
    __RL_RTX_VER                             0x00000480   Number         0  rt_system.o ABSOLUTE
    __Vectors                                0x08000000   Data           4  startup_stm32f407xx.o(RESET)
    __Vectors_End                            0x08000188   Data           0  startup_stm32f407xx.o(RESET)
    __main                                   0x08000189   Thumb Code     8  __main.o(!!!main)
    __scatterload                            0x08000191   Thumb Code     0  __scatter.o(!!!scatter)
    __scatterload_rt2                        0x08000191   Thumb Code    44  __scatter.o(!!!scatter)
    __scatterload_rt2_thumb_only             0x08000191   Thumb Code     0  __scatter.o(!!!scatter)
    __scatterload_null                       0x0800019f   Thumb Code     0  __scatter.o(!!!scatter)
    __scatterload_copy                       0x080001c5   Thumb Code    26  __scatter_copy.o(!!handler_copy)
    __scatterload_zeroinit                   0x080001e1   Thumb Code    28  __scatter_zi.o(!!handler_zi)
    __rt_lib_init                            0x080001fd   Thumb Code     0  libinit.o(.ARM.Collect$$libinit$$00000000)
    __rt_lib_init_fp_1                       0x080001ff   Thumb Code     0  libinit2.o(.ARM.Collect$$libinit$$00000001)
    __rt_lib_init_alloca_1                   0x08000203   Thumb Code     0  libinit2.o(.ARM.Collect$$libinit$$0000002E)
    __rt_lib_init_argv_1                     0x08000203   Thumb Code     0  libinit2.o(.ARM.Collect$$libinit$$0000002C)
    __rt_lib_init_atexit_1                   0x08000203   Thumb Code     0  libinit2.o(.ARM.Collect$$libinit$$0000001B)
    __rt_lib_init_clock_1                    0x08000203   Thumb Code     0  libinit2.o(.ARM.Collect$$libinit$$00000021)
    __rt_lib_init_cpp_1                      0x08000203   Thumb Code     0  libinit2.o(.ARM.Collect$$libinit$$00000032)
    __rt_lib_init_exceptions_1               0x08000203   Thumb Code     0  libinit2.o(.ARM.Collect$$libinit$$00000030)
    __rt_lib_init_fp_trap_1                  0x08000203   Thumb Code     0  libinit2.o(.ARM.Collect$$libinit$$0000001F)
    __rt_lib_init_getenv_1                   0x08000203   Thumb Code     0  libinit2.o(.ARM.Collect$$libinit$$00000023)
    __rt_lib_init_heap_1                     0x08000203   Thumb Code     0  libinit2.o(.ARM.Collect$$libinit$$0000000A)
    __rt_lib_init_lc_collate_1               0x08000203   Thumb Code     0  libinit2.o(.ARM.Collect$$libinit$$00000011)
    __rt_lib_init_lc_ctype_1                 0x08000203   Thumb Code     0  libinit2.o(.ARM.Collect$$libinit$$00000013)
    __rt_lib_init_lc_monetary_1              0x08000203   Thumb Code     0  libinit2.o(.ARM.Collect$$libinit$$00000015)
    __rt_lib_init_lc_numeric_1               0x08000203   Thumb Code     0  libinit2.o(.ARM.Collect$$libinit$$00000017)
    __rt_lib_init_lc_time_1                  0x08000203   Thumb Code     0  libinit2.o(.ARM.Collect$$libinit$$00000019)
    __rt_lib_init_preinit_1                  0x08000203   Thumb Code     0  libinit2.o(.ARM.Collect$$libinit$$00000004)
    __rt_lib_init_rand_1                     0x08000203   Thumb Code     0  libinit2.o(.ARM.Collect$$libinit$$0000000E)
    __rt_lib_init_return                     0x08000203   Thumb Code     0  libinit2.o(.ARM.Collect$$libinit$$00000033)
    __rt_lib_init_signal_1                   0x08000203   Thumb Code     0  libinit2.o(.ARM.Collect$$libinit$$0000001D)
    __rt_lib_init_stdio_1                    0x08000203   Thumb Code     0  libinit2.o(.ARM.Collect$$libinit$$00000025)
    __rt_lib_init_user_alloc_1               0x08000203   Thumb Code     0  libinit2.o(.ARM.Collect$$libinit$$0000000C)
    __rt_lib_shutdown                        0x08000205   Thumb Code     0  libshutdown.o(.ARM.Collect$$libshutdown$$00000000)
    __rt_lib_shutdown_cpp_1                  0x08000207   Thumb Code     0  libshutdown2.o(.ARM.Collect$$libshutdown$$00000002)
    __rt_lib_shutdown_fp_trap_1              0x08000207   Thumb Code     0  libshutdown2.o(.ARM.Collect$$libshutdown$$00000007)
    __rt_lib_shutdown_heap_1                 0x08000207   Thumb Code     0  libshutdown2.o(.ARM.Collect$$libshutdown$$0000000F)
    __rt_lib_shutdown_return                 0x08000207   Thumb Code     0  libshutdown2.o(.ARM.Collect$$libshutdown$$00000010)
    __rt_lib_shutdown_signal_1               0x08000207   Thumb Code     0  libshutdown2.o(.ARM.Collect$$libshutdown$$0000000A)
    __rt_lib_shutdown_stdio_1                0x08000207   Thumb Code     0  libshutdown2.o(.ARM.Collect$$libshutdown$$00000004)
    __rt_lib_shutdown_user_alloc_1           0x08000207   Thumb Code     0  libshutdown2.o(.ARM.Collect$$libshutdown$$0000000C)
    __rt_entry                               0x08000209   Thumb Code     0  __rtentry.o(.ARM.Collect$$rtentry$$00000000)
    __rt_entry_presh_1                       0x08000209   Thumb Code     0  __rtentry2.o(.ARM.Collect$$rtentry$$00000002)
    __rt_entry_sh                            0x08000209   Thumb Code     0  __rtentry4.o(.ARM.Collect$$rtentry$$00000004)
    __rt_entry_li                            0x0800020f   Thumb Code     0  __rtentry2.o(.ARM.Collect$$rtentry$$0000000A)
    __rt_entry_postsh_1                      0x0800020f   Thumb Code     0  __rtentry2.o(.ARM.Collect$$rtentry$$00000009)
    __rt_entry_postli_1                      0x08000213   Thumb Code     0  __rtentry2.o(.ARM.Collect$$rtentry$$0000000B)
    __rt_entry_main                          0x0800021b   Thumb Code     0  __rtentry2.o(.ARM.Collect$$rtentry$$0000000D)
    __rt_exit                                0x08000223   Thumb Code     0  rtexit.o(.ARM.Collect$$rtexit$$00000000)
    __rt_exit_ls                             0x08000225   Thumb Code     0  rtexit2.o(.ARM.Collect$$rtexit$$00000003)
    __rt_exit_prels_1                        0x08000225   Thumb Code     0  rtexit2.o(.ARM.Collect$$rtexit$$00000002)
    __rt_exit_exit                           0x08000229   Thumb Code     0  rtexit2.o(.ARM.Collect$$rtexit$$00000004)
    _platform_post_lib_init                  0x08000231   Thumb Code    24  rtx_conf_cm.o(.emb_text)
    rt_set_PSP                               0x0800024d   Thumb Code     6  hal_cm4.o(.emb_text)
    rt_get_PSP                               0x08000253   Thumb Code     6  hal_cm4.o(.emb_text)
    os_set_env                               0x08000259   Thumb Code    24  hal_cm4.o(.emb_text)
    _alloc_box                               0x08000275   Thumb Code    28  hal_cm4.o(.emb_text)
    _free_box                                0x08000295   Thumb Code    28  hal_cm4.o(.emb_text)
    SVC_Handler                              0x080002b5   Thumb Code   168  hal_cm4.o(.emb_text)
    PendSV_Handler                           0x0800036d   Thumb Code    96  hal_cm4.o(.emb_text)
    SysTick_Handler                          0x080003d1   Thumb Code     8  hal_cm4.o(.emb_text)
    OS_Tick_Handler                          0x080003d9   Thumb Code    12  hal_cm4.o(.emb_text)
    Reset_Handler                            0x080003e5   Thumb Code     8  startup_stm32f407xx.o(.text)
    NMI_Handler                              0x080003ed   Thumb Code     2  startup_stm32f407xx.o(.text)
    HardFault_Handler                        0x080003ef   Thumb Code     2  startup_stm32f407xx.o(.text)
    MemManage_Handler                        0x080003f1   Thumb Code     2  startup_stm32f407xx.o(.text)
    BusFault_Handler                         0x080003f3   Thumb Code     2  startup_stm32f407xx.o(.text)
    UsageFault_Handler                       0x080003f5   Thumb Code     2  startup_stm32f407xx.o(.text)
    DebugMon_Handler                         0x080003f9   Thumb Code     2  startup_stm32f407xx.o(.text)
    ADC_IRQHandler                           0x080003ff   Thumb Code     0  startup_stm32f407xx.o(.text)
    CAN1_RX0_IRQHandler                      0x080003ff   Thumb Code     0  startup_stm32f407xx.o(.text)
    CAN1_RX1_IRQHandler                      0x080003ff   Thumb Code     0  startup_stm32f407xx.o(.text)
    CAN1_SCE_IRQHandler                      0x080003ff   Thumb Code     0  startup_stm32f407xx.o(.text)
    CAN1_TX_IRQHandler                       0x080003ff   Thumb Code     0  startup_stm32f407xx.o(.text)
    CAN2_RX0_IRQHandler                      0x080003ff   Thumb Code     0  startup_stm32f407xx.o(.text)
    CAN2_RX1_IRQHandler                      0x080003ff   Thumb Code     0  startup_stm32f407xx.o(.text)
    CAN2_SCE_IRQHandler                      0x080003ff   Thumb Code     0  startup_stm32f407xx.o(.text)
    CAN2_TX_IRQHandler                       0x080003ff   Thumb Code     0  startup_stm32f407xx.o(.text)
    DCMI_IRQHandler                          0x080003ff   Thumb Code     0  startup_stm32f407xx.o(.text)
    DMA1_Stream0_IRQHandler                  0x080003ff   Thumb Code     0  startup_stm32f407xx.o(.text)
    DMA1_Stream1_IRQHandler                  0x080003ff   Thumb Code     0  startup_stm32f407xx.o(.text)
    DMA1_Stream2_IRQHandler                  0x080003ff   Thumb Code     0  startup_stm32f407xx.o(.text)
    DMA1_Stream3_IRQHandler                  0x080003ff   Thumb Code     0  startup_stm32f407xx.o(.text)
    DMA1_Stream4_IRQHandler                  0x080003ff   Thumb Code     0  startup_stm32f407xx.o(.text)
    DMA1_Stream5_IRQHandler                  0x080003ff   Thumb Code     0  startup_stm32f407xx.o(.text)
    DMA1_Stream6_IRQHandler                  0x080003ff   Thumb Code     0  startup_stm32f407xx.o(.text)
    DMA1_Stream7_IRQHandler                  0x080003ff   Thumb Code     0  startup_stm32f407xx.o(.text)
    DMA2_Stream0_IRQHandler                  0x080003ff   Thumb Code     0  startup_stm32f407xx.o(.text)
    DMA2_Stream1_IRQHandler                  0x080003ff   Thumb Code     0  startup_stm32f407xx.o(.text)
    DMA2_Stream2_IRQHandler                  0x080003ff   Thumb Code     0  startup_stm32f407xx.o(.text)
    DMA2_Stream3_IRQHandler                  0x080003ff   Thumb Code     0  startup_stm32f407xx.o(.text)
    DMA2_Stream4_IRQHandler                  0x080003ff   Thumb Code     0  startup_stm32f407xx.o(.text)
    DMA2_Stream5_IRQHandler                  0x080003ff   Thumb Code     0  startup_stm32f407xx.o(.text)
    DMA2_Stream6_IRQHandler                  0x080003ff   Thumb Code     0  startup_stm32f407xx.o(.text)
    DMA2_Stream7_IRQHandler                  0x080003ff   Thumb Code     0  startup_stm32f407xx.o(.text)
    ETH_IRQHandler                           0x080003ff   Thumb Code     0  startup_stm32f407xx.o(.text)
    ETH_WKUP_IRQHandler                      0x080003ff   Thumb Code     0  startup_stm32f407xx.o(.text)
    EXTI0_IRQHandler                         0x080003ff   Thumb Code     0  startup_stm32f407xx.o(.text)
    EXTI15_10_IRQHandler                     0x080003ff   Thumb Code     0  startup_stm32f407xx.o(.text)
    EXTI1_IRQHandler                         0x080003ff   Thumb Code     0  startup_stm32f407xx.o(.text)
    EXTI2_IRQHandler                         0x080003ff   Thumb Code     0  startup_stm32f407xx.o(.text)
    EXTI3_IRQHandler                         0x080003ff   Thumb Code     0  startup_stm32f407xx.o(.text)
    EXTI4_IRQHandler                         0x080003ff   Thumb Code     0  startup_stm32f407xx.o(.text)
    EXTI9_5_IRQHandler                       0x080003ff   Thumb Code     0  startup_stm32f407xx.o(.text)
    FLASH_IRQHandler                         0x080003ff   Thumb Code     0  startup_stm32f407xx.o(.text)
    FMC_IRQHandler                           0x080003ff   Thumb Code     0  startup_stm32f407xx.o(.text)
    FPU_IRQHandler                           0x080003ff   Thumb Code     0  startup_stm32f407xx.o(.text)
    HASH_RNG_IRQHandler                      0x080003ff   Thumb Code     0  startup_stm32f407xx.o(.text)
    I2C1_ER_IRQHandler                       0x080003ff   Thumb Code     0  startup_stm32f407xx.o(.text)
    I2C1_EV_IRQHandler                       0x080003ff   Thumb Code     0  startup_stm32f407xx.o(.text)
    I2C2_ER_IRQHandler                       0x080003ff   Thumb Code     0  startup_stm32f407xx.o(.text)
    I2C2_EV_IRQHandler                       0x080003ff   Thumb Code     0  startup_stm32f407xx.o(.text)
    I2C3_ER_IRQHandler                       0x080003ff   Thumb Code     0  startup_stm32f407xx.o(.text)
    I2C3_EV_IRQHandler                       0x080003ff   Thumb Code     0  startup_stm32f407xx.o(.text)
    OTG_FS_IRQHandler                        0x080003ff   Thumb Code     0  startup_stm32f407xx.o(.text)
    OTG_FS_WKUP_IRQHandler                   0x080003ff   Thumb Code     0  startup_stm32f407xx.o(.text)
    OTG_HS_EP1_IN_IRQHandler                 0x080003ff   Thumb Code     0  startup_stm32f407xx.o(.text)
    OTG_HS_EP1_OUT_IRQHandler                0x080003ff   Thumb Code     0  startup_stm32f407xx.o(.text)
    OTG_HS_IRQHandler                        0x080003ff   Thumb Code     0  startup_stm32f407xx.o(.text)
    OTG_HS_WKUP_IRQHandler                   0x080003ff   Thumb Code     0  startup_stm32f407xx.o(.text)
    PVD_IRQHandler                           0x080003ff   Thumb Code     0  startup_stm32f407xx.o(.text)
    RCC_IRQHandler                           0x080003ff   Thumb Code     0  startup_stm32f407xx.o(.text)
    RTC_Alarm_IRQHandler                     0x080003ff   Thumb Code     0  startup_stm32f407xx.o(.text)
    RTC_WKUP_IRQHandler                      0x080003ff   Thumb Code     0  startup_stm32f407xx.o(.text)
    SDIO_IRQHandler                          0x080003ff   Thumb Code     0  startup_stm32f407xx.o(.text)
    SPI1_IRQHandler                          0x080003ff   Thumb Code     0  startup_stm32f407xx.o(.text)
    SPI2_IRQHandler                          0x080003ff   Thumb Code     0  startup_stm32f407xx.o(.text)
    SPI3_IRQHandler                          0x080003ff   Thumb Code     0  startup_stm32f407xx.o(.text)
    TAMP_STAMP_IRQHandler                    0x080003ff   Thumb Code     0  startup_stm32f407xx.o(.text)
    TIM1_BRK_TIM9_IRQHandler                 0x080003ff   Thumb Code     0  startup_stm32f407xx.o(.text)
    TIM1_CC_IRQHandler                       0x080003ff   Thumb Code     0  startup_stm32f407xx.o(.text)
    TIM1_TRG_COM_TIM11_IRQHandler            0x080003ff   Thumb Code     0  startup_stm32f407xx.o(.text)
    TIM1_UP_TIM10_IRQHandler                 0x080003ff   Thumb Code     0  startup_stm32f407xx.o(.text)
    TIM2_IRQHandler                          0x080003ff   Thumb Code     0  startup_stm32f407xx.o(.text)
    TIM3_IRQHandler                          0x080003ff   Thumb Code     0  startup_stm32f407xx.o(.text)
    TIM4_IRQHandler                          0x080003ff   Thumb Code     0  startup_stm32f407xx.o(.text)
    TIM5_IRQHandler                          0x080003ff   Thumb Code     0  startup_stm32f407xx.o(.text)
    TIM6_DAC_IRQHandler                      0x080003ff   Thumb Code     0  startup_stm32f407xx.o(.text)
    TIM7_IRQHandler                          0x080003ff   Thumb Code     0  startup_stm32f407xx.o(.text)
    TIM8_BRK_TIM12_IRQHandler                0x080003ff   Thumb Code     0  startup_stm32f407xx.o(.text)
    TIM8_CC_IRQHandler                       0x080003ff   Thumb Code     0  startup_stm32f407xx.o(.text)
    TIM8_TRG_COM_TIM14_IRQHandler            0x080003ff   Thumb Code     0  startup_stm32f407xx.o(.text)
    TIM8_UP_TIM13_IRQHandler                 0x080003ff   Thumb Code     0  startup_stm32f407xx.o(.text)
    UART4_IRQHandler                         0x080003ff   Thumb Code     0  startup_stm32f407xx.o(.text)
    UART5_IRQHandler                         0x080003ff   Thumb Code     0  startup_stm32f407xx.o(.text)
    USART1_IRQHandler                        0x080003ff   Thumb Code     0  startup_stm32f407xx.o(.text)
    USART2_IRQHandler                        0x080003ff   Thumb Code     0  startup_stm32f407xx.o(.text)
    USART3_IRQHandler                        0x080003ff   Thumb Code     0  startup_stm32f407xx.o(.text)
    USART6_IRQHandler                        0x080003ff   Thumb Code     0  startup_stm32f407xx.o(.text)
    WWDG_IRQHandler                          0x080003ff   Thumb Code     0  startup_stm32f407xx.o(.text)
    __user_initial_stackheap                 0x08000401   Thumb Code     0  startup_stm32f407xx.o(.text)
    __user_libspace                          0x08000425   Thumb Code     8  libspace.o(.text)
    __user_perproc_libspace                  0x08000425   Thumb Code     0  libspace.o(.text)
    exit                                     0x0800042d   Thumb Code    18  exit.o(.text)
    __aeabi_memcpy4                          0x0800043f   Thumb Code     0  rt_memcpy_w.o(.text)
    __aeabi_memcpy8                          0x0800043f   Thumb Code     0  rt_memcpy_w.o(.text)
    __rt_memcpy_w                            0x0800043f   Thumb Code   100  rt_memcpy_w.o(.text)
    _memcpy_lastbytes_aligned                0x08000487   Thumb Code     0  rt_memcpy_w.o(.text)
    __use_two_region_memory                  0x080004a3   Thumb Code     2  heapauxi.o(.text)
    __rt_heap_escrow$2region                 0x080004a5   Thumb Code     2  heapauxi.o(.text)
    __rt_heap_expand$2region                 0x080004a7   Thumb Code     2  heapauxi.o(.text)
    _sys_exit                                0x080004a9   Thumb Code     8  sys_exit.o(.text)
    __user_setup_stackheap                   0x080004b5   Thumb Code    74  sys_stackheap_outer.o(.text)
    __I$use$semihosting                      0x080004ff   Thumb Code     0  use_no_semi.o(.text)
    __use_no_semihosting_swi                 0x080004ff   Thumb Code     2  use_no_semi.o(.text)
    SVC_Count                                0x08000500   Data           4  svc_table.o(SVC_TABLE)
    __semihosting_library_function           0x08000501   Thumb Code     0  indicate_semi.o(.text)
    EXTI_GetITStatus                         0x08000505   Thumb Code    20  stm32f4xx_exti.o(i.EXTI_GetITStatus)
    SVC_Table                                0x08000504   Data           0  svc_table.o(SVC_TABLE)
    EXTI_Init                                0x0800051d   Thumb Code   142  stm32f4xx_exti.o(i.EXTI_Init)
    NVIC_Init                                0x080005b1   Thumb Code   106  misc.o(i.NVIC_Init)
    SystemInit                               0x08000629   Thumb Code    82  system_stm32f4xx.o(i.SystemInit)
    _init_box                                0x0800068d   Thumb Code    70  rt_membox.o(i._init_box)
    _mutex_acquire                           0x080006d5   Thumb Code    22  rtx_conf_cm.o(i._mutex_acquire)
    _mutex_release                           0x080006f5   Thumb Code    18  rtx_conf_cm.o(i._mutex_release)
    dbg_init                                 0x08000711   Thumb Code    34  hal_cm.o(i.dbg_init)
    dbg_task_notify                          0x08000741   Thumb Code    32  hal_cm.o(i.dbg_task_notify)
    dbg_task_switch                          0x08000761   Thumb Code    16  hal_cm.o(i.dbg_task_switch)
    isrMessageGet                            0x08000771   Thumb Code    42  rt_cmsis.o(i.isrMessageGet)
    isrMessagePut                            0x0800079b   Thumb Code    44  rt_cmsis.o(i.isrMessagePut)
    isr_mbx_receive                          0x080007c9   Thumb Code    82  rt_mailbox.o(i.isr_mbx_receive)
    isr_mbx_send                             0x0800081b   Thumb Code    14  rt_mailbox.o(i.isr_mbx_send)
    main                                     0x08000829   Thumb Code    92  main.o(i.main)
    osKernelInitialize                       0x08000889   Thumb Code    30  rt_cmsis.o(i.osKernelInitialize)
    osKernelStart                            0x080008ad   Thumb Code    98  rt_cmsis.o(i.osKernelStart)
    osMessageGet                             0x08000919   Thumb Code    18  rt_cmsis.o(i.osMessageGet)
    osThreadCreate                           0x08000931   Thumb Code    38  rt_cmsis.o(i.osThreadCreate)
    osThreadExit                             0x08000961   Thumb Code    14  rt_cmsis.o(i.osThreadExit)
    osTimerCall                              0x08000979   Thumb Code     8  rt_cmsis.o(i.osTimerCall)
    osTimerThread                            0x08000985   Thumb Code    38  rt_cmsis.o(i.osTimerThread)
    os_error                                 0x080009b1   Thumb Code    34  rtx_conf_cm.o(i.os_error)
    os_idle_demon                            0x080009d3   Thumb Code     4  rtx_conf_cm.o(i.os_idle_demon)
    os_tick_init                             0x080009d9   Thumb Code    32  rt_system.o(i.os_tick_init)
    os_tick_irqack                           0x08000a01   Thumb Code     2  rt_system.o(i.os_tick_irqack)
    rt_alloc_box                             0x08000a03   Thumb Code    26  rt_membox.o(i.rt_alloc_box)
    rt_alloc_mem                             0x08000a1d   Thumb Code    62  rt_memory.o(i.rt_alloc_mem)
    rt_block                                 0x08000a5d   Thumb Code    48  rt_task.o(i.rt_block)
    rt_chk_robin                             0x08000a95   Thumb Code    60  rt_robin.o(i.rt_chk_robin)
    rt_dec_dly                               0x08000add   Thumb Code   102  rt_list.o(i.rt_dec_dly)
    rt_dispatch                              0x08000b4d   Thumb Code    60  rt_task.o(i.rt_dispatch)
    rt_evt_psh                               0x08000b91   Thumb Code    76  rt_event.o(i.rt_evt_psh)
    rt_free_box                              0x08000be1   Thumb Code    44  rt_membox.o(i.rt_free_box)
    rt_free_mem                              0x08000c0d   Thumb Code    40  rt_memory.o(i.rt_free_mem)
    rt_get_first                             0x08000c35   Thumb Code    40  rt_list.o(i.rt_get_first)
    rt_init_mem                              0x08000cad   Thumb Code    26  rt_memory.o(i.rt_init_mem)
    rt_init_robin                            0x08000cc9   Thumb Code    14  rt_robin.o(i.rt_init_robin)
    rt_init_stack                            0x08000ce1   Thumb Code   118  hal_cm.o(i.rt_init_stack)
    rt_mbx_check                             0x08000d61   Thumb Code     8  rt_mailbox.o(i.rt_mbx_check)
    rt_mbx_init                              0x08000d69   Thumb Code    26  rt_mailbox.o(i.rt_mbx_init)
    rt_mbx_psh                               0x08000d85   Thumb Code   236  rt_mailbox.o(i.rt_mbx_psh)
    rt_mbx_wait                              0x08000e75   Thumb Code   174  rt_mailbox.o(i.rt_mbx_wait)
    rt_mut_release                           0x08000f6d   Thumb Code   208  rt_mutex.o(i.rt_mut_release)
    rt_mut_wait                              0x08001045   Thumb Code   100  rt_mutex.o(i.rt_mut_wait)
    rt_pop_req                               0x080010ad   Thumb Code   112  rt_system.o(i.rt_pop_req)
    rt_psh_req                               0x08001129   Thumb Code    22  rt_system.o(i.rt_psh_req)
    rt_psq_enq                               0x08001149   Thumb Code    88  rt_list.o(i.rt_psq_enq)
    rt_put_dly                               0x080011a5   Thumb Code    68  rt_list.o(i.rt_put_dly)
    rt_put_prio                              0x080011ed   Thumb Code    54  rt_list.o(i.rt_put_prio)
    rt_put_rdy_first                         0x08001225   Thumb Code    14  rt_list.o(i.rt_put_rdy_first)
    rt_resort_prio                           0x08001239   Thumb Code    46  rt_list.o(i.rt_resort_prio)
    rt_ret_val                               0x0800127d   Thumb Code    12  hal_cm.o(i.rt_ret_val)
    rt_ret_val2                              0x08001289   Thumb Code    16  hal_cm.o(i.rt_ret_val2)
    rt_rmv_dly                               0x08001299   Thumb Code    40  rt_list.o(i.rt_rmv_dly)
    rt_rmv_list                              0x080012c1   Thumb Code    44  rt_list.o(i.rt_rmv_list)
    rt_sem_psh                               0x080012f1   Thumb Code    48  rt_semaphore.o(i.rt_sem_psh)
    rt_stk_check                             0x08001325   Thumb Code    28  rt_system.o(i.rt_stk_check)
    rt_switch_req                            0x08001349   Thumb Code    30  rt_task.o(i.rt_switch_req)
    rt_sys_init                              0x08001371   Thumb Code   138  rt_task.o(i.rt_sys_init)
    rt_sys_start                             0x0800143d   Thumb Code   110  rt_task.o(i.rt_sys_start)
    rt_systick                               0x080014b5   Thumb Code    50  rt_system.o(i.rt_systick)
    rt_tsk_create                            0x0800153d   Thumb Code   118  rt_task.o(i.rt_tsk_create)
    rt_tsk_delete                            0x080015c5   Thumb Code   352  rt_task.o(i.rt_tsk_delete)
    rt_tsk_prio                              0x08001741   Thumb Code   108  rt_task.o(i.rt_tsk_prio)
    rt_tsk_self                              0x080017bd   Thumb Code    12  rt_task.o(i.rt_tsk_self)
    svcKernelInitialize                      0x080017cd   Thumb Code    80  rt_cmsis.o(i.svcKernelInitialize)
    svcKernelStart                           0x0800183d   Thumb Code    62  rt_cmsis.o(i.svcKernelStart)
    svcMessageCreate                         0x08001885   Thumb Code    36  rt_cmsis.o(i.svcMessageCreate)
    svcMessageGet                            0x080018a9   Thumb Code    58  rt_cmsis.o(i.svcMessageGet)
    svcThreadCreate                          0x080018e5   Thumb Code   100  rt_cmsis.o(i.svcThreadCreate)
    svcThreadGetId                           0x08001955   Thumb Code    22  rt_cmsis.o(i.svcThreadGetId)
    svcThreadTerminate                       0x08001971   Thumb Code    50  rt_cmsis.o(i.svcThreadTerminate)
    svcTimerCall                             0x080019a9   Thumb Code    24  rt_cmsis.o(i.svcTimerCall)
    sysTimerTick                             0x080019c1   Thumb Code    84  rt_cmsis.o(i.sysTimerTick)
    _fp_init                                 0x08001a1d   Thumb Code    10  fpinit.o(x$fpl$fpinit)
    __fplib_config_fpu_vfp                   0x08001a25   Thumb Code     0  fpinit.o(x$fpl$fpinit)
    __fplib_config_pureend_doubles           0x08001a25   Thumb Code     0  fpinit.o(x$fpl$fpinit)
    os_maxtaskrun                            0x08001a50   Data           2  rtx_conf_cm.o(.constdata)
    os_stackinfo                             0x08001a54   Data           4  rtx_conf_cm.o(.constdata)
    os_rrobin                                0x08001a58   Data           4  rtx_conf_cm.o(.constdata)
    os_tickfreq                              0x08001a5c   Data           4  rtx_conf_cm.o(.constdata)
    os_tickus_i                              0x08001a60   Data           2  rtx_conf_cm.o(.constdata)
    os_tickus_f                              0x08001a62   Data           2  rtx_conf_cm.o(.constdata)
    os_trv                                   0x08001a64   Data           4  rtx_conf_cm.o(.constdata)
    os_flags                                 0x08001a68   Data           1  rtx_conf_cm.o(.constdata)
    CMSIS_RTOS_API_Version                   0x08001a6c   Data           4  rtx_conf_cm.o(.constdata)
    CMSIS_RTOS_RTX_Version                   0x08001a70   Data           4  rtx_conf_cm.o(.constdata)
    os_clockrate                             0x08001a74   Data           4  rtx_conf_cm.o(.constdata)
    os_timernum                              0x08001a78   Data           4  rtx_conf_cm.o(.constdata)
    mp_tcb_size                              0x08001a7c   Data           2  rtx_conf_cm.o(.constdata)
    mp_stk_size                              0x08001a80   Data           4  rtx_conf_cm.o(.constdata)
    os_stack_sz                              0x08001a84   Data           4  rtx_conf_cm.o(.constdata)
    os_fifo_size                             0x08001a88   Data           1  rtx_conf_cm.o(.constdata)
    os_thread_def_osTimerThread              0x08001a8c   Data          16  rtx_conf_cm.o(.constdata)
    os_messageQ_def_osTimerMessageQ          0x08001a9c   Data           8  rtx_conf_cm.o(.constdata)
    mp_tmr_size                              0x08001aa4   Data           2  rtx_conf_cm.o(.constdata)
    Region$$Table$$Base                      0x08001aa8   Number         0  anon$$obj.o(Region$$Table)
    Region$$Table$$Limit                     0x08001ac8   Number         0  anon$$obj.o(Region$$Table)
    osThreadId_osTimerThread                 0x20000000   Data           4  rtx_conf_cm.o(.data)
    osMessageQId_osTimerMessageQ             0x20000004   Data           4  rtx_conf_cm.o(.data)
    os_tmr                                   0x20000008   Data           4  rtx_conf_cm.o(.data)
    m_tmr                                    0x2000000c   Data           4  rtx_conf_cm.o(.data)
    os_thread_def_main                       0x20000014   Data          16  rtx_conf_cm.o(.data)
    os_initialized                           0x20000024   Data           1  rt_cmsis.o(.data)
    os_running                               0x20000025   Data           1  rt_cmsis.o(.data)
    os_timer_head                            0x20000028   Data           4  rt_cmsis.o(.data)
    os_tsk                                   0x2000002c   Data           8  rt_task.o(.data)
    os_tick_irqn                             0x20000038   Data           4  rt_system.o(.data)
    os_time                                  0x2000003c   Data           4  rt_time.o(.data)
    os_robin                                 0x20000040   Data           8  rt_robin.o(.data)
    dbg_msg                                  0x20000048   Data           1  hal_cm.o(.data)
    mp_tcb                                   0x20000050   Data         376  rtx_conf_cm.o(.bss)
    mp_stk                                   0x200001c8   Data        1216  rtx_conf_cm.o(.bss)
    os_stack_mem                             0x20000688   Data         432  rtx_conf_cm.o(.bss)
    os_fifo                                  0x20000838   Data         132  rtx_conf_cm.o(.bss)
    os_active_TCB                            0x200008bc   Data          28  rtx_conf_cm.o(.bss)
    os_messageQ_q_osTimerMessageQ            0x200008d8   Data          32  rtx_conf_cm.o(.bss)
    os_idle_TCB                              0x20000c18   Data          52  rt_task.o(.bss)
    os_rdy                                   0x20000c4c   Data          24  rt_list.o(.bss)
    os_dly                                   0x20000c64   Data          24  rt_list.o(.bss)
    __libspace_start                         0x20000c7c   Data          96  libspace.o(.bss)
    __temporary_stack_top$libspace           0x20000cdc   Data           0  libspace.o(.bss)



==============================================================================

Memory Map of the image

  Image Entry point : 0x080003e5

  Load Region LR_1 (Base: 0x08000000, Size: 0x00001b14, Max: 0xffffffff, ABSOLUTE)

    Execution Region ER_RO (Base: 0x08000000, Size: 0x00001ac8, Max: 0xffffffff, ABSOLUTE)

    Base Addr    Size         Type   Attr      Idx    E Section Name        Object

    0x08000000   0x00000188   Data   RO          897    RESET               startup_stm32f407xx.o
    0x08000188   0x00000008   Code   RO         2171  * !!!main             c_w.l(__main.o)
    0x08000190   0x00000034   Code   RO         2332    !!!scatter          c_w.l(__scatter.o)
    0x080001c4   0x0000001a   Code   RO         2334    !!handler_copy      c_w.l(__scatter_copy.o)
    0x080001de   0x00000002   PAD
    0x080001e0   0x0000001c   Code   RO         2336    !!handler_zi        c_w.l(__scatter_zi.o)
    0x080001fc   0x00000002   Code   RO         2218    .ARM.Collect$$libinit$$00000000  c_w.l(libinit.o)
    0x080001fe   0x00000004   Code   RO         2229    .ARM.Collect$$libinit$$00000001  c_w.l(libinit2.o)
    0x08000202   0x00000000   Code   RO         2232    .ARM.Collect$$libinit$$00000004  c_w.l(libinit2.o)
    0x08000202   0x00000000   Code   RO         2235    .ARM.Collect$$libinit$$0000000A  c_w.l(libinit2.o)
    0x08000202   0x00000000   Code   RO         2237    .ARM.Collect$$libinit$$0000000C  c_w.l(libinit2.o)
    0x08000202   0x00000000   Code   RO         2239    .ARM.Collect$$libinit$$0000000E  c_w.l(libinit2.o)
    0x08000202   0x00000000   Code   RO         2242    .ARM.Collect$$libinit$$00000011  c_w.l(libinit2.o)
    0x08000202   0x00000000   Code   RO         2244    .ARM.Collect$$libinit$$00000013  c_w.l(libinit2.o)
    0x08000202   0x00000000   Code   RO         2246    .ARM.Collect$$libinit$$00000015  c_w.l(libinit2.o)
    0x08000202   0x00000000   Code   RO         2248    .ARM.Collect$$libinit$$00000017  c_w.l(libinit2.o)
    0x08000202   0x00000000   Code   RO         2250    .ARM.Collect$$libinit$$00000019  c_w.l(libinit2.o)
    0x08000202   0x00000000   Code   RO         2252    .ARM.Collect$$libinit$$0000001B  c_w.l(libinit2.o)
    0x08000202   0x00000000   Code   RO         2254    .ARM.Collect$$libinit$$0000001D  c_w.l(libinit2.o)
    0x08000202   0x00000000   Code   RO         2256    .ARM.Collect$$libinit$$0000001F  c_w.l(libinit2.o)
    0x08000202   0x00000000   Code   RO         2258    .ARM.Collect$$libinit$$00000021  c_w.l(libinit2.o)
    0x08000202   0x00000000   Code   RO         2260    .ARM.Collect$$libinit$$00000023  c_w.l(libinit2.o)
    0x08000202   0x00000000   Code   RO         2262    .ARM.Collect$$libinit$$00000025  c_w.l(libinit2.o)
    0x08000202   0x00000000   Code   RO         2266    .ARM.Collect$$libinit$$0000002C  c_w.l(libinit2.o)
    0x08000202   0x00000000   Code   RO         2268    .ARM.Collect$$libinit$$0000002E  c_w.l(libinit2.o)
    0x08000202   0x00000000   Code   RO         2270    .ARM.Collect$$libinit$$00000030  c_w.l(libinit2.o)
    0x08000202   0x00000000   Code   RO         2272    .ARM.Collect$$libinit$$00000032  c_w.l(libinit2.o)
    0x08000202   0x00000002   Code   RO         2273    .ARM.Collect$$libinit$$00000033  c_w.l(libinit2.o)
    0x08000204   0x00000002   Code   RO         2219    .ARM.Collect$$libshutdown$$00000000  c_w.l(libshutdown.o)
    0x08000206   0x00000000   Code   RO         2275    .ARM.Collect$$libshutdown$$00000002  c_w.l(libshutdown2.o)
    0x08000206   0x00000000   Code   RO         2277    .ARM.Collect$$libshutdown$$00000004  c_w.l(libshutdown2.o)
    0x08000206   0x00000000   Code   RO         2280    .ARM.Collect$$libshutdown$$00000007  c_w.l(libshutdown2.o)
    0x08000206   0x00000000   Code   RO         2283    .ARM.Collect$$libshutdown$$0000000A  c_w.l(libshutdown2.o)
    0x08000206   0x00000000   Code   RO         2285    .ARM.Collect$$libshutdown$$0000000C  c_w.l(libshutdown2.o)
    0x08000206   0x00000000   Code   RO         2288    .ARM.Collect$$libshutdown$$0000000F  c_w.l(libshutdown2.o)
    0x08000206   0x00000002   Code   RO         2289    .ARM.Collect$$libshutdown$$00000010  c_w.l(libshutdown2.o)
    0x08000208   0x00000000   Code   RO         2173    .ARM.Collect$$rtentry$$00000000  c_w.l(__rtentry.o)
    0x08000208   0x00000000   Code   RO         2181    .ARM.Collect$$rtentry$$00000002  c_w.l(__rtentry2.o)
    0x08000208   0x00000006   Code   RO         2193    .ARM.Collect$$rtentry$$00000004  c_w.l(__rtentry4.o)
    0x0800020e   0x00000000   Code   RO         2183    .ARM.Collect$$rtentry$$00000009  c_w.l(__rtentry2.o)
    0x0800020e   0x00000004   Code   RO         2184    .ARM.Collect$$rtentry$$0000000A  c_w.l(__rtentry2.o)
    0x08000212   0x00000008   Code   RO         2185    .ARM.Collect$$rtentry$$0000000B  c_w.l(__rtentry2.o)
    0x0800021a   0x00000008   Code   RO         2187    .ARM.Collect$$rtentry$$0000000D  c_w.l(__rtentry2.o)
    0x08000222   0x00000002   Code   RO         2174    .ARM.Collect$$rtexit$$00000000  c_w.l(rtexit.o)
    0x08000224   0x00000000   Code   RO         2196    .ARM.Collect$$rtexit$$00000002  c_w.l(rtexit2.o)
    0x08000224   0x00000004   Code   RO         2197    .ARM.Collect$$rtexit$$00000003  c_w.l(rtexit2.o)
    0x08000228   0x00000006   Code   RO         2198    .ARM.Collect$$rtexit$$00000004  c_w.l(rtexit2.o)
    0x0800022e   0x00000002   PAD
    0x08000230   0x0000001c   Code   RO          834    .emb_text           rtx_conf_cm.o
    0x0800024c   0x00000198   Code   RO         2145    .emb_text           RTX_CM4.lib(hal_cm4.o)
    0x080003e4   0x00000040   Code   RO          898  * .text               startup_stm32f407xx.o
    0x08000424   0x00000008   Code   RO         2160    .text               c_w.l(libspace.o)
    0x0800042c   0x00000012   Code   RO         2165    .text               c_w.l(exit.o)
    0x0800043e   0x00000064   Code   RO         2167    .text               c_w.l(rt_memcpy_w.o)
    0x080004a2   0x00000006   Code   RO         2169    .text               c_w.l(heapauxi.o)
    0x080004a8   0x0000000c   Code   RO         2204    .text               c_w.l(sys_exit.o)
    0x080004b4   0x0000004a   Code   RO         2206    .text               c_w.l(sys_stackheap_outer.o)
    0x080004fe   0x00000002   Code   RO         2220    .text               c_w.l(use_no_semi.o)
    0x08000500   0x00000000   Code   RO         2222    .text               c_w.l(indicate_semi.o)
    0x08000500   0x00000004   Code   RO         2155    SVC_TABLE           RTX_CM4.lib(svc_table.o)
    0x08000504   0x00000018   Code   RO          773    i.EXTI_GetITStatus  stm32f4xx_exti.o
    0x0800051c   0x00000094   Code   RO          774    i.EXTI_Init         stm32f4xx_exti.o
    0x080005b0   0x00000078   Code   RO          139    i.NVIC_Init         misc.o
    0x08000628   0x00000064   Code   RO          906    i.SystemInit        system_stm32f4xx.o
    0x0800068c   0x00000046   Code   RO         2039    i._init_box         RTX_CM4.lib(rt_membox.o)
    0x080006d2   0x00000002   PAD
    0x080006d4   0x00000020   Code   RO          836    i._mutex_acquire    rtx_conf_cm.o
    0x080006f4   0x0000001c   Code   RO          838    i._mutex_release    rtx_conf_cm.o
    0x08000710   0x00000030   Code   RO         2092    i.dbg_init          RTX_CM4.lib(hal_cm.o)
    0x08000740   0x00000020   Code   RO         2093    i.dbg_task_notify   RTX_CM4.lib(hal_cm.o)
    0x08000760   0x00000010   Code   RO         2094    i.dbg_task_switch   RTX_CM4.lib(hal_cm.o)
    0x08000770   0x0000002a   Code   RO          942    i.isrMessageGet     RTX_CM4.lib(rt_cmsis.o)
    0x0800079a   0x0000002c   Code   RO          943    i.isrMessagePut     RTX_CM4.lib(rt_cmsis.o)
    0x080007c6   0x00000002   PAD
    0x080007c8   0x00000052   Code   RO         1894    i.isr_mbx_receive   RTX_CM4.lib(rt_mailbox.o)
    0x0800081a   0x0000000e   Code   RO         1895    i.isr_mbx_send      RTX_CM4.lib(rt_mailbox.o)
    0x08000828   0x00000060   Code   RO            4    i.main              main.o
    0x08000888   0x00000024   Code   RO          947    i.osKernelInitialize  RTX_CM4.lib(rt_cmsis.o)
    0x080008ac   0x0000006c   Code   RO          949    i.osKernelStart     RTX_CM4.lib(rt_cmsis.o)
    0x08000918   0x00000018   Code   RO          958    i.osMessageGet      RTX_CM4.lib(rt_cmsis.o)
    0x08000930   0x00000030   Code   RO          975    i.osThreadCreate    RTX_CM4.lib(rt_cmsis.o)
    0x08000960   0x00000018   Code   RO          976    i.osThreadExit      RTX_CM4.lib(rt_cmsis.o)
    0x08000978   0x0000000c   Code   RO          982    i.osTimerCall       RTX_CM4.lib(rt_cmsis.o)
    0x08000984   0x0000002c   Code   RO          987    i.osTimerThread     RTX_CM4.lib(rt_cmsis.o)
    0x080009b0   0x00000022   Code   RO          839    i.os_error          rtx_conf_cm.o
    0x080009d2   0x00000004   Code   RO          840    i.os_idle_demon     rtx_conf_cm.o
    0x080009d6   0x00000002   PAD
    0x080009d8   0x00000028   Code   RO         1686    i.os_tick_init      RTX_CM4.lib(rt_system.o)
    0x08000a00   0x00000002   Code   RO         1687    i.os_tick_irqack    RTX_CM4.lib(rt_system.o)
    0x08000a02   0x0000001a   Code   RO         2040    i.rt_alloc_box      RTX_CM4.lib(rt_membox.o)
    0x08000a1c   0x0000003e   Code   RO         2068    i.rt_alloc_mem      RTX_CM4.lib(rt_memory.o)
    0x08000a5a   0x00000002   PAD
    0x08000a5c   0x00000038   Code   RO         1567    i.rt_block          RTX_CM4.lib(rt_task.o)
    0x08000a94   0x00000048   Code   RO         2017    i.rt_chk_robin      RTX_CM4.lib(rt_robin.o)
    0x08000adc   0x00000070   Code   RO         1818    i.rt_dec_dly        RTX_CM4.lib(rt_list.o)
    0x08000b4c   0x00000044   Code   RO         1568    i.rt_dispatch       RTX_CM4.lib(rt_task.o)
    0x08000b90   0x00000050   Code   RO         1779    i.rt_evt_psh        RTX_CM4.lib(rt_event.o)
    0x08000be0   0x0000002c   Code   RO         2041    i.rt_free_box       RTX_CM4.lib(rt_membox.o)
    0x08000c0c   0x00000028   Code   RO         2069    i.rt_free_mem       RTX_CM4.lib(rt_memory.o)
    0x08000c34   0x00000028   Code   RO         1819    i.rt_get_first      RTX_CM4.lib(rt_list.o)
    0x08000c5c   0x00000008   Code   RO          992    i.rt_id2obj         RTX_CM4.lib(rt_cmsis.o)
    0x08000c64   0x00000048   Code   RO         1569    i.rt_init_context   RTX_CM4.lib(rt_task.o)
    0x08000cac   0x0000001a   Code   RO         2070    i.rt_init_mem       RTX_CM4.lib(rt_memory.o)
    0x08000cc6   0x00000002   PAD
    0x08000cc8   0x00000018   Code   RO         2018    i.rt_init_robin     RTX_CM4.lib(rt_robin.o)
    0x08000ce0   0x00000080   Code   RO         2095    i.rt_init_stack     RTX_CM4.lib(hal_cm.o)
    0x08000d60   0x00000008   Code   RO         1896    i.rt_mbx_check      RTX_CM4.lib(rt_mailbox.o)
    0x08000d68   0x0000001a   Code   RO         1897    i.rt_mbx_init       RTX_CM4.lib(rt_mailbox.o)
    0x08000d82   0x00000002   PAD
    0x08000d84   0x000000f0   Code   RO         1898    i.rt_mbx_psh        RTX_CM4.lib(rt_mailbox.o)
    0x08000e74   0x000000b4   Code   RO         1900    i.rt_mbx_wait       RTX_CM4.lib(rt_mailbox.o)
    0x08000f28   0x00000044   Code   RO          993    i.rt_ms2tick        RTX_CM4.lib(rt_cmsis.o)
    0x08000f6c   0x000000d8   Code   RO         1653    i.rt_mut_release    RTX_CM4.lib(rt_mutex.o)
    0x08001044   0x00000068   Code   RO         1654    i.rt_mut_wait       RTX_CM4.lib(rt_mutex.o)
    0x080010ac   0x0000007c   Code   RO         1690    i.rt_pop_req        RTX_CM4.lib(rt_system.o)
    0x08001128   0x00000020   Code   RO         1691    i.rt_psh_req        RTX_CM4.lib(rt_system.o)
    0x08001148   0x0000005c   Code   RO         1821    i.rt_psq_enq        RTX_CM4.lib(rt_list.o)
    0x080011a4   0x00000048   Code   RO         1822    i.rt_put_dly        RTX_CM4.lib(rt_list.o)
    0x080011ec   0x00000036   Code   RO         1823    i.rt_put_prio       RTX_CM4.lib(rt_list.o)
    0x08001222   0x00000002   PAD
    0x08001224   0x00000014   Code   RO         1824    i.rt_put_rdy_first  RTX_CM4.lib(rt_list.o)
    0x08001238   0x00000034   Code   RO         1825    i.rt_resort_prio    RTX_CM4.lib(rt_list.o)
    0x0800126c   0x00000010   Code   RO         2096    i.rt_ret_regs       RTX_CM4.lib(hal_cm.o)
    0x0800127c   0x0000000c   Code   RO         2097    i.rt_ret_val        RTX_CM4.lib(hal_cm.o)
    0x08001288   0x00000010   Code   RO         2098    i.rt_ret_val2       RTX_CM4.lib(hal_cm.o)
    0x08001298   0x00000028   Code   RO         1826    i.rt_rmv_dly        RTX_CM4.lib(rt_list.o)
    0x080012c0   0x00000030   Code   RO         1827    i.rt_rmv_list       RTX_CM4.lib(rt_list.o)
    0x080012f0   0x00000034   Code   RO         1945    i.rt_sem_psh        RTX_CM4.lib(rt_semaphore.o)
    0x08001324   0x00000024   Code   RO         1693    i.rt_stk_check      RTX_CM4.lib(rt_system.o)
    0x08001348   0x00000028   Code   RO         1570    i.rt_switch_req     RTX_CM4.lib(rt_task.o)
    0x08001370   0x000000cc   Code   RO         1571    i.rt_sys_init       RTX_CM4.lib(rt_task.o)
    0x0800143c   0x00000078   Code   RO         1572    i.rt_sys_start      RTX_CM4.lib(rt_task.o)
    0x080014b4   0x00000040   Code   RO         1695    i.rt_systick        RTX_CM4.lib(rt_system.o)
    0x080014f4   0x00000012   Code   RO          994    i.rt_tid2ptcb       RTX_CM4.lib(rt_cmsis.o)
    0x08001506   0x00000002   PAD
    0x08001508   0x00000034   Code   RO          995    i.rt_timer_insert   RTX_CM4.lib(rt_cmsis.o)
    0x0800153c   0x00000088   Code   RO         1573    i.rt_tsk_create     RTX_CM4.lib(rt_task.o)
    0x080015c4   0x0000017c   Code   RO         1574    i.rt_tsk_delete     RTX_CM4.lib(rt_task.o)
    0x08001740   0x0000007c   Code   RO         1576    i.rt_tsk_prio       RTX_CM4.lib(rt_task.o)
    0x080017bc   0x00000010   Code   RO         1577    i.rt_tsk_self       RTX_CM4.lib(rt_task.o)
    0x080017cc   0x00000070   Code   RO          998    i.svcKernelInitialize  RTX_CM4.lib(rt_cmsis.o)
    0x0800183c   0x00000048   Code   RO         1000    i.svcKernelStart    RTX_CM4.lib(rt_cmsis.o)
    0x08001884   0x00000024   Code   RO         1003    i.svcMessageCreate  RTX_CM4.lib(rt_cmsis.o)
    0x080018a8   0x0000003a   Code   RO         1004    i.svcMessageGet     RTX_CM4.lib(rt_cmsis.o)
    0x080018e2   0x00000002   PAD
    0x080018e4   0x00000070   Code   RO         1018    i.svcThreadCreate   RTX_CM4.lib(rt_cmsis.o)
    0x08001954   0x0000001c   Code   RO         1019    i.svcThreadGetId    RTX_CM4.lib(rt_cmsis.o)
    0x08001970   0x00000038   Code   RO         1022    i.svcThreadTerminate  RTX_CM4.lib(rt_cmsis.o)
    0x080019a8   0x00000018   Code   RO         1024    i.svcTimerCall      RTX_CM4.lib(rt_cmsis.o)
    0x080019c0   0x0000005c   Code   RO         1033    i.sysTimerTick      RTX_CM4.lib(rt_cmsis.o)
    0x08001a1c   0x0000000a   Code   RO         2296    x$fpl$fpinit        fz_wm.l(fpinit.o)
    0x08001a26   0x00000002   PAD
    0x08001a28   0x00000028   Data   RO            5    .constdata          main.o
    0x08001a50   0x00000056   Data   RO          842    .constdata          rtx_conf_cm.o
    0x08001aa6   0x00000002   PAD
    0x08001aa8   0x00000020   Data   RO         2330    Region$$Table       anon$$obj.o


    Execution Region ER_RW (Base: 0x20000000, Size: 0x0000004c, Max: 0xffffffff, ABSOLUTE)

    Base Addr    Size         Type   Attr      Idx    E Section Name        Object

    0x20000000   0x00000024   Data   RW          843    .data               rtx_conf_cm.o
    0x20000024   0x00000008   Data   RW         1036    .data               RTX_CM4.lib(rt_cmsis.o)
    0x2000002c   0x00000008   Data   RW         1579    .data               RTX_CM4.lib(rt_task.o)
    0x20000034   0x00000008   Data   RW         1698    .data               RTX_CM4.lib(rt_system.o)
    0x2000003c   0x00000004   Data   RW         1988    .data               RTX_CM4.lib(rt_time.o)
    0x20000040   0x00000008   Data   RW         2019    .data               RTX_CM4.lib(rt_robin.o)
    0x20000048   0x00000001   Data   RW         2099    .data               RTX_CM4.lib(hal_cm.o)


    Execution Region ER_ZI (Base: 0x2000004c, Size: 0x00001294, Max: 0xffffffff, ABSOLUTE)

    Base Addr    Size         Type   Attr      Idx    E Section Name        Object

    0x2000004c   0x00000004   PAD
    0x20000050   0x00000bc8   Zero   RW          841    .bss                rtx_conf_cm.o
    0x20000c18   0x00000034   Zero   RW         1578    .bss                RTX_CM4.lib(rt_task.o)
    0x20000c4c   0x00000030   Zero   RW         1828    .bss                RTX_CM4.lib(rt_list.o)
    0x20000c7c   0x00000060   Zero   RW         2161    .bss                c_w.l(libspace.o)
    0x20000cdc   0x00000004   PAD
    0x20000ce0   0x00000200   Zero   RW          896    HEAP                startup_stm32f407xx.o
    0x20000ee0   0x00000400   Zero   RW          895    STACK               startup_stm32f407xx.o


==============================================================================

Image component sizes


      Code (inc. data)   RO Data    RW Data    ZI Data      Debug   Object Name

        96          4         40          0          0     236311   main.o
       120         14          0          0          0       2688   misc.o
       126         26         86         36       3016       9311   rtx_conf_cm.o
        64         26        392          0       1536        864   startup_stm32f407xx.o
       172         10          0          0          0       3931   stm32f4xx_exti.o
       100         18          0          0          0        537   system_stm32f4xx.o

    ----------------------------------------------------------------------
       680         98        552         36       4552     253642   Object Totals
         0          0         32          0          0          0   (incl. Generated)
         2          0          2          0          0          0   (incl. Padding)

    ----------------------------------------------------------------------

      Code (inc. data)   RO Data    RW Data    ZI Data      Debug   Library Member Name

       268         24          0          1          0       4452   hal_cm.o
       408         34          0          0          0        816   hal_cm4.o
      1118        140          0          8          0      33869   rt_cmsis.o
        80          4          0          0          0        701   rt_event.o
       530         34          0          0         48       8597   rt_list.o
       550         10          0          0          0       4185   rt_mailbox.o
       140          0          0          0          0       2045   rt_membox.o
       128          0          0          0          0       2419   rt_memory.o
       320         12          0          0          0       1699   rt_mutex.o
        96         22          0          8          0       1230   rt_robin.o
        52          4          0          0          0        613   rt_semaphore.o
       298         52          0          8          0       6439   rt_system.o
      1216        174          0          8         52      10025   rt_task.o
         0          0          0          4          0        206   rt_time.o
         4          4          0          0          0        200   svc_table.o
         8          0          0          0          0         68   __main.o
         0          0          0          0          0          0   __rtentry.o
        20          0          0          0          0          0   __rtentry2.o
         6          0          0          0          0          0   __rtentry4.o
        52          8          0          0          0          0   __scatter.o
        26          0          0          0          0          0   __scatter_copy.o
        28          0          0          0          0          0   __scatter_zi.o
        18          0          0          0          0         80   exit.o
         6          0          0          0          0        152   heapauxi.o
         0          0          0          0          0          0   indicate_semi.o
         2          0          0          0          0          0   libinit.o
         6          0          0          0          0          0   libinit2.o
         2          0          0          0          0          0   libshutdown.o
         2          0          0          0          0          0   libshutdown2.o
         8          4          0          0         96         68   libspace.o
       100          0          0          0          0         80   rt_memcpy_w.o
         2          0          0          0          0          0   rtexit.o
        10          0          0          0          0          0   rtexit2.o
        12          4          0          0          0         68   sys_exit.o
        74          0          0          0          0         80   sys_stackheap_outer.o
         2          0          0          0          0         68   use_no_semi.o
        10          0          0          0          0        116   fpinit.o

    ----------------------------------------------------------------------
      5624        530          0         40        204      78276   Library Totals
        22          0          0          3          8          0   (incl. Padding)

    ----------------------------------------------------------------------

      Code (inc. data)   RO Data    RW Data    ZI Data      Debug   Library Name

      5208        514          0         37        100      77496   RTX_CM4.lib
       384         16          0          0         96        664   c_w.l
        10          0          0          0          0        116   fz_wm.l

    ----------------------------------------------------------------------
      5624        530          0         40        204      78276   Library Totals

    ----------------------------------------------------------------------

==============================================================================


      Code (inc. data)   RO Data    RW Data    ZI Data      Debug   

      6304        628        552         76       4756     324410   Grand Totals
      6304        628        552         76       4756     324410   ELF Image Totals
      6304        628        552         76          0          0   ROM Totals

==============================================================================

    Total RO  Size (Code + RO Data)                 6856 (   6.70kB)
    Total RW  Size (RW Data + ZI Data)              4832 (   4.72kB)
    Total ROM Size (Code + RO Data + RW Data)       6932 (   6.77kB)

==============================================================================

